11:07:44 == seasons: 40 years
11:07:45   GET https://www.sports-reference.com/cbb/schools/connecticut/men/1987.html (264 KB)
11:07:48   GET https://www.sports-reference.com/cbb/schools/connecticut/men/1987-schedule.html (176 KB)
11:07:52   GET https://www.sports-reference.com/cbb/schools/connecticut/men/1988.html (280 KB)
11:07:55   GET https://www.sports-reference.com/cbb/schools/connecticut/men/1988-schedule.html (186 KB)
11:07:58   GET https://www.sports-reference.com/cbb/schools/connecticut/men/1989.html (274 KB)
11:08:02   GET https://www.sports-reference.com/cbb/schools/connecticut/men/1989-schedule.html (183 KB)
11:08:06   GET https://www.sports-reference.com/cbb/schools/connecticut/men/1990.html (276 KB)
11:08:09   GET https://www.sports-reference.com/cbb/schools/connecticut/men/1990-schedule.html (192 KB)
11:08:13   GET https://www.sports-reference.com/cbb/schools/connecticut/men/1991.html (275 KB)
11:08:16   GET https://www.sports-reference.com/cbb/schools/connecticut/men/1991-schedule.html (184 KB)
11:08:20   GET https://www.sports-reference.com/cbb/schools/connecticut/men/1992.html (281 KB)
11:08:23   GET https://www.sports-reference.com/cbb/schools/connecticut/men/1992-schedule.html (183 KB)
11:08:26   GET https://www.sports-reference.com/cbb/schools/connecticut/men/1993.html (302 KB)
11:08:30   GET https://www.sports-reference.com/cbb/schools/connecticut/men/1993-schedule.html (177 KB)
11:08:34   GET https://www.sports-reference.com/cbb/schools/connecticut/men/1994.html (314 KB)
11:08:37   GET https://www.sports-reference.com/cbb/schools/connecticut/men/1994-schedule.html (187 KB)
11:08:41   GET https://www.sports-reference.com/cbb/schools/connecticut/men/1995.html (328 KB)
11:08:44   GET https://www.sports-reference.com/cbb/schools/connecticut/men/1995-schedule.html (187 KB)
11:08:48   GET https://www.sports-reference.com/cbb/schools/connecticut/men/1996.html (333 KB)
11:08:51   GET https://www.sports-reference.com/cbb/schools/connecticut/men/1996-schedule.html (189 KB)
11:08:55   GET https://www.sports-reference.com/cbb/schools/connecticut/men/1997.html (325 KB)
11:08:58   GET https://www.sports-reference.com/cbb/schools/connecticut/men/1997-schedule.html (185 KB)
11:09:02   GET https://www.sports-reference.com/cbb/schools/connecticut/men/1998.html (335 KB)
11:09:05   GET https://www.sports-reference.com/cbb/schools/connecticut/men/1998-schedule.html (193 KB)
11:09:09   GET https://www.sports-reference.com/cbb/schools/connecticut/men/2000.html (342 KB)
11:09:12   GET https://www.sports-reference.com/cbb/schools/connecticut/men/2000-schedule.html (189 KB)
11:09:16   GET https://www.sports-reference.com/cbb/schools/connecticut/men/2001.html (339 KB)
11:09:19   GET https://www.sports-reference.com/cbb/schools/connecticut/men/2001-schedule.html (184 KB)
11:09:23   GET https://www.sports-reference.com/cbb/schools/connecticut/men/2002.html (455 KB)
11:09:26   GET https://www.sports-reference.com/cbb/schools/connecticut/men/2002-schedule.html (188 KB)
11:09:30   GET https://www.sports-reference.com/cbb/schools/connecticut/men/2003.html (347 KB)
11:09:33   GET https://www.sports-reference.com/cbb/schools/connecticut/men/2003-schedule.html (187 KB)
11:09:37   GET https://www.sports-reference.com/cbb/schools/connecticut/men/2004.html (338 KB)
11:09:40   GET https://www.sports-reference.com/cbb/schools/connecticut/men/2004-schedule.html (196 KB)
11:09:44   GET https://www.sports-reference.com/cbb/schools/connecticut/men/2005.html (446 KB)
11:09:47   GET https://www.sports-reference.com/cbb/schools/connecticut/men/2005-schedule.html (187 KB)
11:09:51   GET https://www.sports-reference.com/cbb/schools/connecticut/men/2006.html (456 KB)
11:09:54   GET https://www.sports-reference.com/cbb/schools/connecticut/men/2006-schedule.html (193 KB)
11:09:58   GET https://www.sports-reference.com/cbb/schools/connecticut/men/2007.html (452 KB)
11:10:01   GET https://www.sports-reference.com/cbb/schools/connecticut/men/2007-schedule.html (185 KB)
11:10:05   GET https://www.sports-reference.com/cbb/schools/connecticut/men/2008.html (477 KB)
11:10:08   GET https://www.sports-reference.com/cbb/schools/connecticut/men/2008-schedule.html (191 KB)
11:10:12   GET https://www.sports-reference.com/cbb/schools/connecticut/men/2009.html (487 KB)
11:10:15   GET https://www.sports-reference.com/cbb/schools/connecticut/men/2009-schedule.html (197 KB)
11:10:19   GET https://www.sports-reference.com/cbb/schools/connecticut/men/2010.html (512 KB)
11:10:22   GET https://www.sports-reference.com/cbb/schools/connecticut/men/2010-schedule.html (192 KB)
11:10:26   GET https://www.sports-reference.com/cbb/schools/connecticut/men/2011.html (518 KB)
11:10:29   GET https://www.sports-reference.com/cbb/schools/connecticut/men/2011-schedule.html (204 KB)
11:10:33   GET https://www.sports-reference.com/cbb/schools/connecticut/men/2012.html (554 KB)
11:10:36   GET https://www.sports-reference.com/cbb/schools/connecticut/men/2012-schedule.html (192 KB)
11:10:40   GET https://www.sports-reference.com/cbb/schools/connecticut/men/2013.html (590 KB)
11:10:43   GET https://www.sports-reference.com/cbb/schools/connecticut/men/2013-schedule.html (182 KB)
11:10:47   GET https://www.sports-reference.com/cbb/schools/connecticut/men/2014.html (581 KB)
11:10:50   GET https://www.sports-reference.com/cbb/schools/connecticut/men/2014-schedule.html (203 KB)
11:10:54   GET https://www.sports-reference.com/cbb/schools/connecticut/men/2015.html (546 KB)
11:10:57   GET https://www.sports-reference.com/cbb/schools/connecticut/men/2015-schedule.html (195 KB)
11:11:01   GET https://www.sports-reference.com/cbb/schools/connecticut/men/2016.html (549 KB)
11:11:04   GET https://www.sports-reference.com/cbb/schools/connecticut/men/2016-schedule.html (197 KB)
11:11:08   GET https://www.sports-reference.com/cbb/schools/connecticut/men/2017.html (528 KB)
11:11:11   GET https://www.sports-reference.com/cbb/schools/connecticut/men/2017-schedule.html (190 KB)
11:11:15   GET https://www.sports-reference.com/cbb/schools/connecticut/men/2018.html (552 KB)
11:11:18   GET https://www.sports-reference.com/cbb/schools/connecticut/men/2018-schedule.html (189 KB)
11:11:22   GET https://www.sports-reference.com/cbb/schools/connecticut/men/2019.html (547 KB)
11:11:25   GET https://www.sports-reference.com/cbb/schools/connecticut/men/2019-schedule.html (190 KB)
11:11:29   GET https://www.sports-reference.com/cbb/schools/connecticut/men/2020.html (507 KB)
11:11:32   GET https://www.sports-reference.com/cbb/schools/connecticut/men/2020-schedule.html (184 KB)
11:11:36   GET https://www.sports-reference.com/cbb/schools/connecticut/men/2021.html (541 KB)
11:11:39   GET https://www.sports-reference.com/cbb/schools/connecticut/men/2021-schedule.html (176 KB)
11:11:43   GET https://www.sports-reference.com/cbb/schools/connecticut/men/2022.html (539 KB)
11:11:46   GET https://www.sports-reference.com/cbb/schools/connecticut/men/2022-schedule.html (193 KB)
11:11:50   GET https://www.sports-reference.com/cbb/schools/connecticut/men/2023.html (595 KB)
11:11:53   GET https://www.sports-reference.com/cbb/schools/connecticut/men/2023-schedule.html (204 KB)
11:11:57   GET https://www.sports-reference.com/cbb/schools/connecticut/men/2025.html (511 KB)
11:12:00   GET https://www.sports-reference.com/cbb/schools/connecticut/men/2025-schedule.html (196 KB)
11:12:04   GET https://www.sports-reference.com/cbb/schools/connecticut/men/2026.html (558 KB)
11:12:07   GET https://www.sports-reference.com/cbb/schools/connecticut/men/2026-schedule.html (205 KB)
11:12:07 == build
11:12:21   built 40 seasons, 1 boxscores, 1 players
11:12:25 == boxscores: 795 linked, 794 to download
11:12:25   GET https://www.sports-reference.com/cbb/boxscores/1990-03-15-boston-university.html (186 KB)
11:12:25   box progress 0/794
11:12:28   GET https://www.sports-reference.com/cbb/boxscores/1990-03-17-california.html (183 KB)
11:12:32   GET https://www.sports-reference.com/cbb/boxscores/1990-03-22-clemson.html (178 KB)
11:12:35   GET https://www.sports-reference.com/cbb/boxscores/1990-03-24-connecticut.html (173 KB)
11:12:39   GET https://www.sports-reference.com/cbb/boxscores/1991-03-14-connecticut.html (182 KB)
11:12:42   GET https://www.sports-reference.com/cbb/boxscores/1991-03-16-connecticut.html (185 KB)
11:12:46   GET https://www.sports-reference.com/cbb/boxscores/1991-03-22-connecticut.html (176 KB)
11:12:49   GET https://www.sports-reference.com/cbb/boxscores/1992-03-19-connecticut.html (181 KB)
11:12:53   GET https://www.sports-reference.com/cbb/boxscores/1992-03-21-connecticut.html (180 KB)
11:12:56   GET https://www.sports-reference.com/cbb/boxscores/1994-03-17-connecticut.html (183 KB)
11:13:00   GET https://www.sports-reference.com/cbb/boxscores/1994-03-19-connecticut.html (181 KB)
11:13:03   GET https://www.sports-reference.com/cbb/boxscores/1994-03-25-connecticut.html (176 KB)
11:13:07   GET https://www.sports-reference.com/cbb/boxscores/1995-03-16-chattanooga.html (190 KB)
11:13:10   GET https://www.sports-reference.com/cbb/boxscores/1995-03-18-cincinnati.html (177 KB)
11:13:14   GET https://www.sports-reference.com/cbb/boxscores/1995-03-23-connecticut.html (181 KB)
11:13:17   GET https://www.sports-reference.com/cbb/boxscores/1995-03-25-connecticut.html (171 KB)
11:13:21   GET https://www.sports-reference.com/cbb/boxscores/1996-03-14-colgate.html (181 KB)
11:13:24   GET https://www.sports-reference.com/cbb/boxscores/1996-03-16-connecticut.html (183 KB)
11:13:28   GET https://www.sports-reference.com/cbb/boxscores/1996-03-22-connecticut.html (170 KB)
11:13:31   GET https://www.sports-reference.com/cbb/boxscores/1998-03-12-connecticut.html (182 KB)
11:13:35   GET https://www.sports-reference.com/cbb/boxscores/1998-03-14-connecticut.html (175 KB)
11:13:38   GET https://www.sports-reference.com/cbb/boxscores/1998-03-19-connecticut.html (176 KB)
11:13:42   GET https://www.sports-reference.com/cbb/boxscores/1998-03-21-connecticut.html (171 KB)
11:13:45   GET https://www.sports-reference.com/cbb/boxscores/1999-03-11-connecticut.html (181 KB)
11:13:49   GET https://www.sports-reference.com/cbb/boxscores/1999-03-13-connecticut.html (177 KB)
11:13:53   GET https://www.sports-reference.com/cbb/boxscores/1999-03-18-connecticut.html (181 KB)
11:13:53   box progress 25/794
11:13:56   GET https://www.sports-reference.com/cbb/boxscores/1999-03-20-connecticut.html (173 KB)
11:13:59   GET https://www.sports-reference.com/cbb/boxscores/1999-03-27-connecticut.html (172 KB)
11:14:03   GET https://www.sports-reference.com/cbb/boxscores/2000-03-17-connecticut.html (187 KB)
11:14:06   GET https://www.sports-reference.com/cbb/boxscores/2000-03-19-connecticut.html (179 KB)
11:14:10   GET https://www.sports-reference.com/cbb/boxscores/2002-01-10-connecticut.html (176 KB)
11:14:13   GET https://www.sports-reference.com/cbb/boxscores/2002-03-15-connecticut.html (181 KB)
11:14:17   GET https://www.sports-reference.com/cbb/boxscores/2002-03-17-connecticut.html (174 KB)
11:14:21   GET https://www.sports-reference.com/cbb/boxscores/2002-03-22-connecticut.html (174 KB)
11:14:24   GET https://www.sports-reference.com/cbb/boxscores/2002-03-24-connecticut.html (173 KB)
11:14:27   GET https://www.sports-reference.com/cbb/boxscores/2003-03-20-brigham-young.html (185 KB)
11:14:31   GET https://www.sports-reference.com/cbb/boxscores/2003-03-22-connecticut.html (179 KB)
11:14:34   GET https://www.sports-reference.com/cbb/boxscores/2003-03-28-connecticut.html (175 KB)
11:14:38   GET https://www.sports-reference.com/cbb/boxscores/2004-03-18-connecticut.html (184 KB)
11:14:41   GET https://www.sports-reference.com/cbb/boxscores/2004-03-20-connecticut.html (177 KB)
11:14:45   GET https://www.sports-reference.com/cbb/boxscores/2004-03-25-connecticut.html (175 KB)
11:14:48   GET https://www.sports-reference.com/cbb/boxscores/2004-03-27-alabama.html (171 KB)
11:14:52   GET https://www.sports-reference.com/cbb/boxscores/2004-04-03-connecticut.html (171 KB)
11:14:55   GET https://www.sports-reference.com/cbb/boxscores/2004-04-05-connecticut.html (173 KB)
11:14:59   GET https://www.sports-reference.com/cbb/boxscores/2004-11-20-connecticut.html (227 KB)
11:15:03   GET https://www.sports-reference.com/cbb/boxscores/2004-11-30-connecticut.html (226 KB)
11:15:06   GET https://www.sports-reference.com/cbb/boxscores/2004-12-04-connecticut.html (220 KB)
11:15:10   GET https://www.sports-reference.com/cbb/boxscores/2004-12-06-connecticut.html (228 KB)
11:15:13   GET https://www.sports-reference.com/cbb/boxscores/2004-12-22-connecticut.html (226 KB)
11:15:17   GET https://www.sports-reference.com/cbb/boxscores/2004-12-28-connecticut.html (217 KB)
11:15:20   GET https://www.sports-reference.com/cbb/boxscores/2004-12-30-connecticut.html (230 KB)
11:15:20   box progress 50/794
11:15:24   GET https://www.sports-reference.com/cbb/boxscores/2005-01-05-connecticut.html (210 KB)
11:15:27   GET https://www.sports-reference.com/cbb/boxscores/2005-01-08-georgetown.html (214 KB)
11:15:31   GET https://www.sports-reference.com/cbb/boxscores/2005-01-10-oklahoma.html (210 KB)
11:15:34   GET https://www.sports-reference.com/cbb/boxscores/2005-01-15-connecticut.html (211 KB)
11:15:38   GET https://www.sports-reference.com/cbb/boxscores/2005-01-17-seton-hall.html (209 KB)
11:15:41   GET https://www.sports-reference.com/cbb/boxscores/2005-01-22-connecticut.html (214 KB)
11:15:45   GET https://www.sports-reference.com/cbb/boxscores/2005-01-25-west-virginia.html (214 KB)
11:15:48   GET https://www.sports-reference.com/cbb/boxscores/2005-01-30-notre-dame.html (207 KB)
11:15:52   GET https://www.sports-reference.com/cbb/boxscores/2005-02-02-connecticut.html (211 KB)
11:15:55   GET https://www.sports-reference.com/cbb/boxscores/2005-02-05-connecticut.html (212 KB)
11:15:59   GET https://www.sports-reference.com/cbb/boxscores/2005-02-07-syracuse.html (208 KB)
11:16:02   GET https://www.sports-reference.com/cbb/boxscores/2005-02-13-connecticut.html (213 KB)
11:16:06   GET https://www.sports-reference.com/cbb/boxscores/2005-02-15-providence.html (210 KB)
11:16:09   GET https://www.sports-reference.com/cbb/boxscores/2005-02-19-rutgers.html (216 KB)
11:16:13   GET https://www.sports-reference.com/cbb/boxscores/2005-02-21-connecticut.html (211 KB)
11:16:16   GET https://www.sports-reference.com/cbb/boxscores/2005-02-26-pittsburgh.html (212 KB)
11:16:20   GET https://www.sports-reference.com/cbb/boxscores/2005-03-02-connecticut.html (221 KB)
11:16:23   GET https://www.sports-reference.com/cbb/boxscores/2005-03-05-connecticut.html (218 KB)
11:16:27   GET https://www.sports-reference.com/cbb/boxscores/2005-03-10-georgetown.html (213 KB)
11:16:30   GET https://www.sports-reference.com/cbb/boxscores/2005-03-11-connecticut.html (214 KB)
11:16:34   GET https://www.sports-reference.com/cbb/boxscores/2005-03-18-central-florida.html (223 KB)
11:16:37   GET https://www.sports-reference.com/cbb/boxscores/2005-03-20-connecticut.html (220 KB)
11:16:41   GET https://www.sports-reference.com/cbb/boxscores/2005-11-18-pepperdine.html (221 KB)
11:16:44   GET https://www.sports-reference.com/cbb/boxscores/2005-11-21-arkansas.html (215 KB)
11:16:48   GET https://www.sports-reference.com/cbb/boxscores/2005-11-22-arizona.html (221 KB)
11:16:48   box progress 75/794
11:16:51   GET https://www.sports-reference.com/cbb/boxscores/2005-11-23-gonzaga.html (217 KB)
11:16:55   GET https://www.sports-reference.com/cbb/boxscores/2005-12-02-connecticut.html (231 KB)
11:16:58   GET https://www.sports-reference.com/cbb/boxscores/2005-12-08-connecticut.html (213 KB)
11:17:02   GET https://www.sports-reference.com/cbb/boxscores/2005-12-18-connecticut.html (224 KB)
11:17:05   GET https://www.sports-reference.com/cbb/boxscores/2005-12-23-connecticut.html (224 KB)
11:17:09   GET https://www.sports-reference.com/cbb/boxscores/2005-12-28-connecticut.html (223 KB)
11:17:12   GET https://www.sports-reference.com/cbb/boxscores/2005-12-30-connecticut.html (224 KB)
11:17:16   GET https://www.sports-reference.com/cbb/boxscores/2006-01-03-marquette.html (218 KB)
11:17:19   GET https://www.sports-reference.com/cbb/boxscores/2006-01-07-connecticut.html (212 KB)
11:17:23   GET https://www.sports-reference.com/cbb/boxscores/2006-01-09-connecticut.html (210 KB)
11:17:26   GET https://www.sports-reference.com/cbb/boxscores/2006-01-14-connecticut.html (216 KB)
11:17:30   GET https://www.sports-reference.com/cbb/boxscores/2006-01-16-syracuse.html (209 KB)
11:17:33   GET https://www.sports-reference.com/cbb/boxscores/2006-01-21-louisville.html (217 KB)
11:17:37   GET https://www.sports-reference.com/cbb/boxscores/2006-01-25-connecticut.html (214 KB)
11:17:40   GET https://www.sports-reference.com/cbb/boxscores/2006-01-28-providence.html (212 KB)
11:17:44   GET https://www.sports-reference.com/cbb/boxscores/2006-01-31-connecticut.html (217 KB)
11:17:47   GET https://www.sports-reference.com/cbb/boxscores/2006-02-04-indiana.html (217 KB)
11:17:51   GET https://www.sports-reference.com/cbb/boxscores/2006-02-08-connecticut.html (214 KB)
11:17:54   GET https://www.sports-reference.com/cbb/boxscores/2006-02-11-seton-hall.html (214 KB)
11:17:58   GET https://www.sports-reference.com/cbb/boxscores/2006-02-13-villanova.html (207 KB)
11:18:01   GET https://www.sports-reference.com/cbb/boxscores/2006-02-18-west-virginia.html (210 KB)
11:18:05   GET https://www.sports-reference.com/cbb/boxscores/2006-02-21-connecticut.html (206 KB)
11:18:08   GET https://www.sports-reference.com/cbb/boxscores/2006-02-26-connecticut.html (208 KB)
11:18:12   GET https://www.sports-reference.com/cbb/boxscores/2006-03-01-south-florida.html (211 KB)
11:18:15   GET https://www.sports-reference.com/cbb/boxscores/2006-03-04-connecticut.html (216 KB)
11:18:15   box progress 100/794
11:18:19   GET https://www.sports-reference.com/cbb/boxscores/2006-03-09-connecticut.html (209 KB)
11:18:22   GET https://www.sports-reference.com/cbb/boxscores/2006-03-17-albany-ny.html (225 KB)
11:18:26   GET https://www.sports-reference.com/cbb/boxscores/2006-03-19-connecticut.html (222 KB)
11:18:29   GET https://www.sports-reference.com/cbb/boxscores/2006-03-24-connecticut.html (215 KB)
11:18:33   GET https://www.sports-reference.com/cbb/boxscores/2006-03-26-connecticut.html (214 KB)
11:18:36   GET https://www.sports-reference.com/cbb/boxscores/2006-11-10-connecticut.html (219 KB)
11:18:40   GET https://www.sports-reference.com/cbb/boxscores/2006-11-17-connecticut.html (226 KB)
11:18:43   GET https://www.sports-reference.com/cbb/boxscores/2006-11-18-connecticut.html (222 KB)
11:18:47   GET https://www.sports-reference.com/cbb/boxscores/2006-11-19-connecticut.html (217 KB)
11:18:50   GET https://www.sports-reference.com/cbb/boxscores/2006-11-26-connecticut.html (226 KB)
11:18:54   GET https://www.sports-reference.com/cbb/boxscores/2006-11-29-connecticut.html (225 KB)
11:18:57   GET https://www.sports-reference.com/cbb/boxscores/2006-12-03-connecticut.html (227 KB)
11:19:01   GET https://www.sports-reference.com/cbb/boxscores/2006-12-06-connecticut.html (232 KB)
11:19:04   GET https://www.sports-reference.com/cbb/boxscores/2006-12-17-connecticut.html (223 KB)
11:19:08   GET https://www.sports-reference.com/cbb/boxscores/2006-12-20-connecticut.html (215 KB)
11:19:11   GET https://www.sports-reference.com/cbb/boxscores/2006-12-27-connecticut.html (230 KB)
11:19:15   GET https://www.sports-reference.com/cbb/boxscores/2006-12-30-west-virginia.html (217 KB)
11:19:18   GET https://www.sports-reference.com/cbb/boxscores/2007-01-02-connecticut.html (214 KB)
11:19:22   GET https://www.sports-reference.com/cbb/boxscores/2007-01-06-louisiana-state.html (216 KB)
11:19:25   GET https://www.sports-reference.com/cbb/boxscores/2007-01-10-connecticut.html (217 KB)
11:19:29   GET https://www.sports-reference.com/cbb/boxscores/2007-01-13-st-johns-ny.html (214 KB)
11:19:32   GET https://www.sports-reference.com/cbb/boxscores/2007-01-16-pittsburgh.html (212 KB)
11:19:36   GET https://www.sports-reference.com/cbb/boxscores/2007-01-20-connecticut.html (216 KB)
11:19:39   GET https://www.sports-reference.com/cbb/boxscores/2007-01-22-louisville.html (219 KB)
11:19:43   GET https://www.sports-reference.com/cbb/boxscores/2007-01-27-connecticut.html (210 KB)
11:19:43   box progress 125/794
11:19:46   GET https://www.sports-reference.com/cbb/boxscores/2007-01-31-depaul.html (216 KB)
11:19:50   GET https://www.sports-reference.com/cbb/boxscores/2007-02-03-connecticut.html (214 KB)
11:19:53   GET https://www.sports-reference.com/cbb/boxscores/2007-02-05-connecticut.html (209 KB)
11:19:57   GET https://www.sports-reference.com/cbb/boxscores/2007-02-11-georgia-tech.html (217 KB)
11:20:00   GET https://www.sports-reference.com/cbb/boxscores/2007-02-14-connecticut.html (215 KB)
11:20:04   GET https://www.sports-reference.com/cbb/boxscores/2007-02-17-syracuse.html (213 KB)
11:20:07   GET https://www.sports-reference.com/cbb/boxscores/2007-02-21-rutgers.html (216 KB)
11:20:11   GET https://www.sports-reference.com/cbb/boxscores/2007-02-25-connecticut.html (216 KB)
11:20:14   GET https://www.sports-reference.com/cbb/boxscores/2007-02-28-connecticut.html (217 KB)
11:20:18   GET https://www.sports-reference.com/cbb/boxscores/2007-03-03-georgetown.html (220 KB)
11:20:21   GET https://www.sports-reference.com/cbb/boxscores/2007-03-07-connecticut.html (211 KB)
11:20:25   GET https://www.sports-reference.com/cbb/boxscores/2007-11-07-connecticut.html (215 KB)
11:20:28   GET https://www.sports-reference.com/cbb/boxscores/2007-11-08-connecticut.html (222 KB)
11:20:32   GET https://www.sports-reference.com/cbb/boxscores/2007-11-15-gardner-webb.html (220 KB)
11:20:35   GET https://www.sports-reference.com/cbb/boxscores/2007-11-16-connecticut.html (226 KB)
11:20:39   GET https://www.sports-reference.com/cbb/boxscores/2007-11-20-connecticut.html (222 KB)
11:20:42   GET https://www.sports-reference.com/cbb/boxscores/2007-11-26-connecticut.html (222 KB)
11:20:46   GET https://www.sports-reference.com/cbb/boxscores/2007-12-01-connecticut.html (219 KB)
11:20:49   GET https://www.sports-reference.com/cbb/boxscores/2007-12-06-connecticut.html (217 KB)
11:20:53   GET https://www.sports-reference.com/cbb/boxscores/2007-12-16-connecticut.html (218 KB)
11:20:56   GET https://www.sports-reference.com/cbb/boxscores/2007-12-22-connecticut.html (231 KB)
11:21:00   GET https://www.sports-reference.com/cbb/boxscores/2007-12-28-central-florida.html (213 KB)
11:21:03   GET https://www.sports-reference.com/cbb/boxscores/2008-01-03-seton-hall.html (213 KB)
11:21:07   GET https://www.sports-reference.com/cbb/boxscores/2008-01-05-notre-dame.html (211 KB)
11:21:10   GET https://www.sports-reference.com/cbb/boxscores/2008-01-08-connecticut.html (219 KB)
11:21:10   box progress 150/794
11:21:14   GET https://www.sports-reference.com/cbb/boxscores/2008-01-12-georgetown.html (212 KB)
11:21:17   GET https://www.sports-reference.com/cbb/boxscores/2008-01-17-connecticut.html (217 KB)
11:21:21   GET https://www.sports-reference.com/cbb/boxscores/2008-01-20-connecticut.html (214 KB)
11:21:24   GET https://www.sports-reference.com/cbb/boxscores/2008-01-23-cincinnati.html (216 KB)
11:21:28   GET https://www.sports-reference.com/cbb/boxscores/2008-01-26-indiana.html (214 KB)
11:21:31   GET https://www.sports-reference.com/cbb/boxscores/2008-01-28-connecticut.html (211 KB)
11:21:35   GET https://www.sports-reference.com/cbb/boxscores/2008-02-02-connecticut.html (213 KB)
11:21:38   GET https://www.sports-reference.com/cbb/boxscores/2008-02-06-syracuse.html (208 KB)
11:21:42   GET https://www.sports-reference.com/cbb/boxscores/2008-02-09-connecticut.html (219 KB)
11:21:45   GET https://www.sports-reference.com/cbb/boxscores/2008-02-13-connecticut.html (206 KB)
11:21:49   GET https://www.sports-reference.com/cbb/boxscores/2008-02-16-south-florida.html (213 KB)
11:21:52   GET https://www.sports-reference.com/cbb/boxscores/2008-02-19-connecticut.html (205 KB)
11:21:56   GET https://www.sports-reference.com/cbb/boxscores/2008-02-23-villanova.html (210 KB)
11:21:59   GET https://www.sports-reference.com/cbb/boxscores/2008-02-26-rutgers.html (216 KB)
11:22:03   GET https://www.sports-reference.com/cbb/boxscores/2008-03-01-connecticut.html (212 KB)
11:22:06   GET https://www.sports-reference.com/cbb/boxscores/2008-03-06-providence.html (212 KB)
11:22:10   GET https://www.sports-reference.com/cbb/boxscores/2008-03-09-connecticut.html (223 KB)
11:22:14   GET https://www.sports-reference.com/cbb/boxscores/2008-03-13-connecticut.html (207 KB)
11:22:17   GET https://www.sports-reference.com/cbb/boxscores/2008-03-21-connecticut.html (223 KB)
11:22:21   GET https://www.sports-reference.com/cbb/boxscores/2008-11-14-connecticut.html (231 KB)
11:22:24   GET https://www.sports-reference.com/cbb/boxscores/2008-11-17-connecticut.html (227 KB)
11:22:28   GET https://www.sports-reference.com/cbb/boxscores/2008-11-21-la-salle.html (216 KB)
11:22:31   GET https://www.sports-reference.com/cbb/boxscores/2008-11-23-miami-fl.html (216 KB)
11:22:34   GET https://www.sports-reference.com/cbb/boxscores/2008-11-24-wisconsin.html (212 KB)
11:22:38   GET https://www.sports-reference.com/cbb/boxscores/2008-11-29-connecticut.html (222 KB)
11:22:38   box progress 175/794
11:22:41   GET https://www.sports-reference.com/cbb/boxscores/2008-12-01-connecticut.html (222 KB)
11:22:45   GET https://www.sports-reference.com/cbb/boxscores/2008-12-04-buffalo.html (213 KB)
11:22:48   GET https://www.sports-reference.com/cbb/boxscores/2008-12-15-connecticut.html (223 KB)
11:22:52   GET https://www.sports-reference.com/cbb/boxscores/2008-12-20-gonzaga.html (219 KB)
11:22:55   GET https://www.sports-reference.com/cbb/boxscores/2008-12-26-connecticut.html (218 KB)
11:22:59   GET https://www.sports-reference.com/cbb/boxscores/2008-12-29-connecticut.html (206 KB)
11:23:03   GET https://www.sports-reference.com/cbb/boxscores/2009-01-03-connecticut.html (218 KB)
11:23:06   GET https://www.sports-reference.com/cbb/boxscores/2009-01-06-west-virginia.html (208 KB)
11:23:10   GET https://www.sports-reference.com/cbb/boxscores/2009-01-10-cincinnati.html (215 KB)
11:23:13   GET https://www.sports-reference.com/cbb/boxscores/2009-01-15-st-johns-ny.html (205 KB)
11:23:17   GET https://www.sports-reference.com/cbb/boxscores/2009-01-18-connecticut.html (206 KB)
11:23:20   GET https://www.sports-reference.com/cbb/boxscores/2009-01-21-connecticut.html (208 KB)
11:23:24   GET https://www.sports-reference.com/cbb/boxscores/2009-01-24-notre-dame.html (211 KB)
11:23:27   GET https://www.sports-reference.com/cbb/boxscores/2009-01-28-depaul.html (220 KB)
11:23:31   GET https://www.sports-reference.com/cbb/boxscores/2009-01-31-connecticut.html (220 KB)
11:23:34   GET https://www.sports-reference.com/cbb/boxscores/2009-02-02-louisville.html (214 KB)
11:23:38   GET https://www.sports-reference.com/cbb/boxscores/2009-02-07-connecticut.html (216 KB)
11:23:41   GET https://www.sports-reference.com/cbb/boxscores/2009-02-11-connecticut.html (205 KB)
11:23:45   GET https://www.sports-reference.com/cbb/boxscores/2009-02-14-seton-hall.html (203 KB)
11:23:48   GET https://www.sports-reference.com/cbb/boxscores/2009-02-16-connecticut.html (209 KB)
11:23:52   GET https://www.sports-reference.com/cbb/boxscores/2009-02-21-connecticut.html (212 KB)
11:23:55   GET https://www.sports-reference.com/cbb/boxscores/2009-02-25-marquette.html (205 KB)
11:23:59   GET https://www.sports-reference.com/cbb/boxscores/2009-02-28-connecticut.html (217 KB)
11:24:02   GET https://www.sports-reference.com/cbb/boxscores/2009-03-12-connecticut.html (211 KB)
11:24:06   GET https://www.sports-reference.com/cbb/boxscores/2009-03-19-chattanooga.html (240 KB)
11:24:06   box progress 200/794
11:24:09   GET https://www.sports-reference.com/cbb/boxscores/2009-03-21-connecticut.html (226 KB)
11:24:13   GET https://www.sports-reference.com/cbb/boxscores/2009-03-26-connecticut.html (221 KB)
11:24:16   GET https://www.sports-reference.com/cbb/boxscores/2009-03-28-connecticut.html (218 KB)
11:24:20   GET https://www.sports-reference.com/cbb/boxscores/2009-04-04-connecticut.html (216 KB)
11:24:23   GET https://www.sports-reference.com/cbb/boxscores/2009-11-13-connecticut.html (220 KB)
11:24:27   GET https://www.sports-reference.com/cbb/boxscores/2009-11-16-connecticut.html (219 KB)
11:24:30   GET https://www.sports-reference.com/cbb/boxscores/2009-11-17-connecticut.html (211 KB)
11:24:34   GET https://www.sports-reference.com/cbb/boxscores/2009-11-25-louisiana-state.html (214 KB)
11:24:37   GET https://www.sports-reference.com/cbb/boxscores/2009-11-27-connecticut.html (222 KB)
11:24:41   GET https://www.sports-reference.com/cbb/boxscores/2009-12-02-connecticut.html (220 KB)
11:24:44   GET https://www.sports-reference.com/cbb/boxscores/2009-12-06-connecticut.html (216 KB)
11:24:48   GET https://www.sports-reference.com/cbb/boxscores/2009-12-09-connecticut.html (215 KB)
11:24:51   GET https://www.sports-reference.com/cbb/boxscores/2009-12-20-connecticut.html (217 KB)
11:24:55   GET https://www.sports-reference.com/cbb/boxscores/2009-12-22-connecticut.html (228 KB)
11:24:58   GET https://www.sports-reference.com/cbb/boxscores/2009-12-27-connecticut.html (217 KB)
11:25:02   GET https://www.sports-reference.com/cbb/boxscores/2009-12-30-cincinnati.html (215 KB)
11:25:05   GET https://www.sports-reference.com/cbb/boxscores/2010-01-02-connecticut.html (217 KB)
11:25:09   GET https://www.sports-reference.com/cbb/boxscores/2010-01-06-connecticut.html (217 KB)
11:25:12   GET https://www.sports-reference.com/cbb/boxscores/2010-01-09-georgetown.html (208 KB)
11:25:16   GET https://www.sports-reference.com/cbb/boxscores/2010-01-13-connecticut.html (214 KB)
11:25:20   GET https://www.sports-reference.com/cbb/boxscores/2010-01-17-michigan.html (214 KB)
11:25:23   GET https://www.sports-reference.com/cbb/boxscores/2010-01-20-connecticut.html (217 KB)
11:25:26   GET https://www.sports-reference.com/cbb/boxscores/2010-01-23-connecticut.html (225 KB)
11:25:30   GET https://www.sports-reference.com/cbb/boxscores/2010-01-27-providence.html (218 KB)
11:25:33   GET https://www.sports-reference.com/cbb/boxscores/2010-01-30-connecticut.html (215 KB)
11:25:33   box progress 225/794
11:25:37   GET https://www.sports-reference.com/cbb/boxscores/2010-02-01-louisville.html (218 KB)
11:25:40   GET https://www.sports-reference.com/cbb/boxscores/2010-02-06-connecticut.html (219 KB)
11:25:44   GET https://www.sports-reference.com/cbb/boxscores/2010-02-10-syracuse.html (207 KB)
11:25:48   GET https://www.sports-reference.com/cbb/boxscores/2010-02-13-connecticut.html (217 KB)
11:25:51   GET https://www.sports-reference.com/cbb/boxscores/2010-02-15-villanova.html (216 KB)
11:25:54   GET https://www.sports-reference.com/cbb/boxscores/2010-02-20-rutgers.html (211 KB)
11:25:58   GET https://www.sports-reference.com/cbb/boxscores/2010-02-22-connecticut.html (216 KB)
11:26:01   GET https://www.sports-reference.com/cbb/boxscores/2010-02-28-connecticut.html (216 KB)
11:26:05   GET https://www.sports-reference.com/cbb/boxscores/2010-03-03-notre-dame.html (214 KB)
11:26:08   GET https://www.sports-reference.com/cbb/boxscores/2010-03-06-south-florida.html (221 KB)
11:26:12   GET https://www.sports-reference.com/cbb/boxscores/2010-03-09-connecticut.html (220 KB)
11:26:15   GET https://www.sports-reference.com/cbb/boxscores/2010-03-16-connecticut.html (219 KB)
11:26:19   GET https://www.sports-reference.com/cbb/boxscores/2010-03-22-virginia-tech.html (214 KB)
11:26:22   GET https://www.sports-reference.com/cbb/boxscores/2010-11-12-connecticut.html (227 KB)
11:26:26   GET https://www.sports-reference.com/cbb/boxscores/2010-11-17-connecticut.html (231 KB)
11:26:29   GET https://www.sports-reference.com/cbb/boxscores/2010-11-22-connecticut.html (224 KB)
11:26:33   GET https://www.sports-reference.com/cbb/boxscores/2010-11-23-michigan-state.html (224 KB)
11:26:36   GET https://www.sports-reference.com/cbb/boxscores/2010-11-24-kentucky.html (220 KB)
11:26:40   GET https://www.sports-reference.com/cbb/boxscores/2010-11-30-connecticut.html (223 KB)
11:26:43   GET https://www.sports-reference.com/cbb/boxscores/2010-12-03-connecticut.html (226 KB)
11:26:47   GET https://www.sports-reference.com/cbb/boxscores/2010-12-08-connecticut.html (231 KB)
11:26:50   GET https://www.sports-reference.com/cbb/boxscores/2010-12-20-connecticut.html (223 KB)
11:26:54   GET https://www.sports-reference.com/cbb/boxscores/2010-12-22-connecticut.html (224 KB)
11:26:57   GET https://www.sports-reference.com/cbb/boxscores/2010-12-27-pittsburgh.html (219 KB)
11:27:01   GET https://www.sports-reference.com/cbb/boxscores/2010-12-31-connecticut.html (220 KB)
11:27:01   box progress 250/794
11:27:04   GET https://www.sports-reference.com/cbb/boxscores/2011-01-04-notre-dame.html (213 KB)
11:27:08   GET https://www.sports-reference.com/cbb/boxscores/2011-01-08-texas.html (222 KB)
11:27:11   GET https://www.sports-reference.com/cbb/boxscores/2011-01-11-connecticut.html (220 KB)
11:27:15   GET https://www.sports-reference.com/cbb/boxscores/2011-01-15-depaul.html (223 KB)
11:27:18   GET https://www.sports-reference.com/cbb/boxscores/2011-01-17-connecticut.html (215 KB)
11:27:22   GET https://www.sports-reference.com/cbb/boxscores/2011-01-22-connecticut.html (225 KB)
11:27:25   GET https://www.sports-reference.com/cbb/boxscores/2011-01-25-marquette.html (217 KB)
11:27:29   GET https://www.sports-reference.com/cbb/boxscores/2011-01-29-connecticut.html (221 KB)
11:27:32   GET https://www.sports-reference.com/cbb/boxscores/2011-02-02-connecticut.html (218 KB)
11:27:36   GET https://www.sports-reference.com/cbb/boxscores/2011-02-05-seton-hall.html (220 KB)
11:27:39   GET https://www.sports-reference.com/cbb/boxscores/2011-02-10-st-johns-ny.html (222 KB)
11:27:43   GET https://www.sports-reference.com/cbb/boxscores/2011-02-13-connecticut.html (217 KB)
11:27:46   GET https://www.sports-reference.com/cbb/boxscores/2011-02-16-connecticut.html (219 KB)
11:27:50   GET https://www.sports-reference.com/cbb/boxscores/2011-02-18-louisville.html (218 KB)
11:27:53   GET https://www.sports-reference.com/cbb/boxscores/2011-02-24-connecticut.html (219 KB)
11:27:57   GET https://www.sports-reference.com/cbb/boxscores/2011-02-27-cincinnati.html (218 KB)
11:28:00   GET https://www.sports-reference.com/cbb/boxscores/2011-03-02-west-virginia.html (216 KB)
11:28:04   GET https://www.sports-reference.com/cbb/boxscores/2011-03-05-connecticut.html (214 KB)
11:28:07   GET https://www.sports-reference.com/cbb/boxscores/2011-03-08-connecticut.html (222 KB)
11:28:11   GET https://www.sports-reference.com/cbb/boxscores/2011-03-09-georgetown.html (218 KB)
11:28:14   GET https://www.sports-reference.com/cbb/boxscores/2011-03-10-pittsburgh.html (216 KB)
11:28:18   GET https://www.sports-reference.com/cbb/boxscores/2011-03-11-syracuse.html (215 KB)
11:28:21   GET https://www.sports-reference.com/cbb/boxscores/2011-03-12-louisville.html (218 KB)
11:28:25   GET https://www.sports-reference.com/cbb/boxscores/2011-03-17-bucknell.html (242 KB)
11:28:28   GET https://www.sports-reference.com/cbb/boxscores/2011-03-19-cincinnati.html (229 KB)
11:28:28   box progress 275/794
11:28:32   GET https://www.sports-reference.com/cbb/boxscores/2011-03-24-connecticut.html (220 KB)
11:28:35   GET https://www.sports-reference.com/cbb/boxscores/2011-03-26-arizona.html (220 KB)
11:28:39   GET https://www.sports-reference.com/cbb/boxscores/2011-04-02-connecticut.html (214 KB)
11:28:42   GET https://www.sports-reference.com/cbb/boxscores/2011-04-04-butler.html (220 KB)
11:28:46   GET https://www.sports-reference.com/cbb/boxscores/2011-11-11-connecticut.html (227 KB)
11:28:50   GET https://www.sports-reference.com/cbb/boxscores/2011-11-14-connecticut.html (224 KB)
11:28:53   GET https://www.sports-reference.com/cbb/boxscores/2011-11-17-connecticut.html (223 KB)
11:28:56   GET https://www.sports-reference.com/cbb/boxscores/2011-11-20-connecticut.html (225 KB)
11:29:00   GET https://www.sports-reference.com/cbb/boxscores/2011-11-24-connecticut.html (215 KB)
11:29:03   GET https://www.sports-reference.com/cbb/boxscores/2011-11-25-central-florida.html (220 KB)
11:29:07   GET https://www.sports-reference.com/cbb/boxscores/2011-11-26-connecticut.html (215 KB)
11:29:10   GET https://www.sports-reference.com/cbb/boxscores/2011-12-03-connecticut.html (219 KB)
11:29:14   GET https://www.sports-reference.com/cbb/boxscores/2011-12-08-connecticut.html (220 KB)
11:29:17   GET https://www.sports-reference.com/cbb/boxscores/2011-12-18-connecticut.html (226 KB)
11:29:21   GET https://www.sports-reference.com/cbb/boxscores/2011-12-22-connecticut.html (221 KB)
11:29:24   GET https://www.sports-reference.com/cbb/boxscores/2011-12-28-south-florida.html (214 KB)
11:29:28   GET https://www.sports-reference.com/cbb/boxscores/2011-12-31-connecticut.html (220 KB)
11:29:31   GET https://www.sports-reference.com/cbb/boxscores/2012-01-03-seton-hall.html (217 KB)
11:29:35   GET https://www.sports-reference.com/cbb/boxscores/2012-01-07-rutgers.html (217 KB)
11:29:39   GET https://www.sports-reference.com/cbb/boxscores/2012-01-09-connecticut.html (215 KB)
11:29:42   GET https://www.sports-reference.com/cbb/boxscores/2012-01-14-notre-dame.html (217 KB)
11:29:46   GET https://www.sports-reference.com/cbb/boxscores/2012-01-18-connecticut.html (216 KB)
11:29:49   GET https://www.sports-reference.com/cbb/boxscores/2012-01-21-tennessee.html (225 KB)
11:29:53   GET https://www.sports-reference.com/cbb/boxscores/2012-01-29-connecticut.html (212 KB)
11:29:56   GET https://www.sports-reference.com/cbb/boxscores/2012-02-01-georgetown.html (217 KB)
11:29:56   box progress 300/794
11:30:00   GET https://www.sports-reference.com/cbb/boxscores/2012-02-04-connecticut.html (221 KB)
11:30:03   GET https://www.sports-reference.com/cbb/boxscores/2012-02-06-louisville.html (221 KB)
11:30:07   GET https://www.sports-reference.com/cbb/boxscores/2012-02-11-syracuse.html (227 KB)
11:30:10   GET https://www.sports-reference.com/cbb/boxscores/2012-02-15-connecticut.html (220 KB)
11:30:14   GET https://www.sports-reference.com/cbb/boxscores/2012-02-18-connecticut.html (219 KB)
11:30:17   GET https://www.sports-reference.com/cbb/boxscores/2012-02-20-villanova.html (210 KB)
11:30:21   GET https://www.sports-reference.com/cbb/boxscores/2012-02-25-connecticut.html (218 KB)
11:30:24   GET https://www.sports-reference.com/cbb/boxscores/2012-02-28-providence.html (212 KB)
11:30:28   GET https://www.sports-reference.com/cbb/boxscores/2012-03-03-connecticut.html (217 KB)
11:30:31   GET https://www.sports-reference.com/cbb/boxscores/2012-03-06-connecticut.html (218 KB)
11:30:35   GET https://www.sports-reference.com/cbb/boxscores/2012-03-07-connecticut.html (214 KB)
11:30:38   GET https://www.sports-reference.com/cbb/boxscores/2012-03-08-connecticut.html (216 KB)
11:30:42   GET https://www.sports-reference.com/cbb/boxscores/2012-03-15-connecticut.html (223 KB)
11:30:45   GET https://www.sports-reference.com/cbb/boxscores/2012-11-09-connecticut.html (221 KB)
11:30:49   GET https://www.sports-reference.com/cbb/boxscores/2012-11-13-connecticut.html (221 KB)
11:30:52   GET https://www.sports-reference.com/cbb/boxscores/2012-11-16-connecticut.html (224 KB)
11:30:56   GET https://www.sports-reference.com/cbb/boxscores/2012-11-18-connecticut.html (220 KB)
11:30:59   GET https://www.sports-reference.com/cbb/boxscores/2012-11-19-connecticut.html (218 KB)
11:31:03   GET https://www.sports-reference.com/cbb/boxscores/2012-11-25-connecticut.html (217 KB)
11:31:06   GET https://www.sports-reference.com/cbb/boxscores/2012-11-29-connecticut.html (215 KB)
11:31:10   GET https://www.sports-reference.com/cbb/boxscores/2012-12-04-connecticut.html (213 KB)
11:31:13   GET https://www.sports-reference.com/cbb/boxscores/2012-12-07-connecticut.html (209 KB)
11:31:17   GET https://www.sports-reference.com/cbb/boxscores/2012-12-17-connecticut.html (234 KB)
11:31:20   GET https://www.sports-reference.com/cbb/boxscores/2012-12-21-connecticut.html (227 KB)
11:31:24   GET https://www.sports-reference.com/cbb/boxscores/2012-12-29-connecticut.html (218 KB)
11:31:24   box progress 325/794
11:31:27   GET https://www.sports-reference.com/cbb/boxscores/2013-01-01-marquette.html (218 KB)
11:31:31   GET https://www.sports-reference.com/cbb/boxscores/2013-01-08-connecticut.html (229 KB)
11:31:34   GET https://www.sports-reference.com/cbb/boxscores/2013-01-12-notre-dame.html (210 KB)
11:31:38   GET https://www.sports-reference.com/cbb/boxscores/2013-01-14-connecticut.html (212 KB)
11:31:41   GET https://www.sports-reference.com/cbb/boxscores/2013-01-19-pittsburgh.html (219 KB)
11:31:45   GET https://www.sports-reference.com/cbb/boxscores/2013-01-27-connecticut.html (214 KB)
11:31:48   GET https://www.sports-reference.com/cbb/boxscores/2013-01-31-providence.html (214 KB)
11:31:52   GET https://www.sports-reference.com/cbb/boxscores/2013-02-03-connecticut.html (215 KB)
11:31:55   GET https://www.sports-reference.com/cbb/boxscores/2013-02-06-st-johns-ny.html (214 KB)
11:31:59   GET https://www.sports-reference.com/cbb/boxscores/2013-02-10-seton-hall.html (212 KB)
11:32:02   GET https://www.sports-reference.com/cbb/boxscores/2013-02-13-connecticut.html (211 KB)
11:32:06   GET https://www.sports-reference.com/cbb/boxscores/2013-02-16-connecticut.html (218 KB)
11:32:09   GET https://www.sports-reference.com/cbb/boxscores/2013-02-21-connecticut.html (216 KB)
11:32:13   GET https://www.sports-reference.com/cbb/boxscores/2013-02-23-depaul.html (235 KB)
11:32:16   GET https://www.sports-reference.com/cbb/boxscores/2013-02-27-connecticut.html (211 KB)
11:32:20   GET https://www.sports-reference.com/cbb/boxscores/2013-03-02-cincinnati.html (216 KB)
11:32:23   GET https://www.sports-reference.com/cbb/boxscores/2013-03-06-south-florida.html (219 KB)
11:32:27   GET https://www.sports-reference.com/cbb/boxscores/2013-03-09-connecticut.html (211 KB)
11:32:30   GET https://www.sports-reference.com/cbb/boxscores/2013-11-08-connecticut.html (226 KB)
11:32:34   GET https://www.sports-reference.com/cbb/boxscores/2013-11-11-connecticut.html (227 KB)
11:32:37   GET https://www.sports-reference.com/cbb/boxscores/2013-11-14-connecticut.html (230 KB)
11:32:41   GET https://www.sports-reference.com/cbb/boxscores/2013-11-17-connecticut.html (215 KB)
11:32:44   GET https://www.sports-reference.com/cbb/boxscores/2013-11-21-boston-college.html (226 KB)
11:32:48   GET https://www.sports-reference.com/cbb/boxscores/2013-11-22-connecticut.html (223 KB)
11:32:51   GET https://www.sports-reference.com/cbb/boxscores/2013-11-26-connecticut.html (231 KB)
11:32:51   box progress 350/794
11:32:55   GET https://www.sports-reference.com/cbb/boxscores/2013-12-02-connecticut.html (216 KB)
11:32:58   GET https://www.sports-reference.com/cbb/boxscores/2013-12-06-connecticut.html (229 KB)
11:33:02   GET https://www.sports-reference.com/cbb/boxscores/2013-12-18-connecticut.html (216 KB)
11:33:05   GET https://www.sports-reference.com/cbb/boxscores/2013-12-22-washington.html (220 KB)
11:33:09   GET https://www.sports-reference.com/cbb/boxscores/2013-12-28-connecticut.html (229 KB)
11:33:12   GET https://www.sports-reference.com/cbb/boxscores/2013-12-31-houston.html (219 KB)
11:33:16   GET https://www.sports-reference.com/cbb/boxscores/2014-01-04-southern-methodist.html (223 KB)
11:33:19   GET https://www.sports-reference.com/cbb/boxscores/2014-01-08-connecticut.html (215 KB)
11:33:23   GET https://www.sports-reference.com/cbb/boxscores/2014-01-11-connecticut.html (226 KB)
11:33:26   GET https://www.sports-reference.com/cbb/boxscores/2014-01-16-memphis.html (214 KB)
11:33:30   GET https://www.sports-reference.com/cbb/boxscores/2014-01-18-connecticut.html (218 KB)
11:33:33   GET https://www.sports-reference.com/cbb/boxscores/2014-01-21-connecticut.html (223 KB)
11:33:37   GET https://www.sports-reference.com/cbb/boxscores/2014-01-25-rutgers.html (216 KB)
11:33:40   GET https://www.sports-reference.com/cbb/boxscores/2014-01-30-connecticut.html (231 KB)
11:33:44   GET https://www.sports-reference.com/cbb/boxscores/2014-02-06-cincinnati.html (214 KB)
11:33:47   GET https://www.sports-reference.com/cbb/boxscores/2014-02-09-central-florida.html (223 KB)
11:33:51   GET https://www.sports-reference.com/cbb/boxscores/2014-02-12-connecticut.html (225 KB)
11:33:54   GET https://www.sports-reference.com/cbb/boxscores/2014-02-15-connecticut.html (217 KB)
11:33:59   GET https://www.sports-reference.com/cbb/boxscores/2014-02-20-temple.html (212 KB)
11:34:01   GET https://www.sports-reference.com/cbb/boxscores/2014-02-23-connecticut.html (218 KB)
11:34:05   GET https://www.sports-reference.com/cbb/boxscores/2014-02-26-south-florida.html (219 KB)
11:34:08   GET https://www.sports-reference.com/cbb/boxscores/2014-03-01-connecticut.html (220 KB)
11:34:12   GET https://www.sports-reference.com/cbb/boxscores/2014-03-05-connecticut.html (221 KB)
11:34:15   GET https://www.sports-reference.com/cbb/boxscores/2014-03-08-louisville.html (228 KB)
11:34:19   GET https://www.sports-reference.com/cbb/boxscores/2014-03-13-connecticut.html (226 KB)
11:34:19   box progress 375/794
11:34:22   GET https://www.sports-reference.com/cbb/boxscores/2014-03-14-cincinnati.html (215 KB)
11:34:26   GET https://www.sports-reference.com/cbb/boxscores/2014-03-15-connecticut.html (216 KB)
11:34:29   GET https://www.sports-reference.com/cbb/boxscores/2014-03-20-connecticut.html (228 KB)
11:34:33   GET https://www.sports-reference.com/cbb/boxscores/2014-03-22-connecticut.html (224 KB)
11:34:36   GET https://www.sports-reference.com/cbb/boxscores/2014-03-28-connecticut.html (220 KB)
11:34:40   GET https://www.sports-reference.com/cbb/boxscores/2014-03-30-connecticut.html (216 KB)
11:34:43   GET https://www.sports-reference.com/cbb/boxscores/2014-04-05-connecticut.html (216 KB)
11:34:47   GET https://www.sports-reference.com/cbb/boxscores/2014-04-07-connecticut.html (211 KB)
11:34:50   GET https://www.sports-reference.com/cbb/boxscores/2014-11-14-connecticut.html (218 KB)
11:34:54   GET https://www.sports-reference.com/cbb/boxscores/2014-11-20-college-of-charleston.html (223 KB)
11:34:57   GET https://www.sports-reference.com/cbb/boxscores/2014-11-21-connecticut.html (213 KB)
11:35:01   GET https://www.sports-reference.com/cbb/boxscores/2014-11-23-connecticut.html (216 KB)
11:35:04   GET https://www.sports-reference.com/cbb/boxscores/2014-11-30-connecticut.html (214 KB)
11:35:08   GET https://www.sports-reference.com/cbb/boxscores/2014-12-05-connecticut.html (212 KB)
11:35:11   GET https://www.sports-reference.com/cbb/boxscores/2014-12-14-connecticut.html (225 KB)
11:35:15   GET https://www.sports-reference.com/cbb/boxscores/2014-12-18-connecticut.html (218 KB)
11:35:18   GET https://www.sports-reference.com/cbb/boxscores/2014-12-22-columbia.html (237 KB)
11:35:22   GET https://www.sports-reference.com/cbb/boxscores/2014-12-28-connecticut.html (227 KB)
11:35:25   GET https://www.sports-reference.com/cbb/boxscores/2014-12-31-connecticut.html (218 KB)
11:35:29   GET https://www.sports-reference.com/cbb/boxscores/2015-01-03-florida.html (223 KB)
11:35:32   GET https://www.sports-reference.com/cbb/boxscores/2015-01-06-south-florida.html (219 KB)
11:35:36   GET https://www.sports-reference.com/cbb/boxscores/2015-01-10-connecticut.html (219 KB)
11:35:39   GET https://www.sports-reference.com/cbb/boxscores/2015-01-13-tulsa.html (216 KB)
11:35:43   GET https://www.sports-reference.com/cbb/boxscores/2015-01-17-stanford.html (218 KB)
11:35:47   GET https://www.sports-reference.com/cbb/boxscores/2015-01-22-connecticut.html (216 KB)
11:35:47   box progress 400/794
11:35:50   GET https://www.sports-reference.com/cbb/boxscores/2015-01-25-connecticut.html (217 KB)
11:35:53   GET https://www.sports-reference.com/cbb/boxscores/2015-01-29-cincinnati.html (216 KB)
11:35:57   GET https://www.sports-reference.com/cbb/boxscores/2015-02-01-houston.html (210 KB)
11:36:00   GET https://www.sports-reference.com/cbb/boxscores/2015-02-04-connecticut.html (215 KB)
11:36:04   GET https://www.sports-reference.com/cbb/boxscores/2015-02-07-tulane.html (218 KB)
11:36:07   GET https://www.sports-reference.com/cbb/boxscores/2015-02-12-connecticut.html (227 KB)
11:36:11   GET https://www.sports-reference.com/cbb/boxscores/2015-02-14-southern-methodist.html (222 KB)
11:36:15   GET https://www.sports-reference.com/cbb/boxscores/2015-02-19-memphis.html (213 KB)
11:36:18   GET https://www.sports-reference.com/cbb/boxscores/2015-02-22-connecticut.html (217 KB)
11:36:21   GET https://www.sports-reference.com/cbb/boxscores/2015-02-25-east-carolina.html (213 KB)
11:36:25   GET https://www.sports-reference.com/cbb/boxscores/2015-03-01-connecticut.html (219 KB)
11:36:28   GET https://www.sports-reference.com/cbb/boxscores/2015-03-05-connecticut.html (210 KB)
11:36:32   GET https://www.sports-reference.com/cbb/boxscores/2015-03-07-temple.html (216 KB)
11:36:36   GET https://www.sports-reference.com/cbb/boxscores/2015-03-12-connecticut.html (217 KB)
11:36:39   GET https://www.sports-reference.com/cbb/boxscores/2015-03-13-cincinnati.html (214 KB)
11:36:43   GET https://www.sports-reference.com/cbb/boxscores/2015-03-14-connecticut.html (210 KB)
11:36:46   GET https://www.sports-reference.com/cbb/boxscores/2015-03-15-connecticut.html (210 KB)
11:36:50   GET https://www.sports-reference.com/cbb/boxscores/2015-03-18-connecticut.html (213 KB)
11:36:53   GET https://www.sports-reference.com/cbb/boxscores/2015-11-13-connecticut.html (231 KB)
11:36:57   GET https://www.sports-reference.com/cbb/boxscores/2015-11-17-connecticut.html (218 KB)
11:37:00   GET https://www.sports-reference.com/cbb/boxscores/2015-11-21-connecticut.html (236 KB)
11:37:04   GET https://www.sports-reference.com/cbb/boxscores/2015-11-25-michigan.html (223 KB)
11:37:08   GET https://www.sports-reference.com/cbb/boxscores/2015-11-26-syracuse.html (217 KB)
11:37:11   GET https://www.sports-reference.com/cbb/boxscores/2015-11-27-gonzaga.html (221 KB)
11:37:14   GET https://www.sports-reference.com/cbb/boxscores/2015-12-02-connecticut.html (234 KB)
11:37:14   box progress 425/794
11:37:18   GET https://www.sports-reference.com/cbb/boxscores/2015-12-08-connecticut.html (227 KB)
11:37:21   GET https://www.sports-reference.com/cbb/boxscores/2015-12-12-connecticut.html (230 KB)
11:37:25   GET https://www.sports-reference.com/cbb/boxscores/2015-12-20-connecticut.html (220 KB)
11:37:28   GET https://www.sports-reference.com/cbb/boxscores/2015-12-23-connecticut.html (227 KB)
11:37:32   GET https://www.sports-reference.com/cbb/boxscores/2015-12-29-texas.html (219 KB)
11:37:35   GET https://www.sports-reference.com/cbb/boxscores/2016-01-02-tulane.html (219 KB)
11:37:39   GET https://www.sports-reference.com/cbb/boxscores/2016-01-05-connecticut.html (220 KB)
11:37:42   GET https://www.sports-reference.com/cbb/boxscores/2016-01-09-connecticut.html (221 KB)
11:37:46   GET https://www.sports-reference.com/cbb/boxscores/2016-01-14-tulsa.html (216 KB)
11:37:49   GET https://www.sports-reference.com/cbb/boxscores/2016-01-17-houston.html (214 KB)
11:37:53   GET https://www.sports-reference.com/cbb/boxscores/2016-01-19-connecticut.html (225 KB)
11:37:56   GET https://www.sports-reference.com/cbb/boxscores/2016-01-23-connecticut.html (218 KB)
