12:00:26 == seasons: 40 years
12:00:26 == build
12:01:35   built 40 seasons, 749 boxscores, 1 players
12:01:42 == boxscores: 795 linked, 46 to download
12:01:42   GET https://www.sports-reference.com/cbb/boxscores/2025-03-05-20-connecticut.html (215 KB)
12:01:42   box progress 0/46
12:01:45   GET https://www.sports-reference.com/cbb/boxscores/2025-03-08-00-connecticut.html (229 KB)
12:01:49   GET https://www.sports-reference.com/cbb/boxscores/2025-03-13-21-connecticut.html (218 KB)
12:01:52   GET https://www.sports-reference.com/cbb/boxscores/2025-03-14-21-creighton.html (217 KB)
12:01:56   GET https://www.sports-reference.com/cbb/boxscores/2025-03-21-21-connecticut.html (223 KB)
12:01:59   GET https://www.sports-reference.com/cbb/boxscores/2025-03-23-12-florida.html (220 KB)
12:02:03   GET https://www.sports-reference.com/cbb/boxscores/2025-11-03-00-connecticut.html (227 KB)
12:02:06   GET https://www.sports-reference.com/cbb/boxscores/2025-11-07-00-connecticut.html (223 KB)
12:02:10   GET https://www.sports-reference.com/cbb/boxscores/2025-11-10-00-connecticut.html (225 KB)
12:02:13   GET https://www.sports-reference.com/cbb/boxscores/2025-11-15-19-brigham-young.html (218 KB)
12:02:17   GET https://www.sports-reference.com/cbb/boxscores/2025-11-19-00-connecticut.html (212 KB)
12:02:20   GET https://www.sports-reference.com/cbb/boxscores/2025-11-23-00-connecticut.html (227 KB)
12:02:24   GET https://www.sports-reference.com/cbb/boxscores/2025-11-28-00-illinois.html (224 KB)
12:02:27   GET https://www.sports-reference.com/cbb/boxscores/2025-12-02-21-kansas.html (215 KB)
12:02:31   GET https://www.sports-reference.com/cbb/boxscores/2025-12-05-00-connecticut.html (228 KB)
12:02:34   GET https://www.sports-reference.com/cbb/boxscores/2025-12-09-21-florida.html (214 KB)
12:02:38   GET https://www.sports-reference.com/cbb/boxscores/2025-12-12-00-connecticut.html (212 KB)
12:02:41   GET https://www.sports-reference.com/cbb/boxscores/2025-12-16-00-connecticut.html (225 KB)
12:02:45   GET https://www.sports-reference.com/cbb/boxscores/2025-12-21-16-depaul.html (220 KB)
12:02:48   GET https://www.sports-reference.com/cbb/boxscores/2025-12-31-17-xavier.html (223 KB)
12:02:52   GET https://www.sports-reference.com/cbb/boxscores/2026-01-04-00-connecticut.html (223 KB)
12:02:55   GET https://www.sports-reference.com/cbb/boxscores/2026-01-07-00-providence.html (215 KB)
12:02:59   GET https://www.sports-reference.com/cbb/boxscores/2026-01-10-00-connecticut.html (222 KB)
12:03:03   GET https://www.sports-reference.com/cbb/boxscores/2026-01-13-20-seton-hall.html (220 KB)
12:03:06   GET https://www.sports-reference.com/cbb/boxscores/2026-01-17-12-georgetown.html (217 KB)
12:03:10   GET https://www.sports-reference.com/cbb/boxscores/2026-01-24-00-connecticut.html (214 KB)
12:03:10   box progress 25/46
12:03:13   GET https://www.sports-reference.com/cbb/boxscores/2026-01-27-00-connecticut.html (212 KB)
12:03:17   GET https://www.sports-reference.com/cbb/boxscores/2026-01-31-20-creighton.html (230 KB)
12:03:20   GET https://www.sports-reference.com/cbb/boxscores/2026-02-03-00-connecticut.html (223 KB)
12:03:24   GET https://www.sports-reference.com/cbb/boxscores/2026-02-06-20-st-johns-ny.html (214 KB)
12:03:27   GET https://www.sports-reference.com/cbb/boxscores/2026-02-11-19-butler.html (213 KB)
12:03:31   GET https://www.sports-reference.com/cbb/boxscores/2026-02-14-00-connecticut.html (218 KB)
12:03:34   GET https://www.sports-reference.com/cbb/boxscores/2026-02-18-00-connecticut.html (217 KB)
12:03:38   GET https://www.sports-reference.com/cbb/boxscores/2026-02-21-00-villanova.html (216 KB)
12:03:41   GET https://www.sports-reference.com/cbb/boxscores/2026-02-25-00-connecticut.html (224 KB)
12:03:45   GET https://www.sports-reference.com/cbb/boxscores/2026-02-28-00-connecticut.html (211 KB)
12:03:48   GET https://www.sports-reference.com/cbb/boxscores/2026-03-07-12-marquette.html (217 KB)
12:03:52   GET https://www.sports-reference.com/cbb/boxscores/2026-03-12-19-connecticut.html (226 KB)
12:03:55   GET https://www.sports-reference.com/cbb/boxscores/2026-03-13-20-connecticut.html (227 KB)
12:03:59   GET https://www.sports-reference.com/cbb/boxscores/2026-03-14-18-st-johns-ny.html (220 KB)
12:04:02   GET https://www.sports-reference.com/cbb/boxscores/2026-03-20-22-connecticut.html (223 KB)
12:04:06   GET https://www.sports-reference.com/cbb/boxscores/2026-03-22-20-connecticut.html (228 KB)
12:04:09   GET https://www.sports-reference.com/cbb/boxscores/2026-03-27-21-connecticut.html (218 KB)
12:04:13   GET https://www.sports-reference.com/cbb/boxscores/2026-03-29-17-duke.html (216 KB)
12:04:16   GET https://www.sports-reference.com/cbb/boxscores/2026-04-04-18-connecticut.html (214 KB)
12:04:20   GET https://www.sports-reference.com/cbb/boxscores/2026-04-06-20-michigan.html (213 KB)
12:04:20 == build
12:05:33   built 40 seasons, 795 boxscores, 1 players
12:05:41 == players: 248 unique, 247 to download
12:05:41   GET https://www.sports-reference.com/cbb/players/jeff-king-3.html (189 KB)
12:05:41   player progress 0/247
12:05:45   GET https://www.sports-reference.com/cbb/players/clifford-robinson-1.html (200 KB)
12:05:48   GET https://www.sports-reference.com/cbb/players/gerry-besselink-1.html (190 KB)
12:05:52   GET https://www.sports-reference.com/cbb/players/tate-george-1.html (200 KB)
12:05:55   GET https://www.sports-reference.com/cbb/players/phil-gamble-1.html (194 KB)
12:05:59   GET https://www.sports-reference.com/cbb/players/steve-pikiell-1.html (195 KB)
12:06:02   GET https://www.sports-reference.com/cbb/players/robert-ursery-1.html (207 KB)
12:06:06   GET https://www.sports-reference.com/cbb/players/greg-economou-1.html (174 KB)
12:06:09   GET https://www.sports-reference.com/cbb/players/james-spradling-1.html (170 KB)
12:06:13   GET https://www.sports-reference.com/cbb/players/kurt-bauer-1.html (168 KB)
12:06:16   GET https://www.sports-reference.com/cbb/players/brian-hall-1.html (157 KB)
12:06:20   GET https://www.sports-reference.com/cbb/players/karsten-kibbe-1.html (170 KB)
12:06:28   GET https://www.sports-reference.com/cbb/players/jeff-lewis-3.html (157 KB)
12:06:28   GET https://www.sports-reference.com/cbb/players/willie-mccloud-1.html (172 KB)
12:06:32   GET https://www.sports-reference.com/cbb/players/murray-williams-1.html (186 KB)
12:06:35   GET https://www.sports-reference.com/cbb/players/lyman-depriest-1.html (189 KB)
12:06:39   GET https://www.sports-reference.com/cbb/players/bill-lanes-1.html (163 KB)
12:06:42   GET https://www.sports-reference.com/cbb/players/clint-simmons-1.html (171 KB)
12:06:46   GET https://www.sports-reference.com/cbb/players/rick-bush-1.html (157 KB)
12:06:49   GET https://www.sports-reference.com/cbb/players/chris-smith-1.html (208 KB)
12:06:53   GET https://www.sports-reference.com/cbb/players/john-gwynn-1.html (187 KB)
12:06:57   GET https://www.sports-reference.com/cbb/players/rod-sellers-1.html (199 KB)
12:07:00   GET https://www.sports-reference.com/cbb/players/dan-cyrulik-1.html (190 KB)
12:07:03   GET https://www.sports-reference.com/cbb/players/chris-fleming-2.html (211 KB)
12:07:07   GET https://www.sports-reference.com/cbb/players/marc-suhr-1.html (178 KB)
12:07:10   GET https://www.sports-reference.com/cbb/players/tim-pikiell-1.html (183 KB)
12:07:10   player progress 25/247
12:07:14   GET https://www.sports-reference.com/cbb/players/nadav-henefeld-1.html (177 KB)
12:07:18   GET https://www.sports-reference.com/cbb/players/scott-burrell-1.html (211 KB)
12:07:21   GET https://www.sports-reference.com/cbb/players/toraino-walker-1.html (190 KB)
12:07:25   GET https://www.sports-reference.com/cbb/players/oliver-macklin-1.html (187 KB)
12:07:28   GET https://www.sports-reference.com/cbb/players/gilad-katz-1.html (172 KB)
12:07:32   GET https://www.sports-reference.com/cbb/players/shawn-ellison-1.html (200 KB)
12:07:35   GET https://www.sports-reference.com/cbb/players/donyell-marshall-1.html (208 KB)
12:07:38   GET https://www.sports-reference.com/cbb/players/brian-fair-1.html (198 KB)
12:07:42   GET https://www.sports-reference.com/cbb/players/kevin-ollie-1.html (201 KB)
12:07:45   GET https://www.sports-reference.com/cbb/players/donny-marshall-1.html (206 KB)
12:07:49   GET https://www.sports-reference.com/cbb/players/boo-willingham-1.html (189 KB)
12:07:53   GET https://www.sports-reference.com/cbb/players/rich-ashmeade-1.html (196 KB)
12:07:56   GET https://www.sports-reference.com/cbb/players/rudy-johnson-1.html (202 KB)
12:08:00   GET https://www.sports-reference.com/cbb/players/covington-cormier-1.html (193 KB)
12:08:03   GET https://www.sports-reference.com/cbb/players/eric-hayward-1.html (194 KB)
12:08:07   GET https://www.sports-reference.com/cbb/players/travis-knight-1.html (204 KB)
12:08:10   GET https://www.sports-reference.com/cbb/players/jeff-calhoun-1.html (162 KB)
12:08:14   GET https://www.sports-reference.com/cbb/players/ray-allen-1.html (213 KB)
12:08:17   GET https://www.sports-reference.com/cbb/players/doron-sheffer-1.html (207 KB)
12:08:21   GET https://www.sports-reference.com/cbb/players/kirk-king-1.html (201 KB)
12:08:24   GET https://www.sports-reference.com/cbb/players/marcus-thomas-3.html (174 KB)
12:08:28   GET https://www.sports-reference.com/cbb/players/steve-emt-1.html (191 KB)
12:08:31   GET https://www.sports-reference.com/cbb/players/uri-cohen-mintz-1.html (167 KB)
12:08:35   GET https://www.sports-reference.com/cbb/players/ruslan-inyatkin-1.html (184 KB)
12:08:38   GET https://www.sports-reference.com/cbb/players/justin-srb-1.html (176 KB)
12:08:38   player progress 50/247
12:08:42   GET https://www.sports-reference.com/cbb/players/greg-yeomans-1.html (166 KB)
12:08:45   GET https://www.sports-reference.com/cbb/players/rashamel-jones-1.html (197 KB)
12:08:49   GET https://www.sports-reference.com/cbb/players/ricky-moore-1.html (203 KB)
12:08:52   GET https://www.sports-reference.com/cbb/players/dion-carson-1.html (178 KB)
12:08:56   GET https://www.sports-reference.com/cbb/players/antric-klaiber-1.html (192 KB)
12:08:59   GET https://www.sports-reference.com/cbb/players/kyle-chapman-3.html (176 KB)
12:09:03   GET https://www.sports-reference.com/cbb/players/jeff-cybart-1.html (178 KB)
12:09:06   GET https://www.sports-reference.com/cbb/players/pete-kane-1.html (167 KB)
12:09:10   GET https://www.sports-reference.com/cbb/players/kevin-freeman-1.html (211 KB)
12:09:13   GET https://www.sports-reference.com/cbb/players/monquencio-hardnett-1.html (180 KB)
12:09:17   GET https://www.sports-reference.com/cbb/players/jake-voskuhl-1.html (203 KB)
12:09:20   GET https://www.sports-reference.com/cbb/players/michael-leblanc-1.html (198 KB)
12:09:24   GET https://www.sports-reference.com/cbb/players/sam-funches-1.html (210 KB)
12:09:27   GET https://www.sports-reference.com/cbb/players/pete-mccann-1.html (165 KB)
12:09:31   GET https://www.sports-reference.com/cbb/players/khalid-el-amin-1.html (211 KB)
12:09:34   GET https://www.sports-reference.com/cbb/players/souleymane-wane-1.html (195 KB)
12:09:38   GET https://www.sports-reference.com/cbb/players/ej-harrison-1.html (177 KB)
12:09:41   GET https://www.sports-reference.com/cbb/players/albert-mouring-1.html (206 KB)
12:09:45   GET https://www.sports-reference.com/cbb/players/chris-crowley-2.html (165 KB)
12:09:48   GET https://www.sports-reference.com/cbb/players/craig-glazer-1.html (161 KB)
12:09:52   GET https://www.sports-reference.com/cbb/players/edmund-saunders-1.html (192 KB)
12:09:55   GET https://www.sports-reference.com/cbb/players/ed-tonella-1.html (167 KB)
12:09:59   GET https://www.sports-reference.com/cbb/players/richard-moore-2.html (172 KB)
12:10:02   GET https://www.sports-reference.com/cbb/players/stanley-ocitti-1.html (215 KB)
12:10:06   GET https://www.sports-reference.com/cbb/players/tony-robertson-1.html (235 KB)
12:10:06   player progress 75/247
12:10:09   GET https://www.sports-reference.com/cbb/players/ajou-deng-1.html (219 KB)
12:10:13   GET https://www.sports-reference.com/cbb/players/doug-wrenn-1.html (219 KB)
12:10:16   GET https://www.sports-reference.com/cbb/players/marcus-cox-1.html (208 KB)
12:10:20   GET https://www.sports-reference.com/cbb/players/justin-brown-2.html (232 KB)
12:10:23   GET https://www.sports-reference.com/cbb/players/beau-archibald-1.html (199 KB)
12:10:27   GET https://www.sports-reference.com/cbb/players/brett-watson-1.html (216 KB)
12:10:30   GET https://www.sports-reference.com/cbb/players/mike-woodward-1.html (225 KB)
12:10:34   GET https://www.sports-reference.com/cbb/players/caron-butler-1.html (234 KB)
12:10:37   GET https://www.sports-reference.com/cbb/players/johnnie-selvie-1.html (218 KB)
12:10:41   GET https://www.sports-reference.com/cbb/players/taliek-brown-1.html (241 KB)
12:10:44   GET https://www.sports-reference.com/cbb/players/robert-swain-1.html (267 KB)
12:10:48   GET https://www.sports-reference.com/cbb/players/scott-hazelton-1.html (321 KB)
12:10:51   GET https://www.sports-reference.com/cbb/players/kwasi-gyambibi-1.html (211 KB)
12:10:55   GET https://www.sports-reference.com/cbb/players/shamon-tooles-1.html (226 KB)
12:10:58   GET https://www.sports-reference.com/cbb/players/ace-watanasuparp-1.html (206 KB)
12:11:02   GET https://www.sports-reference.com/cbb/players/ben-gordon-1.html (250 KB)
12:11:05   GET https://www.sports-reference.com/cbb/players/emeka-okafor-1.html (255 KB)
12:11:09   GET https://www.sports-reference.com/cbb/players/mike-hayes-1.html (211 KB)
12:11:12   GET https://www.sports-reference.com/cbb/players/chad-wise-1.html (214 KB)
12:11:16   GET https://www.sports-reference.com/cbb/players/daryl-woods-1.html (197 KB)
12:11:19   GET https://www.sports-reference.com/cbb/players/rashad-anderson-1.html (268 KB)
12:11:23   GET https://www.sports-reference.com/cbb/players/denham-brown-1.html (263 KB)
12:11:26   GET https://www.sports-reference.com/cbb/players/marcus-white-1.html (264 KB)
12:11:30   GET https://www.sports-reference.com/cbb/players/hilton-armstrong-1.html (267 KB)
12:11:33   GET https://www.sports-reference.com/cbb/players/ryan-swaller-1.html (180 KB)
12:11:33   player progress 100/247
12:11:37   GET https://www.sports-reference.com/cbb/players/justin-evanovich-1.html (179 KB)
