12:30:59 == gamelogs: 229 player-seasons, 228 to download
12:31:00   GET https://www.sports-reference.com/cbb/players/jeremy-lamb-1/gamelog/2011 (239 KB)
12:31:00   gamelog progress 0/228
12:31:03   GET https://www.sports-reference.com/cbb/players/alex-oriakhi-1/gamelog/2011 (238 KB)
12:31:07   GET https://www.sports-reference.com/cbb/players/shabazz-napier-1/gamelog/2011 (241 KB)
12:31:10   GET https://www.sports-reference.com/cbb/players/roscoe-smith-1/gamelog/2011 (240 KB)
12:31:14   GET https://www.sports-reference.com/cbb/players/jamal-coombs-mcdaniel-1/gamelog/2011 (239 KB)
12:31:17   GET https://www.sports-reference.com/cbb/players/charles-okwandu-1/gamelog/2011 (235 KB)
12:31:21   GET https://www.sports-reference.com/cbb/players/niels-giffey-1/gamelog/2011 (238 KB)
12:31:24   GET https://www.sports-reference.com/cbb/players/donnell-beverly-1/gamelog/2011 (233 KB)
12:31:28   GET https://www.sports-reference.com/cbb/players/tyler-olander-1/gamelog/2011 (232 KB)
12:31:31   GET https://www.sports-reference.com/cbb/players/enosch-wolf-1/gamelog/2011 (150 KB)
12:31:35   GET https://www.sports-reference.com/cbb/players/benjamin-stewart-1/gamelog/2011 (149 KB)
12:31:38   GET https://www.sports-reference.com/cbb/players/kyle-bailey-1/gamelog/2011 (151 KB)
12:31:42   GET https://www.sports-reference.com/cbb/players/jeremy-lamb-1/gamelog/2012 (223 KB)
12:31:48   GET https://www.sports-reference.com/cbb/players/shabazz-napier-1/gamelog/2012 (225 KB)
12:31:49   GET https://www.sports-reference.com/cbb/players/andre-drummond-1/gamelog/2012 (221 KB)
12:31:52   GET https://www.sports-reference.com/cbb/players/ryan-boatright-1/gamelog/2012 (203 KB)
12:31:57   GET https://www.sports-reference.com/cbb/players/alex-oriakhi-1/gamelog/2012 (222 KB)
12:31:59   GET https://www.sports-reference.com/cbb/players/roscoe-smith-1/gamelog/2012 (221 KB)
12:32:03   GET https://www.sports-reference.com/cbb/players/tyler-olander-1/gamelog/2012 (221 KB)
12:32:06   GET https://www.sports-reference.com/cbb/players/deandre-daniels-1/gamelog/2012 (216 KB)
12:32:11   GET https://www.sports-reference.com/cbb/players/niels-giffey-1/gamelog/2012 (213 KB)
12:32:13   GET https://www.sports-reference.com/cbb/players/brendan-allen-1/gamelog/2012 (152 KB)
12:32:18   GET https://www.sports-reference.com/cbb/players/enosch-wolf-1/gamelog/2012 (150 KB)
12:32:20   GET https://www.sports-reference.com/cbb/players/kyle-bailey-1/gamelog/2012 (138 KB)
12:32:24   GET https://www.sports-reference.com/cbb/players/pj-cochrane-1/gamelog/2012 (134 KB)
12:32:27   GET https://www.sports-reference.com/cbb/players/benjamin-stewart-1/gamelog/2012 (137 KB)
12:32:27   gamelog progress 25/228
12:32:31   GET https://www.sports-reference.com/cbb/players/ethan-waite-1/gamelog/2012 (132 KB)
12:32:34   GET https://www.sports-reference.com/cbb/players/shabazz-napier-1/gamelog/2013 (202 KB)
12:32:38   GET https://www.sports-reference.com/cbb/players/ryan-boatright-1/gamelog/2013 (206 KB)
12:32:41   GET https://www.sports-reference.com/cbb/players/deandre-daniels-1/gamelog/2013 (205 KB)
12:32:45   GET https://www.sports-reference.com/cbb/players/omar-calhoun-1/gamelog/2013 (203 KB)
12:32:48   GET https://www.sports-reference.com/cbb/players/niels-giffey-1/gamelog/2013 (200 KB)
12:32:52   GET https://www.sports-reference.com/cbb/players/tyler-olander-1/gamelog/2013 (201 KB)
12:32:56   GET https://www.sports-reference.com/cbb/players/rj-evans-1/gamelog/2013 (197 KB)
12:32:59   GET https://www.sports-reference.com/cbb/players/enosch-wolf-1/gamelog/2013 (183 KB)
12:33:02   GET https://www.sports-reference.com/cbb/players/phillip-nolan-1/gamelog/2013 (186 KB)
12:33:06   GET https://www.sports-reference.com/cbb/players/leon-tolksdorf-1/gamelog/2013 (160 KB)
12:33:09   GET https://www.sports-reference.com/cbb/players/brendan-allen-1/gamelog/2013 (146 KB)
12:33:13   GET https://www.sports-reference.com/cbb/players/trey-james-1/gamelog/2013 (134 KB)
12:33:16   GET https://www.sports-reference.com/cbb/players/keifer-lammi-1/gamelog/2013 (135 KB)
12:33:20   GET https://www.sports-reference.com/cbb/players/pat-lenehan-1/gamelog/2013 (136 KB)
12:33:23   GET https://www.sports-reference.com/cbb/players/dave-vandal-1/gamelog/2013 (134 KB)
12:33:28   GET https://www.sports-reference.com/cbb/players/tor-watts-1/gamelog/2013 (137 KB)
12:33:30   GET https://www.sports-reference.com/cbb/players/javon-williams-1/gamelog/2013 (121 KB)
12:33:35   GET https://www.sports-reference.com/cbb/players/shabazz-napier-1/gamelog/2014 (239 KB)
12:33:38   GET https://www.sports-reference.com/cbb/players/deandre-daniels-1/gamelog/2014 (233 KB)
12:33:42   GET https://www.sports-reference.com/cbb/players/ryan-boatright-1/gamelog/2014 (236 KB)
12:33:44   GET https://www.sports-reference.com/cbb/players/niels-giffey-1/gamelog/2014 (237 KB)
12:33:48   GET https://www.sports-reference.com/cbb/players/lasan-kromah-2/gamelog/2014 (238 KB)
12:33:51   GET https://www.sports-reference.com/cbb/players/amida-brimah-1/gamelog/2014 (234 KB)
12:33:55   GET https://www.sports-reference.com/cbb/players/phillip-nolan-1/gamelog/2014 (233 KB)
12:33:55   gamelog progress 50/228
12:33:59   GET https://www.sports-reference.com/cbb/players/omar-calhoun-1/gamelog/2014 (218 KB)
12:34:02   GET https://www.sports-reference.com/cbb/players/terrence-samuel-1/gamelog/2014 (213 KB)
12:34:06   GET https://www.sports-reference.com/cbb/players/tyler-olander-1/gamelog/2014 (219 KB)
12:34:12   GET https://www.sports-reference.com/cbb/players/kentan-facey-1/gamelog/2014 (194 KB)
12:34:13   GET https://www.sports-reference.com/cbb/players/leon-tolksdorf-1/gamelog/2014 (169 KB)
12:34:16   GET https://www.sports-reference.com/cbb/players/pat-lenehan-1/gamelog/2014 (156 KB)
12:34:19   GET https://www.sports-reference.com/cbb/players/nnamdi-amilo-1/gamelog/2014 (141 KB)
12:34:23   GET https://www.sports-reference.com/cbb/players/tor-watts-1/gamelog/2014 (157 KB)
12:34:27   GET https://www.sports-reference.com/cbb/players/ryan-boatright-1/gamelog/2015 (220 KB)
12:34:30   GET https://www.sports-reference.com/cbb/players/rodney-purvis-1/gamelog/2015 (222 KB)
12:34:34   GET https://www.sports-reference.com/cbb/players/daniel-hamilton-1/gamelog/2015 (226 KB)
12:34:37   GET https://www.sports-reference.com/cbb/players/amida-brimah-1/gamelog/2015 (223 KB)
12:34:41   GET https://www.sports-reference.com/cbb/players/omar-calhoun-1/gamelog/2015 (209 KB)
12:34:44   GET https://www.sports-reference.com/cbb/players/kentan-facey-1/gamelog/2015 (211 KB)
12:34:48   GET https://www.sports-reference.com/cbb/players/terrence-samuel-1/gamelog/2015 (226 KB)
12:34:51   GET https://www.sports-reference.com/cbb/players/sam-cassell-2/gamelog/2015 (175 KB)
12:34:55   GET https://www.sports-reference.com/cbb/players/phillip-nolan-1/gamelog/2015 (219 KB)
12:34:58   GET https://www.sports-reference.com/cbb/players/rakem-lubin-1/gamelog/2015 (195 KB)
12:35:02   GET https://www.sports-reference.com/cbb/players/dan-guest-1/gamelog/2015 (163 KB)
12:35:05   GET https://www.sports-reference.com/cbb/players/terrance-ditimi-1/gamelog/2015 (148 KB)
12:35:08   GET https://www.sports-reference.com/cbb/players/nnamdi-amilo-1/gamelog/2015 (135 KB)
12:35:12   GET https://www.sports-reference.com/cbb/players/pat-lenehan-1/gamelog/2015 (150 KB)
12:35:16   GET https://www.sports-reference.com/cbb/players/rodney-purvis-1/gamelog/2016 (229 KB)
12:35:19   GET https://www.sports-reference.com/cbb/players/daniel-hamilton-1/gamelog/2016 (228 KB)
12:35:23   GET https://www.sports-reference.com/cbb/players/shonn-miller-1/gamelog/2016 (229 KB)
12:35:23   gamelog progress 75/228
12:35:26   GET https://www.sports-reference.com/cbb/players/sterling-gibbs-1/gamelog/2016 (229 KB)
12:35:30   GET https://www.sports-reference.com/cbb/players/jalen-adams-2/gamelog/2016 (229 KB)
12:35:33   GET https://www.sports-reference.com/cbb/players/amida-brimah-1/gamelog/2016 (200 KB)
12:35:37   GET https://www.sports-reference.com/cbb/players/omar-calhoun-1/gamelog/2016 (227 KB)
12:35:40   GET https://www.sports-reference.com/cbb/players/kentan-facey-1/gamelog/2016 (222 KB)
12:35:44   GET https://www.sports-reference.com/cbb/players/phillip-nolan-1/gamelog/2016 (215 KB)
12:35:47   GET https://www.sports-reference.com/cbb/players/steven-enoch-1/gamelog/2016 (204 KB)
12:35:51   GET https://www.sports-reference.com/cbb/players/sam-cassell-2/gamelog/2016 (184 KB)
12:35:54   GET https://www.sports-reference.com/cbb/players/nnamdi-amilo-1/gamelog/2016 (157 KB)
12:35:58   GET https://www.sports-reference.com/cbb/players/christian-foxen-1/gamelog/2016 (157 KB)
12:36:01   GET https://www.sports-reference.com/cbb/players/mike-noyes-1/gamelog/2016 (157 KB)
12:36:05   GET https://www.sports-reference.com/cbb/players/jalen-adams-2/gamelog/2017 (215 KB)
12:36:09   GET https://www.sports-reference.com/cbb/players/rodney-purvis-1/gamelog/2017 (218 KB)
12:36:12   GET https://www.sports-reference.com/cbb/players/christian-vital-1/gamelog/2017 (213 KB)
12:36:15   GET https://www.sports-reference.com/cbb/players/kentan-facey-1/gamelog/2017 (215 KB)
12:36:19   GET https://www.sports-reference.com/cbb/players/vance-jackson-1/gamelog/2017 (217 KB)
12:36:22   GET https://www.sports-reference.com/cbb/players/amida-brimah-1/gamelog/2017 (215 KB)
12:36:26   GET https://www.sports-reference.com/cbb/players/steven-enoch-1/gamelog/2017 (207 KB)
12:36:29   GET https://www.sports-reference.com/cbb/players/terry-larrier-1/gamelog/2017 (144 KB)
12:36:33   GET https://www.sports-reference.com/cbb/players/juwan-durham-1/gamelog/2017 (203 KB)
12:36:36   GET https://www.sports-reference.com/cbb/players/alterique-gilbert-1/gamelog/2017 (142 KB)
12:36:40   GET https://www.sports-reference.com/cbb/players/mike-noyes-1/gamelog/2017 (161 KB)
12:36:43   GET https://www.sports-reference.com/cbb/players/temi-aiyegbusi-1/gamelog/2017 (146 KB)
12:36:47   GET https://www.sports-reference.com/cbb/players/christian-foxen-1/gamelog/2017 (157 KB)
12:36:50   GET https://www.sports-reference.com/cbb/players/restinel-lomotey-1/gamelog/2017 (146 KB)
12:36:50   gamelog progress 100/228
12:36:54   GET https://www.sports-reference.com/cbb/players/jalen-adams-2/gamelog/2018 (211 KB)
12:36:57   GET https://www.sports-reference.com/cbb/players/christian-vital-1/gamelog/2018 (215 KB)
12:37:01   GET https://www.sports-reference.com/cbb/players/terry-larrier-1/gamelog/2018 (207 KB)
12:37:04   GET https://www.sports-reference.com/cbb/players/antwoine-anderson-1/gamelog/2018 (214 KB)
12:37:08   GET https://www.sports-reference.com/cbb/players/josh-carlton-1/gamelog/2018 (213 KB)
12:37:11   GET https://www.sports-reference.com/cbb/players/tyler-polley-1/gamelog/2018 (215 KB)
12:37:15   GET https://www.sports-reference.com/cbb/players/mamadou-diarra-2/gamelog/2018 (207 KB)
12:37:18   GET https://www.sports-reference.com/cbb/players/isaiah-whaley-1/gamelog/2018 (207 KB)
12:37:22   GET https://www.sports-reference.com/cbb/players/alterique-gilbert-1/gamelog/2018 (149 KB)
12:37:25   GET https://www.sports-reference.com/cbb/players/david-onuorah-1/gamelog/2018 (208 KB)
12:37:29   GET https://www.sports-reference.com/cbb/players/eric-cobb-1/gamelog/2018 (173 KB)
12:37:32   GET https://www.sports-reference.com/cbb/players/kwintin-williams-1/gamelog/2018 (179 KB)
12:37:36   GET https://www.sports-reference.com/cbb/players/temi-aiyegbusi-1/gamelog/2018 (134 KB)
12:37:39   GET https://www.sports-reference.com/cbb/players/christian-foxen-1/gamelog/2018 (135 KB)
12:37:43   GET https://www.sports-reference.com/cbb/players/mike-noyes-1/gamelog/2018 (146 KB)
12:37:46   GET https://www.sports-reference.com/cbb/players/christian-vital-1/gamelog/2019 (218 KB)
12:37:50   GET https://www.sports-reference.com/cbb/players/jalen-adams-2/gamelog/2019 (201 KB)
12:37:53   GET https://www.sports-reference.com/cbb/players/alterique-gilbert-1/gamelog/2019 (194 KB)
12:37:57   GET https://www.sports-reference.com/cbb/players/josh-carlton-1/gamelog/2019 (215 KB)
12:38:00   GET https://www.sports-reference.com/cbb/players/tyler-polley-1/gamelog/2019 (218 KB)
12:38:04   GET https://www.sports-reference.com/cbb/players/tarin-smith-1/gamelog/2019 (217 KB)
12:38:07   GET https://www.sports-reference.com/cbb/players/sidney-wilson-1/gamelog/2019 (200 KB)
12:38:11   GET https://www.sports-reference.com/cbb/players/eric-cobb-1/gamelog/2019 (213 KB)
12:38:14   GET https://www.sports-reference.com/cbb/players/brendan-adams-1/gamelog/2019 (213 KB)
12:38:19   GET https://www.sports-reference.com/cbb/players/kassoum-yakwe-1/gamelog/2019 (163 KB)
12:38:19   gamelog progress 125/228
12:38:21   GET https://www.sports-reference.com/cbb/players/isaiah-whaley-1/gamelog/2019 (191 KB)
12:38:25   GET https://www.sports-reference.com/cbb/players/kwintin-williams-1/gamelog/2019 (149 KB)
12:38:28   GET https://www.sports-reference.com/cbb/players/temi-aiyegbusi-1/gamelog/2019 (158 KB)
12:38:32   GET https://www.sports-reference.com/cbb/players/daniel-brocke-1/gamelog/2019 (146 KB)
12:38:35   GET https://www.sports-reference.com/cbb/players/mamadou-diarra-2/gamelog/2019 (136 KB)
12:38:39   GET https://www.sports-reference.com/cbb/players/christian-vital-1/gamelog/2020 (208 KB)
12:38:42   GET https://www.sports-reference.com/cbb/players/james-bouknight-1/gamelog/2020 (200 KB)
12:38:46   GET https://www.sports-reference.com/cbb/players/alterique-gilbert-1/gamelog/2020 (206 KB)
12:38:50   GET https://www.sports-reference.com/cbb/players/josh-carlton-1/gamelog/2020 (206 KB)
12:38:53   GET https://www.sports-reference.com/cbb/players/brendan-adams-1/gamelog/2020 (209 KB)
12:38:56   GET https://www.sports-reference.com/cbb/players/isaiah-whaley-1/gamelog/2020 (203 KB)
12:39:00   GET https://www.sports-reference.com/cbb/players/akok-akok-1/gamelog/2020 (194 KB)
12:39:03   GET https://www.sports-reference.com/cbb/players/tyler-polley-1/gamelog/2020 (171 KB)
12:39:07   GET https://www.sports-reference.com/cbb/players/jalen-gaffney-1/gamelog/2020 (207 KB)
12:39:10   GET https://www.sports-reference.com/cbb/players/sidney-wilson-1/gamelog/2020 (188 KB)
12:39:14   GET https://www.sports-reference.com/cbb/players/temi-aiyegbusi-1/gamelog/2020 (156 KB)
12:39:17   GET https://www.sports-reference.com/cbb/players/matt-garry-1/gamelog/2020 (143 KB)
12:39:21   GET https://www.sports-reference.com/cbb/players/james-bouknight-1/gamelog/2021 (179 KB)
12:39:24   GET https://www.sports-reference.com/cbb/players/rj-cole-1/gamelog/2021 (198 KB)
12:39:29   GET https://www.sports-reference.com/cbb/players/tyrese-martin-1/gamelog/2021 (196 KB)
12:39:31   GET https://www.sports-reference.com/cbb/players/isaiah-whaley-1/gamelog/2021 (198 KB)
12:39:35   GET https://www.sports-reference.com/cbb/players/adama-sanogo-1/gamelog/2021 (196 KB)
12:39:38   GET https://www.sports-reference.com/cbb/players/tyler-polley-1/gamelog/2021 (196 KB)
12:39:42   GET https://www.sports-reference.com/cbb/players/jalen-gaffney-1/gamelog/2021 (198 KB)
12:39:45   GET https://www.sports-reference.com/cbb/players/brendan-adams-1/gamelog/2021 (178 KB)
12:39:45   gamelog progress 150/228
12:39:49   GET https://www.sports-reference.com/cbb/players/josh-carlton-1/gamelog/2021 (187 KB)
12:39:52   GET https://www.sports-reference.com/cbb/players/andre-jackson-8/gamelog/2021 (181 KB)
12:39:56   GET https://www.sports-reference.com/cbb/players/akok-akok-1/gamelog/2021 (151 KB)
12:39:59   GET https://www.sports-reference.com/cbb/players/richie-springs-1/gamelog/2021 (150 KB)
12:40:03   GET https://www.sports-reference.com/cbb/players/javonte-brown-1/gamelog/2021 (139 KB)
12:40:06   GET https://www.sports-reference.com/cbb/players/andrew-hurley-1/gamelog/2021 (146 KB)
12:40:10   GET https://www.sports-reference.com/cbb/players/rj-cole-1/gamelog/2022 (222 KB)
12:40:14   GET https://www.sports-reference.com/cbb/players/adama-sanogo-1/gamelog/2022 (212 KB)
12:40:17   GET https://www.sports-reference.com/cbb/players/tyrese-martin-1/gamelog/2022 (213 KB)
12:40:22   GET https://www.sports-reference.com/cbb/players/tyler-polley-1/gamelog/2022 (222 KB)
12:40:24   GET https://www.sports-reference.com/cbb/players/isaiah-whaley-1/gamelog/2022 (219 KB)
12:40:28   GET https://www.sports-reference.com/cbb/players/andre-jackson-8/gamelog/2022 (221 KB)
12:40:31   GET https://www.sports-reference.com/cbb/players/jordan-hawkins-1/gamelog/2022 (198 KB)
12:40:35   GET https://www.sports-reference.com/cbb/players/jalen-gaffney-1/gamelog/2022 (221 KB)
12:40:38   GET https://www.sports-reference.com/cbb/players/akok-akok-1/gamelog/2022 (194 KB)
12:40:42   GET https://www.sports-reference.com/cbb/players/samson-johnson-1/gamelog/2022 (169 KB)
12:40:45   GET https://www.sports-reference.com/cbb/players/richie-springs-1/gamelog/2022 (157 KB)
12:40:49   GET https://www.sports-reference.com/cbb/players/rahsool-diggins-1/gamelog/2022 (161 KB)
12:40:52   GET https://www.sports-reference.com/cbb/players/matt-garry-1/gamelog/2022 (143 KB)
12:40:55   GET https://www.sports-reference.com/cbb/players/andrew-hurley-1/gamelog/2022 (146 KB)
12:40:59   GET https://www.sports-reference.com/cbb/players/adama-sanogo-1/gamelog/2023 (236 KB)
12:41:03   GET https://www.sports-reference.com/cbb/players/jordan-hawkins-1/gamelog/2023 (231 KB)
12:41:06   GET https://www.sports-reference.com/cbb/players/tristen-newton-1/gamelog/2023 (238 KB)
12:41:10   GET https://www.sports-reference.com/cbb/players/alex-karaban-1/gamelog/2023 (234 KB)
12:41:13   GET https://www.sports-reference.com/cbb/players/donovan-clingan-1/gamelog/2023 (234 KB)
12:41:13   gamelog progress 175/228
12:41:18   GET https://www.sports-reference.com/cbb/players/andre-jackson-8/gamelog/2023 (228 KB)
12:41:20   GET https://www.sports-reference.com/cbb/players/joey-calcaterra-1/gamelog/2023 (234 KB)
12:41:24   GET https://www.sports-reference.com/cbb/players/nahiem-alleyne-1/gamelog/2023 (237 KB)
12:41:27   GET https://www.sports-reference.com/cbb/players/hassan-diarra-1/gamelog/2023 (228 KB)
12:41:31   GET https://www.sports-reference.com/cbb/players/richie-springs-1/gamelog/2023 (182 KB)
12:41:34   GET https://www.sports-reference.com/cbb/players/samson-johnson-1/gamelog/2023 (167 KB)
12:41:38   GET https://www.sports-reference.com/cbb/players/apostolos-roumoglou-1/gamelog/2023 (186 KB)
12:41:41   GET https://www.sports-reference.com/cbb/players/andrew-hurley-1/gamelog/2023 (172 KB)
12:41:45   GET https://www.sports-reference.com/cbb/players/yarin-hasson-1/gamelog/2023 (163 KB)
12:41:48   GET https://www.sports-reference.com/cbb/players/emmett-hendry-1/gamelog/2023 (149 KB)
12:41:52   GET https://www.sports-reference.com/cbb/players/andre-johnson-jr-1/gamelog/2023 (158 KB)
12:41:55   GET https://www.sports-reference.com/cbb/players/tristen-newton-1/gamelog/2024 (240 KB)
12:41:59   GET https://www.sports-reference.com/cbb/players/cam-spencer-1/gamelog/2024 (240 KB)
12:42:03   GET https://www.sports-reference.com/cbb/players/alex-karaban-1/gamelog/2024 (235 KB)
12:42:06   GET https://www.sports-reference.com/cbb/players/donovan-clingan-1/gamelog/2024 (225 KB)
12:42:09   GET https://www.sports-reference.com/cbb/players/stephon-castle-2/gamelog/2024 (222 KB)
12:42:13   GET https://www.sports-reference.com/cbb/players/hassan-diarra-1/gamelog/2024 (238 KB)
12:42:16   GET https://www.sports-reference.com/cbb/players/samson-johnson-1/gamelog/2024 (237 KB)
12:42:20   GET https://www.sports-reference.com/cbb/players/solomon-ball-2/gamelog/2024 (233 KB)
12:42:23   GET https://www.sports-reference.com/cbb/players/jaylin-stewart-3/gamelog/2024 (228 KB)
12:42:27   GET https://www.sports-reference.com/cbb/players/apostolos-roumoglou-1/gamelog/2024 (200 KB)
12:42:30   GET https://www.sports-reference.com/cbb/players/jayden-ross-2/gamelog/2024 (195 KB)
12:42:34   GET https://www.sports-reference.com/cbb/players/andrew-hurley-1/gamelog/2024 (184 KB)
12:42:37   GET https://www.sports-reference.com/cbb/players/youssouf-singare-1/gamelog/2024 (194 KB)
12:42:41   GET https://www.sports-reference.com/cbb/players/andre-johnson-jr-1/gamelog/2024 (171 KB)
12:42:41   gamelog progress 200/228
12:42:44   GET https://www.sports-reference.com/cbb/players/solomon-ball-2/gamelog/2025 (224 KB)
12:42:48   GET https://www.sports-reference.com/cbb/players/alex-karaban-1/gamelog/2025 (221 KB)
12:42:51   GET https://www.sports-reference.com/cbb/players/liam-mcneeley-1/gamelog/2025 (206 KB)
12:42:55   GET https://www.sports-reference.com/cbb/players/tarris-reed-jr-1/gamelog/2025 (224 KB)
12:42:58   GET https://www.sports-reference.com/cbb/players/hassan-diarra-1/gamelog/2025 (227 KB)
12:43:02   GET https://www.sports-reference.com/cbb/players/samson-johnson-1/gamelog/2025 (221 KB)
12:43:05   GET https://www.sports-reference.com/cbb/players/jaylin-stewart-3/gamelog/2025 (224 KB)
12:43:09   GET https://www.sports-reference.com/cbb/players/aidan-mahaney-1/gamelog/2025 (224 KB)
12:43:12   GET https://www.sports-reference.com/cbb/players/jayden-ross-2/gamelog/2025 (214 KB)
12:43:16   GET https://www.sports-reference.com/cbb/players/ahmad-nowell-1/gamelog/2025 (180 KB)
12:43:19   GET https://www.sports-reference.com/cbb/players/isaiah-abraham-1/gamelog/2025 (159 KB)
12:43:23   GET https://www.sports-reference.com/cbb/players/youssouf-singare-1/gamelog/2025 (173 KB)
12:43:27   GET https://www.sports-reference.com/cbb/players/alex-karaban-1/gamelog/2026 (237 KB)
12:43:31   GET https://www.sports-reference.com/cbb/players/tarris-reed-jr-1/gamelog/2026 (226 KB)
12:43:33   GET https://www.sports-reference.com/cbb/players/solomon-ball-2/gamelog/2026 (234 KB)
12:43:37   GET https://www.sports-reference.com/cbb/players/braylon-mullins-1/gamelog/2026 (219 KB)
12:43:40   GET https://www.sports-reference.com/cbb/players/silas-demary-jr-2/gamelog/2026 (231 KB)
12:43:44   GET https://www.sports-reference.com/cbb/players/eric-reibe-1/gamelog/2026 (234 KB)
12:43:47   GET https://www.sports-reference.com/cbb/players/jayden-ross-2/gamelog/2026 (231 KB)
12:43:51   GET https://www.sports-reference.com/cbb/players/malachi-smith-2/gamelog/2026 (237 KB)
12:43:54   GET https://www.sports-reference.com/cbb/players/jaylin-stewart-3/gamelog/2026 (208 KB)
12:43:58   GET https://www.sports-reference.com/cbb/players/dwayne-koroma-1/gamelog/2026 (178 KB)
12:44:01   GET https://www.sports-reference.com/cbb/players/alec-millender-1/gamelog/2026 (184 KB)
12:44:05   GET https://www.sports-reference.com/cbb/players/jacob-furphy-1/gamelog/2026 (168 KB)
12:44:08   GET https://www.sports-reference.com/cbb/players/uros-paunovic-1/gamelog/2026 (167 KB)
12:44:08   gamelog progress 225/228
12:44:12   GET https://www.sports-reference.com/cbb/players/rrezon-elezaj-1/gamelog/2026 (140 KB)
12:44:15   GET https://www.sports-reference.com/cbb/players/jacob-ross-1/gamelog/2026 (120 KB)
12:44:15 == build
12:46:36   built 40 seasons, 795 boxscores, 248 players
12:46:36 done in 942s; net=228 cache=1428 404=6
