11:07:39 == build
11:07:40   built 2 seasons, 1 boxscores, 1 players
11:07:40 done in 1s; net=0 cache=14 404=0
11:07:44 == seasons: 40 years
11:07:45   GET https://www.sports-reference.com/cbb/schools/connecticut/men/1987.html (264 KB)
11:07:48   GET https://www.sports-reference.com/cbb/schools/connecticut/men/1987-schedule.html (176 KB)
11:07:52   GET https://www.sports-reference.com/cbb/schools/connecticut/men/1988.html (280 KB)
11:07:55   GET https://www.sports-reference.com/cbb/schools/connecticut/men/1988-schedule.html (186 KB)
11:07:58   GET https://www.sports-reference.com/cbb/schools/connecticut/men/1989.html (274 KB)
11:08:02   GET https://www.sports-reference.com/cbb/schools/connecticut/men/1989-schedule.html (183 KB)
11:08:06   GET https://www.sports-reference.com/cbb/schools/connecticut/men/1990.html (276 KB)
11:08:09   GET https://www.sports-reference.com/cbb/schools/connecticut/men/1990-schedule.html (192 KB)
11:08:13   GET https://www.sports-reference.com/cbb/schools/connecticut/men/1991.html (275 KB)
11:08:16   GET https://www.sports-reference.com/cbb/schools/connecticut/men/1991-schedule.html (184 KB)
11:08:20   GET https://www.sports-reference.com/cbb/schools/connecticut/men/1992.html (281 KB)
11:08:23   GET https://www.sports-reference.com/cbb/schools/connecticut/men/1992-schedule.html (183 KB)
11:08:26   GET https://www.sports-reference.com/cbb/schools/connecticut/men/1993.html (302 KB)
11:08:30   GET https://www.sports-reference.com/cbb/schools/connecticut/men/1993-schedule.html (177 KB)
11:08:34   GET https://www.sports-reference.com/cbb/schools/connecticut/men/1994.html (314 KB)
11:08:37   GET https://www.sports-reference.com/cbb/schools/connecticut/men/1994-schedule.html (187 KB)
11:08:41   GET https://www.sports-reference.com/cbb/schools/connecticut/men/1995.html (328 KB)
11:08:44   GET https://www.sports-reference.com/cbb/schools/connecticut/men/1995-schedule.html (187 KB)
11:08:48   GET https://www.sports-reference.com/cbb/schools/connecticut/men/1996.html (333 KB)
11:08:51   GET https://www.sports-reference.com/cbb/schools/connecticut/men/1996-schedule.html (189 KB)
11:08:55   GET https://www.sports-reference.com/cbb/schools/connecticut/men/1997.html (325 KB)
11:08:58   GET https://www.sports-reference.com/cbb/schools/connecticut/men/1997-schedule.html (185 KB)
11:09:02   GET https://www.sports-reference.com/cbb/schools/connecticut/men/1998.html (335 KB)
11:09:05   GET https://www.sports-reference.com/cbb/schools/connecticut/men/1998-schedule.html (193 KB)
11:09:09   GET https://www.sports-reference.com/cbb/schools/connecticut/men/2000.html (342 KB)
11:09:12   GET https://www.sports-reference.com/cbb/schools/connecticut/men/2000-schedule.html (189 KB)
11:09:16   GET https://www.sports-reference.com/cbb/schools/connecticut/men/2001.html (339 KB)
11:09:19   GET https://www.sports-reference.com/cbb/schools/connecticut/men/2001-schedule.html (184 KB)
11:09:23   GET https://www.sports-reference.com/cbb/schools/connecticut/men/2002.html (455 KB)
11:09:26   GET https://www.sports-reference.com/cbb/schools/connecticut/men/2002-schedule.html (188 KB)
11:09:30   GET https://www.sports-reference.com/cbb/schools/connecticut/men/2003.html (347 KB)
11:09:33   GET https://www.sports-reference.com/cbb/schools/connecticut/men/2003-schedule.html (187 KB)
11:09:37   GET https://www.sports-reference.com/cbb/schools/connecticut/men/2004.html (338 KB)
11:09:40   GET https://www.sports-reference.com/cbb/schools/connecticut/men/2004-schedule.html (196 KB)
11:09:44   GET https://www.sports-reference.com/cbb/schools/connecticut/men/2005.html (446 KB)
11:09:47   GET https://www.sports-reference.com/cbb/schools/connecticut/men/2005-schedule.html (187 KB)
11:09:51   GET https://www.sports-reference.com/cbb/schools/connecticut/men/2006.html (456 KB)
11:09:54   GET https://www.sports-reference.com/cbb/schools/connecticut/men/2006-schedule.html (193 KB)
11:09:58   GET https://www.sports-reference.com/cbb/schools/connecticut/men/2007.html (452 KB)
11:10:01   GET https://www.sports-reference.com/cbb/schools/connecticut/men/2007-schedule.html (185 KB)
11:10:05   GET https://www.sports-reference.com/cbb/schools/connecticut/men/2008.html (477 KB)
11:10:08   GET https://www.sports-reference.com/cbb/schools/connecticut/men/2008-schedule.html (191 KB)
11:10:12   GET https://www.sports-reference.com/cbb/schools/connecticut/men/2009.html (487 KB)
11:10:15   GET https://www.sports-reference.com/cbb/schools/connecticut/men/2009-schedule.html (197 KB)
11:10:19   GET https://www.sports-reference.com/cbb/schools/connecticut/men/2010.html (512 KB)
11:10:22   GET https://www.sports-reference.com/cbb/schools/connecticut/men/2010-schedule.html (192 KB)
11:10:26   GET https://www.sports-reference.com/cbb/schools/connecticut/men/2011.html (518 KB)
11:10:29   GET https://www.sports-reference.com/cbb/schools/connecticut/men/2011-schedule.html (204 KB)
11:10:33   GET https://www.sports-reference.com/cbb/schools/connecticut/men/2012.html (554 KB)
11:10:36   GET https://www.sports-reference.com/cbb/schools/connecticut/men/2012-schedule.html (192 KB)
11:10:40   GET https://www.sports-reference.com/cbb/schools/connecticut/men/2013.html (590 KB)
11:10:43   GET https://www.sports-reference.com/cbb/schools/connecticut/men/2013-schedule.html (182 KB)
11:10:47   GET https://www.sports-reference.com/cbb/schools/connecticut/men/2014.html (581 KB)
11:10:50   GET https://www.sports-reference.com/cbb/schools/connecticut/men/2014-schedule.html (203 KB)
11:10:54   GET https://www.sports-reference.com/cbb/schools/connecticut/men/2015.html (546 KB)
11:10:57   GET https://www.sports-reference.com/cbb/schools/connecticut/men/2015-schedule.html (195 KB)
11:11:01   GET https://www.sports-reference.com/cbb/schools/connecticut/men/2016.html (549 KB)
11:11:04   GET https://www.sports-reference.com/cbb/schools/connecticut/men/2016-schedule.html (197 KB)
11:11:08   GET https://www.sports-reference.com/cbb/schools/connecticut/men/2017.html (528 KB)
11:11:11   GET https://www.sports-reference.com/cbb/schools/connecticut/men/2017-schedule.html (190 KB)
11:11:15   GET https://www.sports-reference.com/cbb/schools/connecticut/men/2018.html (552 KB)
11:11:18   GET https://www.sports-reference.com/cbb/schools/connecticut/men/2018-schedule.html (189 KB)
11:11:22   GET https://www.sports-reference.com/cbb/schools/connecticut/men/2019.html (547 KB)
11:11:25   GET https://www.sports-reference.com/cbb/schools/connecticut/men/2019-schedule.html (190 KB)
11:11:29   GET https://www.sports-reference.com/cbb/schools/connecticut/men/2020.html (507 KB)
11:11:32   GET https://www.sports-reference.com/cbb/schools/connecticut/men/2020-schedule.html (184 KB)
11:11:36   GET https://www.sports-reference.com/cbb/schools/connecticut/men/2021.html (541 KB)
11:11:39   GET https://www.sports-reference.com/cbb/schools/connecticut/men/2021-schedule.html (176 KB)
11:11:43   GET https://www.sports-reference.com/cbb/schools/connecticut/men/2022.html (539 KB)
11:11:46   GET https://www.sports-reference.com/cbb/schools/connecticut/men/2022-schedule.html (193 KB)
11:11:50   GET https://www.sports-reference.com/cbb/schools/connecticut/men/2023.html (595 KB)
11:11:53   GET https://www.sports-reference.com/cbb/schools/connecticut/men/2023-schedule.html (204 KB)
11:11:57   GET https://www.sports-reference.com/cbb/schools/connecticut/men/2025.html (511 KB)
11:12:00   GET https://www.sports-reference.com/cbb/schools/connecticut/men/2025-schedule.html (196 KB)
11:12:04   GET https://www.sports-reference.com/cbb/schools/connecticut/men/2026.html (558 KB)
11:12:07   GET https://www.sports-reference.com/cbb/schools/connecticut/men/2026-schedule.html (205 KB)
11:12:07 == build
11:12:21   built 40 seasons, 1 boxscores, 1 players
11:12:25 == boxscores: 795 linked, 794 to download
11:12:25   GET https://www.sports-reference.com/cbb/boxscores/1990-03-15-boston-university.html (186 KB)
11:12:25   box progress 0/794
11:12:28   GET https://www.sports-reference.com/cbb/boxscores/1990-03-17-california.html (183 KB)
11:12:32   GET https://www.sports-reference.com/cbb/boxscores/1990-03-22-clemson.html (178 KB)
11:12:35   GET https://www.sports-reference.com/cbb/boxscores/1990-03-24-connecticut.html (173 KB)
11:12:39   GET https://www.sports-reference.com/cbb/boxscores/1991-03-14-connecticut.html (182 KB)
11:12:42   GET https://www.sports-reference.com/cbb/boxscores/1991-03-16-connecticut.html (185 KB)
11:12:46   GET https://www.sports-reference.com/cbb/boxscores/1991-03-22-connecticut.html (176 KB)
11:12:49   GET https://www.sports-reference.com/cbb/boxscores/1992-03-19-connecticut.html (181 KB)
11:12:53   GET https://www.sports-reference.com/cbb/boxscores/1992-03-21-connecticut.html (180 KB)
11:12:56   GET https://www.sports-reference.com/cbb/boxscores/1994-03-17-connecticut.html (183 KB)
11:13:00 == build
11:13:00   GET https://www.sports-reference.com/cbb/boxscores/1994-03-19-connecticut.html (181 KB)
11:13:03   GET https://www.sports-reference.com/cbb/boxscores/1994-03-25-connecticut.html (176 KB)
11:13:04   built 1 seasons, 4 boxscores, 0 players
11:13:04 done in 5s; net=0 cache=50 404=0
11:13:07   GET https://www.sports-reference.com/cbb/boxscores/1995-03-16-chattanooga.html (190 KB)
11:13:10   GET https://www.sports-reference.com/cbb/boxscores/1995-03-18-cincinnati.html (177 KB)
11:13:14   GET https://www.sports-reference.com/cbb/boxscores/1995-03-23-connecticut.html (181 KB)
11:13:17   GET https://www.sports-reference.com/cbb/boxscores/1995-03-25-connecticut.html (171 KB)
11:13:21   GET https://www.sports-reference.com/cbb/boxscores/1996-03-14-colgate.html (181 KB)
11:13:24   GET https://www.sports-reference.com/cbb/boxscores/1996-03-16-connecticut.html (183 KB)
11:13:28   GET https://www.sports-reference.com/cbb/boxscores/1996-03-22-connecticut.html (170 KB)
11:13:31   GET https://www.sports-reference.com/cbb/boxscores/1998-03-12-connecticut.html (182 KB)
11:13:35   GET https://www.sports-reference.com/cbb/boxscores/1998-03-14-connecticut.html (175 KB)
11:13:38   GET https://www.sports-reference.com/cbb/boxscores/1998-03-19-connecticut.html (176 KB)
11:13:42   GET https://www.sports-reference.com/cbb/boxscores/1998-03-21-connecticut.html (171 KB)
11:13:45   GET https://www.sports-reference.com/cbb/boxscores/1999-03-11-connecticut.html (181 KB)
11:13:49   GET https://www.sports-reference.com/cbb/boxscores/1999-03-13-connecticut.html (177 KB)
11:13:53   GET https://www.sports-reference.com/cbb/boxscores/1999-03-18-connecticut.html (181 KB)
11:13:53   box progress 25/794
11:13:56   GET https://www.sports-reference.com/cbb/boxscores/1999-03-20-connecticut.html (173 KB)
11:13:59   GET https://www.sports-reference.com/cbb/boxscores/1999-03-27-connecticut.html (172 KB)
11:14:03   GET https://www.sports-reference.com/cbb/boxscores/2000-03-17-connecticut.html (187 KB)
11:14:06   GET https://www.sports-reference.com/cbb/boxscores/2000-03-19-connecticut.html (179 KB)
11:14:10   GET https://www.sports-reference.com/cbb/boxscores/2002-01-10-connecticut.html (176 KB)
11:14:13   GET https://www.sports-reference.com/cbb/boxscores/2002-03-15-connecticut.html (181 KB)
11:14:17   GET https://www.sports-reference.com/cbb/boxscores/2002-03-17-connecticut.html (174 KB)
11:14:21   GET https://www.sports-reference.com/cbb/boxscores/2002-03-22-connecticut.html (174 KB)
11:14:24   GET https://www.sports-reference.com/cbb/boxscores/2002-03-24-connecticut.html (173 KB)
11:14:27   GET https://www.sports-reference.com/cbb/boxscores/2003-03-20-brigham-young.html (185 KB)
11:14:31   GET https://www.sports-reference.com/cbb/boxscores/2003-03-22-connecticut.html (179 KB)
11:14:34   GET https://www.sports-reference.com/cbb/boxscores/2003-03-28-connecticut.html (175 KB)
11:14:38   GET https://www.sports-reference.com/cbb/boxscores/2004-03-18-connecticut.html (184 KB)
11:14:41   GET https://www.sports-reference.com/cbb/boxscores/2004-03-20-connecticut.html (177 KB)
11:14:45   GET https://www.sports-reference.com/cbb/boxscores/2004-03-25-connecticut.html (175 KB)
11:14:48   GET https://www.sports-reference.com/cbb/boxscores/2004-03-27-alabama.html (171 KB)
11:14:52   GET https://www.sports-reference.com/cbb/boxscores/2004-04-03-connecticut.html (171 KB)
11:14:55   GET https://www.sports-reference.com/cbb/boxscores/2004-04-05-connecticut.html (173 KB)
11:14:59   GET https://www.sports-reference.com/cbb/boxscores/2004-11-20-connecticut.html (227 KB)
11:15:03   GET https://www.sports-reference.com/cbb/boxscores/2004-11-30-connecticut.html (226 KB)
11:15:06   GET https://www.sports-reference.com/cbb/boxscores/2004-12-04-connecticut.html (220 KB)
11:15:10   GET https://www.sports-reference.com/cbb/boxscores/2004-12-06-connecticut.html (228 KB)
11:15:13   GET https://www.sports-reference.com/cbb/boxscores/2004-12-22-connecticut.html (226 KB)
11:15:17   GET https://www.sports-reference.com/cbb/boxscores/2004-12-28-connecticut.html (217 KB)
11:15:20   GET https://www.sports-reference.com/cbb/boxscores/2004-12-30-connecticut.html (230 KB)
11:15:20   box progress 50/794
11:15:24   GET https://www.sports-reference.com/cbb/boxscores/2005-01-05-connecticut.html (210 KB)
11:15:27   GET https://www.sports-reference.com/cbb/boxscores/2005-01-08-georgetown.html (214 KB)
11:15:31   GET https://www.sports-reference.com/cbb/boxscores/2005-01-10-oklahoma.html (210 KB)
11:15:34   GET https://www.sports-reference.com/cbb/boxscores/2005-01-15-connecticut.html (211 KB)
11:15:38   GET https://www.sports-reference.com/cbb/boxscores/2005-01-17-seton-hall.html (209 KB)
11:15:41   GET https://www.sports-reference.com/cbb/boxscores/2005-01-22-connecticut.html (214 KB)
11:15:45   GET https://www.sports-reference.com/cbb/boxscores/2005-01-25-west-virginia.html (214 KB)
11:15:48   GET https://www.sports-reference.com/cbb/boxscores/2005-01-30-notre-dame.html (207 KB)
11:15:52   GET https://www.sports-reference.com/cbb/boxscores/2005-02-02-connecticut.html (211 KB)
11:15:55   GET https://www.sports-reference.com/cbb/boxscores/2005-02-05-connecticut.html (212 KB)
11:15:59   GET https://www.sports-reference.com/cbb/boxscores/2005-02-07-syracuse.html (208 KB)
11:16:02   GET https://www.sports-reference.com/cbb/boxscores/2005-02-13-connecticut.html (213 KB)
11:16:06   GET https://www.sports-reference.com/cbb/boxscores/2005-02-15-providence.html (210 KB)
11:16:09   GET https://www.sports-reference.com/cbb/boxscores/2005-02-19-rutgers.html (216 KB)
11:16:13   GET https://www.sports-reference.com/cbb/boxscores/2005-02-21-connecticut.html (211 KB)
11:16:16   GET https://www.sports-reference.com/cbb/boxscores/2005-02-26-pittsburgh.html (212 KB)
11:16:20   GET https://www.sports-reference.com/cbb/boxscores/2005-03-02-connecticut.html (221 KB)
11:16:23   GET https://www.sports-reference.com/cbb/boxscores/2005-03-05-connecticut.html (218 KB)
11:16:27   GET https://www.sports-reference.com/cbb/boxscores/2005-03-10-georgetown.html (213 KB)
11:16:30   GET https://www.sports-reference.com/cbb/boxscores/2005-03-11-connecticut.html (214 KB)
11:16:34   GET https://www.sports-reference.com/cbb/boxscores/2005-03-18-central-florida.html (223 KB)
11:16:37   GET https://www.sports-reference.com/cbb/boxscores/2005-03-20-connecticut.html (220 KB)
11:16:41   GET https://www.sports-reference.com/cbb/boxscores/2005-11-18-pepperdine.html (221 KB)
11:16:44   GET https://www.sports-reference.com/cbb/boxscores/2005-11-21-arkansas.html (215 KB)
11:16:48   GET https://www.sports-reference.com/cbb/boxscores/2005-11-22-arizona.html (221 KB)
11:16:48   box progress 75/794
11:16:51   GET https://www.sports-reference.com/cbb/boxscores/2005-11-23-gonzaga.html (217 KB)
11:16:55   GET https://www.sports-reference.com/cbb/boxscores/2005-12-02-connecticut.html (231 KB)
11:16:58   GET https://www.sports-reference.com/cbb/boxscores/2005-12-08-connecticut.html (213 KB)
11:17:02   GET https://www.sports-reference.com/cbb/boxscores/2005-12-18-connecticut.html (224 KB)
11:17:05   GET https://www.sports-reference.com/cbb/boxscores/2005-12-23-connecticut.html (224 KB)
11:17:09   GET https://www.sports-reference.com/cbb/boxscores/2005-12-28-connecticut.html (223 KB)
11:17:12   GET https://www.sports-reference.com/cbb/boxscores/2005-12-30-connecticut.html (224 KB)
11:17:16   GET https://www.sports-reference.com/cbb/boxscores/2006-01-03-marquette.html (218 KB)
11:17:19   GET https://www.sports-reference.com/cbb/boxscores/2006-01-07-connecticut.html (212 KB)
11:17:23   GET https://www.sports-reference.com/cbb/boxscores/2006-01-09-connecticut.html (210 KB)
11:17:26   GET https://www.sports-reference.com/cbb/boxscores/2006-01-14-connecticut.html (216 KB)
11:17:30   GET https://www.sports-reference.com/cbb/boxscores/2006-01-16-syracuse.html (209 KB)
11:17:33   GET https://www.sports-reference.com/cbb/boxscores/2006-01-21-louisville.html (217 KB)
11:17:37   GET https://www.sports-reference.com/cbb/boxscores/2006-01-25-connecticut.html (214 KB)
11:17:40   GET https://www.sports-reference.com/cbb/boxscores/2006-01-28-providence.html (212 KB)
11:17:44   GET https://www.sports-reference.com/cbb/boxscores/2006-01-31-connecticut.html (217 KB)
11:17:47   GET https://www.sports-reference.com/cbb/boxscores/2006-02-04-indiana.html (217 KB)
11:17:51   GET https://www.sports-reference.com/cbb/boxscores/2006-02-08-connecticut.html (214 KB)
11:17:54   GET https://www.sports-reference.com/cbb/boxscores/2006-02-11-seton-hall.html (214 KB)
11:17:58   GET https://www.sports-reference.com/cbb/boxscores/2006-02-13-villanova.html (207 KB)
11:18:01   GET https://www.sports-reference.com/cbb/boxscores/2006-02-18-west-virginia.html (210 KB)
11:18:05   GET https://www.sports-reference.com/cbb/boxscores/2006-02-21-connecticut.html (206 KB)
11:18:08   GET https://www.sports-reference.com/cbb/boxscores/2006-02-26-connecticut.html (208 KB)
11:18:12   GET https://www.sports-reference.com/cbb/boxscores/2006-03-01-south-florida.html (211 KB)
11:18:15   GET https://www.sports-reference.com/cbb/boxscores/2006-03-04-connecticut.html (216 KB)
11:18:15   box progress 100/794
11:18:19   GET https://www.sports-reference.com/cbb/boxscores/2006-03-09-connecticut.html (209 KB)
11:18:22   GET https://www.sports-reference.com/cbb/boxscores/2006-03-17-albany-ny.html (225 KB)
11:18:26   GET https://www.sports-reference.com/cbb/boxscores/2006-03-19-connecticut.html (222 KB)
11:18:29   GET https://www.sports-reference.com/cbb/boxscores/2006-03-24-connecticut.html (215 KB)
11:18:33   GET https://www.sports-reference.com/cbb/boxscores/2006-03-26-connecticut.html (214 KB)
11:18:36   GET https://www.sports-reference.com/cbb/boxscores/2006-11-10-connecticut.html (219 KB)
11:18:40   GET https://www.sports-reference.com/cbb/boxscores/2006-11-17-connecticut.html (226 KB)
11:18:43   GET https://www.sports-reference.com/cbb/boxscores/2006-11-18-connecticut.html (222 KB)
11:18:47   GET https://www.sports-reference.com/cbb/boxscores/2006-11-19-connecticut.html (217 KB)
11:18:50   GET https://www.sports-reference.com/cbb/boxscores/2006-11-26-connecticut.html (226 KB)
11:18:54   GET https://www.sports-reference.com/cbb/boxscores/2006-11-29-connecticut.html (225 KB)
11:18:57   GET https://www.sports-reference.com/cbb/boxscores/2006-12-03-connecticut.html (227 KB)
11:19:01   GET https://www.sports-reference.com/cbb/boxscores/2006-12-06-connecticut.html (232 KB)
11:19:04   GET https://www.sports-reference.com/cbb/boxscores/2006-12-17-connecticut.html (223 KB)
11:19:08   GET https://www.sports-reference.com/cbb/boxscores/2006-12-20-connecticut.html (215 KB)
11:19:11   GET https://www.sports-reference.com/cbb/boxscores/2006-12-27-connecticut.html (230 KB)
11:19:15   GET https://www.sports-reference.com/cbb/boxscores/2006-12-30-west-virginia.html (217 KB)
11:19:18   GET https://www.sports-reference.com/cbb/boxscores/2007-01-02-connecticut.html (214 KB)
11:19:22   GET https://www.sports-reference.com/cbb/boxscores/2007-01-06-louisiana-state.html (216 KB)
11:19:25   GET https://www.sports-reference.com/cbb/boxscores/2007-01-10-connecticut.html (217 KB)
11:19:29   GET https://www.sports-reference.com/cbb/boxscores/2007-01-13-st-johns-ny.html (214 KB)
11:19:32   GET https://www.sports-reference.com/cbb/boxscores/2007-01-16-pittsburgh.html (212 KB)
11:19:36   GET https://www.sports-reference.com/cbb/boxscores/2007-01-20-connecticut.html (216 KB)
11:19:39   GET https://www.sports-reference.com/cbb/boxscores/2007-01-22-louisville.html (219 KB)
11:19:43   GET https://www.sports-reference.com/cbb/boxscores/2007-01-27-connecticut.html (210 KB)
11:19:43   box progress 125/794
11:19:46   GET https://www.sports-reference.com/cbb/boxscores/2007-01-31-depaul.html (216 KB)
11:19:50   GET https://www.sports-reference.com/cbb/boxscores/2007-02-03-connecticut.html (214 KB)
11:19:53   GET https://www.sports-reference.com/cbb/boxscores/2007-02-05-connecticut.html (209 KB)
11:19:57   GET https://www.sports-reference.com/cbb/boxscores/2007-02-11-georgia-tech.html (217 KB)
11:20:00   GET https://www.sports-reference.com/cbb/boxscores/2007-02-14-connecticut.html (215 KB)
11:20:04   GET https://www.sports-reference.com/cbb/boxscores/2007-02-17-syracuse.html (213 KB)
11:20:07   GET https://www.sports-reference.com/cbb/boxscores/2007-02-21-rutgers.html (216 KB)
11:20:11   GET https://www.sports-reference.com/cbb/boxscores/2007-02-25-connecticut.html (216 KB)
11:20:14   GET https://www.sports-reference.com/cbb/boxscores/2007-02-28-connecticut.html (217 KB)
11:20:18   GET https://www.sports-reference.com/cbb/boxscores/2007-03-03-georgetown.html (220 KB)
11:20:21   GET https://www.sports-reference.com/cbb/boxscores/2007-03-07-connecticut.html (211 KB)
11:20:25   GET https://www.sports-reference.com/cbb/boxscores/2007-11-07-connecticut.html (215 KB)
11:20:28   GET https://www.sports-reference.com/cbb/boxscores/2007-11-08-connecticut.html (222 KB)
11:20:32   GET https://www.sports-reference.com/cbb/boxscores/2007-11-15-gardner-webb.html (220 KB)
11:20:35   GET https://www.sports-reference.com/cbb/boxscores/2007-11-16-connecticut.html (226 KB)
11:20:39   GET https://www.sports-reference.com/cbb/boxscores/2007-11-20-connecticut.html (222 KB)
11:20:42   GET https://www.sports-reference.com/cbb/boxscores/2007-11-26-connecticut.html (222 KB)
11:20:46   GET https://www.sports-reference.com/cbb/boxscores/2007-12-01-connecticut.html (219 KB)
11:20:49   GET https://www.sports-reference.com/cbb/boxscores/2007-12-06-connecticut.html (217 KB)
11:20:53   GET https://www.sports-reference.com/cbb/boxscores/2007-12-16-connecticut.html (218 KB)
11:20:56   GET https://www.sports-reference.com/cbb/boxscores/2007-12-22-connecticut.html (231 KB)
11:21:00   GET https://www.sports-reference.com/cbb/boxscores/2007-12-28-central-florida.html (213 KB)
11:21:03   GET https://www.sports-reference.com/cbb/boxscores/2008-01-03-seton-hall.html (213 KB)
11:21:07   GET https://www.sports-reference.com/cbb/boxscores/2008-01-05-notre-dame.html (211 KB)
11:21:10   GET https://www.sports-reference.com/cbb/boxscores/2008-01-08-connecticut.html (219 KB)
11:21:10   box progress 150/794
11:21:14   GET https://www.sports-reference.com/cbb/boxscores/2008-01-12-georgetown.html (212 KB)
11:21:17   GET https://www.sports-reference.com/cbb/boxscores/2008-01-17-connecticut.html (217 KB)
11:21:21   GET https://www.sports-reference.com/cbb/boxscores/2008-01-20-connecticut.html (214 KB)
11:21:24   GET https://www.sports-reference.com/cbb/boxscores/2008-01-23-cincinnati.html (216 KB)
11:21:28   GET https://www.sports-reference.com/cbb/boxscores/2008-01-26-indiana.html (214 KB)
11:21:31   GET https://www.sports-reference.com/cbb/boxscores/2008-01-28-connecticut.html (211 KB)
11:21:35   GET https://www.sports-reference.com/cbb/boxscores/2008-02-02-connecticut.html (213 KB)
11:21:38   GET https://www.sports-reference.com/cbb/boxscores/2008-02-06-syracuse.html (208 KB)
11:21:42   GET https://www.sports-reference.com/cbb/boxscores/2008-02-09-connecticut.html (219 KB)
11:21:45   GET https://www.sports-reference.com/cbb/boxscores/2008-02-13-connecticut.html (206 KB)
11:21:49   GET https://www.sports-reference.com/cbb/boxscores/2008-02-16-south-florida.html (213 KB)
11:21:52   GET https://www.sports-reference.com/cbb/boxscores/2008-02-19-connecticut.html (205 KB)
11:21:56   GET https://www.sports-reference.com/cbb/boxscores/2008-02-23-villanova.html (210 KB)
11:21:59   GET https://www.sports-reference.com/cbb/boxscores/2008-02-26-rutgers.html (216 KB)
11:22:03   GET https://www.sports-reference.com/cbb/boxscores/2008-03-01-connecticut.html (212 KB)
11:22:06   GET https://www.sports-reference.com/cbb/boxscores/2008-03-06-providence.html (212 KB)
11:22:10   GET https://www.sports-reference.com/cbb/boxscores/2008-03-09-connecticut.html (223 KB)
11:22:14   GET https://www.sports-reference.com/cbb/boxscores/2008-03-13-connecticut.html (207 KB)
11:22:17   GET https://www.sports-reference.com/cbb/boxscores/2008-03-21-connecticut.html (223 KB)
11:22:21   GET https://www.sports-reference.com/cbb/boxscores/2008-11-14-connecticut.html (231 KB)
11:22:24   GET https://www.sports-reference.com/cbb/boxscores/2008-11-17-connecticut.html (227 KB)
11:22:28   GET https://www.sports-reference.com/cbb/boxscores/2008-11-21-la-salle.html (216 KB)
11:22:31   GET https://www.sports-reference.com/cbb/boxscores/2008-11-23-miami-fl.html (216 KB)
11:22:34   GET https://www.sports-reference.com/cbb/boxscores/2008-11-24-wisconsin.html (212 KB)
11:22:38   GET https://www.sports-reference.com/cbb/boxscores/2008-11-29-connecticut.html (222 KB)
11:22:38   box progress 175/794
11:22:41   GET https://www.sports-reference.com/cbb/boxscores/2008-12-01-connecticut.html (222 KB)
11:22:45   GET https://www.sports-reference.com/cbb/boxscores/2008-12-04-buffalo.html (213 KB)
11:22:48   GET https://www.sports-reference.com/cbb/boxscores/2008-12-15-connecticut.html (223 KB)
11:22:52   GET https://www.sports-reference.com/cbb/boxscores/2008-12-20-gonzaga.html (219 KB)
11:22:55   GET https://www.sports-reference.com/cbb/boxscores/2008-12-26-connecticut.html (218 KB)
11:22:59   GET https://www.sports-reference.com/cbb/boxscores/2008-12-29-connecticut.html (206 KB)
11:23:03   GET https://www.sports-reference.com/cbb/boxscores/2009-01-03-connecticut.html (218 KB)
11:23:06   GET https://www.sports-reference.com/cbb/boxscores/2009-01-06-west-virginia.html (208 KB)
11:23:10   GET https://www.sports-reference.com/cbb/boxscores/2009-01-10-cincinnati.html (215 KB)
11:23:13   GET https://www.sports-reference.com/cbb/boxscores/2009-01-15-st-johns-ny.html (205 KB)
11:23:17   GET https://www.sports-reference.com/cbb/boxscores/2009-01-18-connecticut.html (206 KB)
11:23:20   GET https://www.sports-reference.com/cbb/boxscores/2009-01-21-connecticut.html (208 KB)
11:23:24   GET https://www.sports-reference.com/cbb/boxscores/2009-01-24-notre-dame.html (211 KB)
11:23:27   GET https://www.sports-reference.com/cbb/boxscores/2009-01-28-depaul.html (220 KB)
11:23:31   GET https://www.sports-reference.com/cbb/boxscores/2009-01-31-connecticut.html (220 KB)
11:23:34   GET https://www.sports-reference.com/cbb/boxscores/2009-02-02-louisville.html (214 KB)
11:23:38   GET https://www.sports-reference.com/cbb/boxscores/2009-02-07-connecticut.html (216 KB)
11:23:41   GET https://www.sports-reference.com/cbb/boxscores/2009-02-11-connecticut.html (205 KB)
11:23:45   GET https://www.sports-reference.com/cbb/boxscores/2009-02-14-seton-hall.html (203 KB)
11:23:48   GET https://www.sports-reference.com/cbb/boxscores/2009-02-16-connecticut.html (209 KB)
11:23:52   GET https://www.sports-reference.com/cbb/boxscores/2009-02-21-connecticut.html (212 KB)
11:23:55   GET https://www.sports-reference.com/cbb/boxscores/2009-02-25-marquette.html (205 KB)
11:23:59   GET https://www.sports-reference.com/cbb/boxscores/2009-02-28-connecticut.html (217 KB)
11:24:02   GET https://www.sports-reference.com/cbb/boxscores/2009-03-12-connecticut.html (211 KB)
11:24:06   GET https://www.sports-reference.com/cbb/boxscores/2009-03-19-chattanooga.html (240 KB)
11:24:06   box progress 200/794
11:24:09   GET https://www.sports-reference.com/cbb/boxscores/2009-03-21-connecticut.html (226 KB)
11:24:13   GET https://www.sports-reference.com/cbb/boxscores/2009-03-26-connecticut.html (221 KB)
11:24:16   GET https://www.sports-reference.com/cbb/boxscores/2009-03-28-connecticut.html (218 KB)
11:24:20   GET https://www.sports-reference.com/cbb/boxscores/2009-04-04-connecticut.html (216 KB)
11:24:23   GET https://www.sports-reference.com/cbb/boxscores/2009-11-13-connecticut.html (220 KB)
11:24:27   GET https://www.sports-reference.com/cbb/boxscores/2009-11-16-connecticut.html (219 KB)
11:24:30   GET https://www.sports-reference.com/cbb/boxscores/2009-11-17-connecticut.html (211 KB)
11:24:34   GET https://www.sports-reference.com/cbb/boxscores/2009-11-25-louisiana-state.html (214 KB)
11:24:37   GET https://www.sports-reference.com/cbb/boxscores/2009-11-27-connecticut.html (222 KB)
11:24:41   GET https://www.sports-reference.com/cbb/boxscores/2009-12-02-connecticut.html (220 KB)
11:24:44   GET https://www.sports-reference.com/cbb/boxscores/2009-12-06-connecticut.html (216 KB)
11:24:48   GET https://www.sports-reference.com/cbb/boxscores/2009-12-09-connecticut.html (215 KB)
11:24:51   GET https://www.sports-reference.com/cbb/boxscores/2009-12-20-connecticut.html (217 KB)
11:24:55   GET https://www.sports-reference.com/cbb/boxscores/2009-12-22-connecticut.html (228 KB)
11:24:58   GET https://www.sports-reference.com/cbb/boxscores/2009-12-27-connecticut.html (217 KB)
11:25:02   GET https://www.sports-reference.com/cbb/boxscores/2009-12-30-cincinnati.html (215 KB)
11:25:05   GET https://www.sports-reference.com/cbb/boxscores/2010-01-02-connecticut.html (217 KB)
11:25:09   GET https://www.sports-reference.com/cbb/boxscores/2010-01-06-connecticut.html (217 KB)
11:25:12   GET https://www.sports-reference.com/cbb/boxscores/2010-01-09-georgetown.html (208 KB)
11:25:16   GET https://www.sports-reference.com/cbb/boxscores/2010-01-13-connecticut.html (214 KB)
11:25:20   GET https://www.sports-reference.com/cbb/boxscores/2010-01-17-michigan.html (214 KB)
11:25:23   GET https://www.sports-reference.com/cbb/boxscores/2010-01-20-connecticut.html (217 KB)
11:25:26   GET https://www.sports-reference.com/cbb/boxscores/2010-01-23-connecticut.html (225 KB)
11:25:30   GET https://www.sports-reference.com/cbb/boxscores/2010-01-27-providence.html (218 KB)
11:25:33   GET https://www.sports-reference.com/cbb/boxscores/2010-01-30-connecticut.html (215 KB)
11:25:33   box progress 225/794
11:25:37   GET https://www.sports-reference.com/cbb/boxscores/2010-02-01-louisville.html (218 KB)
11:25:40   GET https://www.sports-reference.com/cbb/boxscores/2010-02-06-connecticut.html (219 KB)
11:25:44   GET https://www.sports-reference.com/cbb/boxscores/2010-02-10-syracuse.html (207 KB)
11:25:48   GET https://www.sports-reference.com/cbb/boxscores/2010-02-13-connecticut.html (217 KB)
11:25:51   GET https://www.sports-reference.com/cbb/boxscores/2010-02-15-villanova.html (216 KB)
11:25:54   GET https://www.sports-reference.com/cbb/boxscores/2010-02-20-rutgers.html (211 KB)
11:25:58   GET https://www.sports-reference.com/cbb/boxscores/2010-02-22-connecticut.html (216 KB)
11:26:01   GET https://www.sports-reference.com/cbb/boxscores/2010-02-28-connecticut.html (216 KB)
11:26:05   GET https://www.sports-reference.com/cbb/boxscores/2010-03-03-notre-dame.html (214 KB)
11:26:08   GET https://www.sports-reference.com/cbb/boxscores/2010-03-06-south-florida.html (221 KB)
11:26:12   GET https://www.sports-reference.com/cbb/boxscores/2010-03-09-connecticut.html (220 KB)
11:26:15   GET https://www.sports-reference.com/cbb/boxscores/2010-03-16-connecticut.html (219 KB)
11:26:19   GET https://www.sports-reference.com/cbb/boxscores/2010-03-22-virginia-tech.html (214 KB)
11:26:22   GET https://www.sports-reference.com/cbb/boxscores/2010-11-12-connecticut.html (227 KB)
11:26:26   GET https://www.sports-reference.com/cbb/boxscores/2010-11-17-connecticut.html (231 KB)
11:26:29   GET https://www.sports-reference.com/cbb/boxscores/2010-11-22-connecticut.html (224 KB)
11:26:33   GET https://www.sports-reference.com/cbb/boxscores/2010-11-23-michigan-state.html (224 KB)
11:26:36   GET https://www.sports-reference.com/cbb/boxscores/2010-11-24-kentucky.html (220 KB)
11:26:40   GET https://www.sports-reference.com/cbb/boxscores/2010-11-30-connecticut.html (223 KB)
11:26:43   GET https://www.sports-reference.com/cbb/boxscores/2010-12-03-connecticut.html (226 KB)
11:26:47   GET https://www.sports-reference.com/cbb/boxscores/2010-12-08-connecticut.html (231 KB)
11:26:50   GET https://www.sports-reference.com/cbb/boxscores/2010-12-20-connecticut.html (223 KB)
11:26:54   GET https://www.sports-reference.com/cbb/boxscores/2010-12-22-connecticut.html (224 KB)
11:26:57   GET https://www.sports-reference.com/cbb/boxscores/2010-12-27-pittsburgh.html (219 KB)
11:27:01   GET https://www.sports-reference.com/cbb/boxscores/2010-12-31-connecticut.html (220 KB)
11:27:01   box progress 250/794
11:27:04   GET https://www.sports-reference.com/cbb/boxscores/2011-01-04-notre-dame.html (213 KB)
11:27:08   GET https://www.sports-reference.com/cbb/boxscores/2011-01-08-texas.html (222 KB)
11:27:11   GET https://www.sports-reference.com/cbb/boxscores/2011-01-11-connecticut.html (220 KB)
11:27:15   GET https://www.sports-reference.com/cbb/boxscores/2011-01-15-depaul.html (223 KB)
11:27:18   GET https://www.sports-reference.com/cbb/boxscores/2011-01-17-connecticut.html (215 KB)
11:27:22   GET https://www.sports-reference.com/cbb/boxscores/2011-01-22-connecticut.html (225 KB)
11:27:25   GET https://www.sports-reference.com/cbb/boxscores/2011-01-25-marquette.html (217 KB)
11:27:29   GET https://www.sports-reference.com/cbb/boxscores/2011-01-29-connecticut.html (221 KB)
11:27:32   GET https://www.sports-reference.com/cbb/boxscores/2011-02-02-connecticut.html (218 KB)
11:27:36   GET https://www.sports-reference.com/cbb/boxscores/2011-02-05-seton-hall.html (220 KB)
11:27:39   GET https://www.sports-reference.com/cbb/boxscores/2011-02-10-st-johns-ny.html (222 KB)
11:27:43   GET https://www.sports-reference.com/cbb/boxscores/2011-02-13-connecticut.html (217 KB)
11:27:46   GET https://www.sports-reference.com/cbb/boxscores/2011-02-16-connecticut.html (219 KB)
11:27:50   GET https://www.sports-reference.com/cbb/boxscores/2011-02-18-louisville.html (218 KB)
11:27:53   GET https://www.sports-reference.com/cbb/boxscores/2011-02-24-connecticut.html (219 KB)
11:27:57   GET https://www.sports-reference.com/cbb/boxscores/2011-02-27-cincinnati.html (218 KB)
11:28:00   GET https://www.sports-reference.com/cbb/boxscores/2011-03-02-west-virginia.html (216 KB)
11:28:04   GET https://www.sports-reference.com/cbb/boxscores/2011-03-05-connecticut.html (214 KB)
11:28:07   GET https://www.sports-reference.com/cbb/boxscores/2011-03-08-connecticut.html (222 KB)
11:28:11   GET https://www.sports-reference.com/cbb/boxscores/2011-03-09-georgetown.html (218 KB)
11:28:14   GET https://www.sports-reference.com/cbb/boxscores/2011-03-10-pittsburgh.html (216 KB)
11:28:18   GET https://www.sports-reference.com/cbb/boxscores/2011-03-11-syracuse.html (215 KB)
11:28:21   GET https://www.sports-reference.com/cbb/boxscores/2011-03-12-louisville.html (218 KB)
11:28:25   GET https://www.sports-reference.com/cbb/boxscores/2011-03-17-bucknell.html (242 KB)
11:28:28   GET https://www.sports-reference.com/cbb/boxscores/2011-03-19-cincinnati.html (229 KB)
11:28:28   box progress 275/794
11:28:32   GET https://www.sports-reference.com/cbb/boxscores/2011-03-24-connecticut.html (220 KB)
11:28:35   GET https://www.sports-reference.com/cbb/boxscores/2011-03-26-arizona.html (220 KB)
11:28:39   GET https://www.sports-reference.com/cbb/boxscores/2011-04-02-connecticut.html (214 KB)
11:28:42   GET https://www.sports-reference.com/cbb/boxscores/2011-04-04-butler.html (220 KB)
11:28:46   GET https://www.sports-reference.com/cbb/boxscores/2011-11-11-connecticut.html (227 KB)
11:28:50   GET https://www.sports-reference.com/cbb/boxscores/2011-11-14-connecticut.html (224 KB)
11:28:53   GET https://www.sports-reference.com/cbb/boxscores/2011-11-17-connecticut.html (223 KB)
11:28:56   GET https://www.sports-reference.com/cbb/boxscores/2011-11-20-connecticut.html (225 KB)
11:29:00   GET https://www.sports-reference.com/cbb/boxscores/2011-11-24-connecticut.html (215 KB)
11:29:03   GET https://www.sports-reference.com/cbb/boxscores/2011-11-25-central-florida.html (220 KB)
11:29:07   GET https://www.sports-reference.com/cbb/boxscores/2011-11-26-connecticut.html (215 KB)
11:29:10   GET https://www.sports-reference.com/cbb/boxscores/2011-12-03-connecticut.html (219 KB)
11:29:14   GET https://www.sports-reference.com/cbb/boxscores/2011-12-08-connecticut.html (220 KB)
11:29:17   GET https://www.sports-reference.com/cbb/boxscores/2011-12-18-connecticut.html (226 KB)
11:29:21   GET https://www.sports-reference.com/cbb/boxscores/2011-12-22-connecticut.html (221 KB)
11:29:24   GET https://www.sports-reference.com/cbb/boxscores/2011-12-28-south-florida.html (214 KB)
11:29:28   GET https://www.sports-reference.com/cbb/boxscores/2011-12-31-connecticut.html (220 KB)
11:29:31   GET https://www.sports-reference.com/cbb/boxscores/2012-01-03-seton-hall.html (217 KB)
11:29:35   GET https://www.sports-reference.com/cbb/boxscores/2012-01-07-rutgers.html (217 KB)
11:29:39   GET https://www.sports-reference.com/cbb/boxscores/2012-01-09-connecticut.html (215 KB)
11:29:42   GET https://www.sports-reference.com/cbb/boxscores/2012-01-14-notre-dame.html (217 KB)
11:29:46   GET https://www.sports-reference.com/cbb/boxscores/2012-01-18-connecticut.html (216 KB)
11:29:49   GET https://www.sports-reference.com/cbb/boxscores/2012-01-21-tennessee.html (225 KB)
11:29:53   GET https://www.sports-reference.com/cbb/boxscores/2012-01-29-connecticut.html (212 KB)
11:29:56   GET https://www.sports-reference.com/cbb/boxscores/2012-02-01-georgetown.html (217 KB)
11:29:56   box progress 300/794
11:30:00   GET https://www.sports-reference.com/cbb/boxscores/2012-02-04-connecticut.html (221 KB)
11:30:03   GET https://www.sports-reference.com/cbb/boxscores/2012-02-06-louisville.html (221 KB)
11:30:07   GET https://www.sports-reference.com/cbb/boxscores/2012-02-11-syracuse.html (227 KB)
11:30:10   GET https://www.sports-reference.com/cbb/boxscores/2012-02-15-connecticut.html (220 KB)
11:30:14   GET https://www.sports-reference.com/cbb/boxscores/2012-02-18-connecticut.html (219 KB)
11:30:17   GET https://www.sports-reference.com/cbb/boxscores/2012-02-20-villanova.html (210 KB)
11:30:21   GET https://www.sports-reference.com/cbb/boxscores/2012-02-25-connecticut.html (218 KB)
11:30:24   GET https://www.sports-reference.com/cbb/boxscores/2012-02-28-providence.html (212 KB)
11:30:28   GET https://www.sports-reference.com/cbb/boxscores/2012-03-03-connecticut.html (217 KB)
11:30:31   GET https://www.sports-reference.com/cbb/boxscores/2012-03-06-connecticut.html (218 KB)
11:30:35   GET https://www.sports-reference.com/cbb/boxscores/2012-03-07-connecticut.html (214 KB)
11:30:38   GET https://www.sports-reference.com/cbb/boxscores/2012-03-08-connecticut.html (216 KB)
11:30:42   GET https://www.sports-reference.com/cbb/boxscores/2012-03-15-connecticut.html (223 KB)
11:30:45   GET https://www.sports-reference.com/cbb/boxscores/2012-11-09-connecticut.html (221 KB)
11:30:49   GET https://www.sports-reference.com/cbb/boxscores/2012-11-13-connecticut.html (221 KB)
11:30:52   GET https://www.sports-reference.com/cbb/boxscores/2012-11-16-connecticut.html (224 KB)
11:30:56   GET https://www.sports-reference.com/cbb/boxscores/2012-11-18-connecticut.html (220 KB)
11:30:59   GET https://www.sports-reference.com/cbb/boxscores/2012-11-19-connecticut.html (218 KB)
11:31:03   GET https://www.sports-reference.com/cbb/boxscores/2012-11-25-connecticut.html (217 KB)
11:31:06   GET https://www.sports-reference.com/cbb/boxscores/2012-11-29-connecticut.html (215 KB)
11:31:10   GET https://www.sports-reference.com/cbb/boxscores/2012-12-04-connecticut.html (213 KB)
11:31:13   GET https://www.sports-reference.com/cbb/boxscores/2012-12-07-connecticut.html (209 KB)
11:31:17   GET https://www.sports-reference.com/cbb/boxscores/2012-12-17-connecticut.html (234 KB)
11:31:20   GET https://www.sports-reference.com/cbb/boxscores/2012-12-21-connecticut.html (227 KB)
11:31:24   GET https://www.sports-reference.com/cbb/boxscores/2012-12-29-connecticut.html (218 KB)
11:31:24   box progress 325/794
11:31:27   GET https://www.sports-reference.com/cbb/boxscores/2013-01-01-marquette.html (218 KB)
11:31:31   GET https://www.sports-reference.com/cbb/boxscores/2013-01-08-connecticut.html (229 KB)
11:31:34   GET https://www.sports-reference.com/cbb/boxscores/2013-01-12-notre-dame.html (210 KB)
11:31:38   GET https://www.sports-reference.com/cbb/boxscores/2013-01-14-connecticut.html (212 KB)
11:31:41   GET https://www.sports-reference.com/cbb/boxscores/2013-01-19-pittsburgh.html (219 KB)
11:31:45   GET https://www.sports-reference.com/cbb/boxscores/2013-01-27-connecticut.html (214 KB)
11:31:48   GET https://www.sports-reference.com/cbb/boxscores/2013-01-31-providence.html (214 KB)
11:31:52   GET https://www.sports-reference.com/cbb/boxscores/2013-02-03-connecticut.html (215 KB)
11:31:55   GET https://www.sports-reference.com/cbb/boxscores/2013-02-06-st-johns-ny.html (214 KB)
11:31:59   GET https://www.sports-reference.com/cbb/boxscores/2013-02-10-seton-hall.html (212 KB)
11:32:02   GET https://www.sports-reference.com/cbb/boxscores/2013-02-13-connecticut.html (211 KB)
11:32:06   GET https://www.sports-reference.com/cbb/boxscores/2013-02-16-connecticut.html (218 KB)
11:32:09   GET https://www.sports-reference.com/cbb/boxscores/2013-02-21-connecticut.html (216 KB)
11:32:13   GET https://www.sports-reference.com/cbb/boxscores/2013-02-23-depaul.html (235 KB)
11:32:16   GET https://www.sports-reference.com/cbb/boxscores/2013-02-27-connecticut.html (211 KB)
11:32:20   GET https://www.sports-reference.com/cbb/boxscores/2013-03-02-cincinnati.html (216 KB)
11:32:23   GET https://www.sports-reference.com/cbb/boxscores/2013-03-06-south-florida.html (219 KB)
11:32:27   GET https://www.sports-reference.com/cbb/boxscores/2013-03-09-connecticut.html (211 KB)
11:32:30   GET https://www.sports-reference.com/cbb/boxscores/2013-11-08-connecticut.html (226 KB)
11:32:34   GET https://www.sports-reference.com/cbb/boxscores/2013-11-11-connecticut.html (227 KB)
11:32:37   GET https://www.sports-reference.com/cbb/boxscores/2013-11-14-connecticut.html (230 KB)
11:32:41   GET https://www.sports-reference.com/cbb/boxscores/2013-11-17-connecticut.html (215 KB)
11:32:44   GET https://www.sports-reference.com/cbb/boxscores/2013-11-21-boston-college.html (226 KB)
11:32:48   GET https://www.sports-reference.com/cbb/boxscores/2013-11-22-connecticut.html (223 KB)
11:32:51   GET https://www.sports-reference.com/cbb/boxscores/2013-11-26-connecticut.html (231 KB)
11:32:51   box progress 350/794
11:32:55   GET https://www.sports-reference.com/cbb/boxscores/2013-12-02-connecticut.html (216 KB)
11:32:58   GET https://www.sports-reference.com/cbb/boxscores/2013-12-06-connecticut.html (229 KB)
11:33:02   GET https://www.sports-reference.com/cbb/boxscores/2013-12-18-connecticut.html (216 KB)
11:33:05   GET https://www.sports-reference.com/cbb/boxscores/2013-12-22-washington.html (220 KB)
11:33:09   GET https://www.sports-reference.com/cbb/boxscores/2013-12-28-connecticut.html (229 KB)
11:33:12   GET https://www.sports-reference.com/cbb/boxscores/2013-12-31-houston.html (219 KB)
11:33:16   GET https://www.sports-reference.com/cbb/boxscores/2014-01-04-southern-methodist.html (223 KB)
11:33:19   GET https://www.sports-reference.com/cbb/boxscores/2014-01-08-connecticut.html (215 KB)
11:33:23   GET https://www.sports-reference.com/cbb/boxscores/2014-01-11-connecticut.html (226 KB)
11:33:26   GET https://www.sports-reference.com/cbb/boxscores/2014-01-16-memphis.html (214 KB)
11:33:30   GET https://www.sports-reference.com/cbb/boxscores/2014-01-18-connecticut.html (218 KB)
11:33:33   GET https://www.sports-reference.com/cbb/boxscores/2014-01-21-connecticut.html (223 KB)
11:33:37   GET https://www.sports-reference.com/cbb/boxscores/2014-01-25-rutgers.html (216 KB)
11:33:40   GET https://www.sports-reference.com/cbb/boxscores/2014-01-30-connecticut.html (231 KB)
11:33:44   GET https://www.sports-reference.com/cbb/boxscores/2014-02-06-cincinnati.html (214 KB)
11:33:47   GET https://www.sports-reference.com/cbb/boxscores/2014-02-09-central-florida.html (223 KB)
11:33:51   GET https://www.sports-reference.com/cbb/boxscores/2014-02-12-connecticut.html (225 KB)
11:33:54   GET https://www.sports-reference.com/cbb/boxscores/2014-02-15-connecticut.html (217 KB)
11:33:59   GET https://www.sports-reference.com/cbb/boxscores/2014-02-20-temple.html (212 KB)
11:34:01   GET https://www.sports-reference.com/cbb/boxscores/2014-02-23-connecticut.html (218 KB)
11:34:05   GET https://www.sports-reference.com/cbb/boxscores/2014-02-26-south-florida.html (219 KB)
11:34:08   GET https://www.sports-reference.com/cbb/boxscores/2014-03-01-connecticut.html (220 KB)
11:34:12   GET https://www.sports-reference.com/cbb/boxscores/2014-03-05-connecticut.html (221 KB)
11:34:15   GET https://www.sports-reference.com/cbb/boxscores/2014-03-08-louisville.html (228 KB)
11:34:19   GET https://www.sports-reference.com/cbb/boxscores/2014-03-13-connecticut.html (226 KB)
11:34:19   box progress 375/794
11:34:22   GET https://www.sports-reference.com/cbb/boxscores/2014-03-14-cincinnati.html (215 KB)
11:34:26   GET https://www.sports-reference.com/cbb/boxscores/2014-03-15-connecticut.html (216 KB)
11:34:29   GET https://www.sports-reference.com/cbb/boxscores/2014-03-20-connecticut.html (228 KB)
11:34:33   GET https://www.sports-reference.com/cbb/boxscores/2014-03-22-connecticut.html (224 KB)
11:34:36   GET https://www.sports-reference.com/cbb/boxscores/2014-03-28-connecticut.html (220 KB)
11:34:40   GET https://www.sports-reference.com/cbb/boxscores/2014-03-30-connecticut.html (216 KB)
11:34:43   GET https://www.sports-reference.com/cbb/boxscores/2014-04-05-connecticut.html (216 KB)
11:34:47   GET https://www.sports-reference.com/cbb/boxscores/2014-04-07-connecticut.html (211 KB)
11:34:50   GET https://www.sports-reference.com/cbb/boxscores/2014-11-14-connecticut.html (218 KB)
11:34:54   GET https://www.sports-reference.com/cbb/boxscores/2014-11-20-college-of-charleston.html (223 KB)
11:34:57   GET https://www.sports-reference.com/cbb/boxscores/2014-11-21-connecticut.html (213 KB)
11:35:01   GET https://www.sports-reference.com/cbb/boxscores/2014-11-23-connecticut.html (216 KB)
11:35:04   GET https://www.sports-reference.com/cbb/boxscores/2014-11-30-connecticut.html (214 KB)
11:35:08   GET https://www.sports-reference.com/cbb/boxscores/2014-12-05-connecticut.html (212 KB)
11:35:11   GET https://www.sports-reference.com/cbb/boxscores/2014-12-14-connecticut.html (225 KB)
11:35:15   GET https://www.sports-reference.com/cbb/boxscores/2014-12-18-connecticut.html (218 KB)
11:35:18   GET https://www.sports-reference.com/cbb/boxscores/2014-12-22-columbia.html (237 KB)
11:35:22   GET https://www.sports-reference.com/cbb/boxscores/2014-12-28-connecticut.html (227 KB)
11:35:25   GET https://www.sports-reference.com/cbb/boxscores/2014-12-31-connecticut.html (218 KB)
11:35:29   GET https://www.sports-reference.com/cbb/boxscores/2015-01-03-florida.html (223 KB)
11:35:32   GET https://www.sports-reference.com/cbb/boxscores/2015-01-06-south-florida.html (219 KB)
11:35:36   GET https://www.sports-reference.com/cbb/boxscores/2015-01-10-connecticut.html (219 KB)
11:35:39   GET https://www.sports-reference.com/cbb/boxscores/2015-01-13-tulsa.html (216 KB)
11:35:43   GET https://www.sports-reference.com/cbb/boxscores/2015-01-17-stanford.html (218 KB)
11:35:47   GET https://www.sports-reference.com/cbb/boxscores/2015-01-22-connecticut.html (216 KB)
11:35:47   box progress 400/794
11:35:50   GET https://www.sports-reference.com/cbb/boxscores/2015-01-25-connecticut.html (217 KB)
11:35:53   GET https://www.sports-reference.com/cbb/boxscores/2015-01-29-cincinnati.html (216 KB)
11:35:57   GET https://www.sports-reference.com/cbb/boxscores/2015-02-01-houston.html (210 KB)
11:36:00   GET https://www.sports-reference.com/cbb/boxscores/2015-02-04-connecticut.html (215 KB)
11:36:04   GET https://www.sports-reference.com/cbb/boxscores/2015-02-07-tulane.html (218 KB)
11:36:07   GET https://www.sports-reference.com/cbb/boxscores/2015-02-12-connecticut.html (227 KB)
11:36:11   GET https://www.sports-reference.com/cbb/boxscores/2015-02-14-southern-methodist.html (222 KB)
11:36:15   GET https://www.sports-reference.com/cbb/boxscores/2015-02-19-memphis.html (213 KB)
11:36:18   GET https://www.sports-reference.com/cbb/boxscores/2015-02-22-connecticut.html (217 KB)
11:36:21   GET https://www.sports-reference.com/cbb/boxscores/2015-02-25-east-carolina.html (213 KB)
11:36:25   GET https://www.sports-reference.com/cbb/boxscores/2015-03-01-connecticut.html (219 KB)
11:36:28   GET https://www.sports-reference.com/cbb/boxscores/2015-03-05-connecticut.html (210 KB)
11:36:32   GET https://www.sports-reference.com/cbb/boxscores/2015-03-07-temple.html (216 KB)
11:36:36   GET https://www.sports-reference.com/cbb/boxscores/2015-03-12-connecticut.html (217 KB)
11:36:39   GET https://www.sports-reference.com/cbb/boxscores/2015-03-13-cincinnati.html (214 KB)
11:36:43   GET https://www.sports-reference.com/cbb/boxscores/2015-03-14-connecticut.html (210 KB)
11:36:46   GET https://www.sports-reference.com/cbb/boxscores/2015-03-15-connecticut.html (210 KB)
11:36:50   GET https://www.sports-reference.com/cbb/boxscores/2015-03-18-connecticut.html (213 KB)
11:36:53   GET https://www.sports-reference.com/cbb/boxscores/2015-11-13-connecticut.html (231 KB)
11:36:57   GET https://www.sports-reference.com/cbb/boxscores/2015-11-17-connecticut.html (218 KB)
11:37:00   GET https://www.sports-reference.com/cbb/boxscores/2015-11-21-connecticut.html (236 KB)
11:37:04   GET https://www.sports-reference.com/cbb/boxscores/2015-11-25-michigan.html (223 KB)
11:37:08   GET https://www.sports-reference.com/cbb/boxscores/2015-11-26-syracuse.html (217 KB)
11:37:11   GET https://www.sports-reference.com/cbb/boxscores/2015-11-27-gonzaga.html (221 KB)
11:37:14   GET https://www.sports-reference.com/cbb/boxscores/2015-12-02-connecticut.html (234 KB)
11:37:14   box progress 425/794
11:37:18   GET https://www.sports-reference.com/cbb/boxscores/2015-12-08-connecticut.html (227 KB)
11:37:21   GET https://www.sports-reference.com/cbb/boxscores/2015-12-12-connecticut.html (230 KB)
11:37:25   GET https://www.sports-reference.com/cbb/boxscores/2015-12-20-connecticut.html (220 KB)
11:37:28   GET https://www.sports-reference.com/cbb/boxscores/2015-12-23-connecticut.html (227 KB)
11:37:32   GET https://www.sports-reference.com/cbb/boxscores/2015-12-29-texas.html (219 KB)
11:37:35   GET https://www.sports-reference.com/cbb/boxscores/2016-01-02-tulane.html (219 KB)
11:37:39   GET https://www.sports-reference.com/cbb/boxscores/2016-01-05-connecticut.html (220 KB)
11:37:42   GET https://www.sports-reference.com/cbb/boxscores/2016-01-09-connecticut.html (221 KB)
11:37:46   GET https://www.sports-reference.com/cbb/boxscores/2016-01-14-tulsa.html (216 KB)
11:37:49   GET https://www.sports-reference.com/cbb/boxscores/2016-01-17-houston.html (214 KB)
11:37:53   GET https://www.sports-reference.com/cbb/boxscores/2016-01-19-connecticut.html (225 KB)
11:37:56   GET https://www.sports-reference.com/cbb/boxscores/2016-01-23-connecticut.html (218 KB)
11:38:00   GET https://www.sports-reference.com/cbb/boxscores/2016-01-28-connecticut.html (214 KB)
11:38:03   GET https://www.sports-reference.com/cbb/boxscores/2016-01-31-central-florida.html (223 KB)
11:38:07   GET https://www.sports-reference.com/cbb/boxscores/2016-02-04-memphis.html (217 KB)
11:38:10   GET https://www.sports-reference.com/cbb/boxscores/2016-02-07-connecticut.html (224 KB)
11:38:14   GET https://www.sports-reference.com/cbb/boxscores/2016-02-11-temple.html (207 KB)
11:38:17   GET https://www.sports-reference.com/cbb/boxscores/2016-02-13-connecticut.html (216 KB)
11:38:21   GET https://www.sports-reference.com/cbb/boxscores/2016-02-18-connecticut.html (212 KB)
11:38:24   GET https://www.sports-reference.com/cbb/boxscores/2016-02-20-cincinnati.html (219 KB)
11:38:28   GET https://www.sports-reference.com/cbb/boxscores/2016-02-25-south-florida.html (217 KB)
11:38:31   GET https://www.sports-reference.com/cbb/boxscores/2016-02-28-connecticut.html (213 KB)
11:38:35   GET https://www.sports-reference.com/cbb/boxscores/2016-03-03-southern-methodist.html (219 KB)
11:38:39   GET https://www.sports-reference.com/cbb/boxscores/2016-03-06-connecticut.html (230 KB)
11:38:42   GET https://www.sports-reference.com/cbb/boxscores/2016-03-11-cincinnati.html (216 KB)
11:38:42   box progress 450/794
11:38:45   GET https://www.sports-reference.com/cbb/boxscores/2016-03-12-temple.html (216 KB)
11:38:49   GET https://www.sports-reference.com/cbb/boxscores/2016-03-13-connecticut.html (228 KB)
11:38:53   GET https://www.sports-reference.com/cbb/boxscores/2016-03-17-colorado.html (230 KB)
11:38:56   GET https://www.sports-reference.com/cbb/boxscores/2016-03-19-kansas.html (222 KB)
11:38:59   GET https://www.sports-reference.com/cbb/boxscores/2016-11-11-connecticut.html (221 KB)
11:39:03   GET https://www.sports-reference.com/cbb/boxscores/2016-11-14-connecticut.html (222 KB)
11:39:06   GET https://www.sports-reference.com/cbb/boxscores/2016-11-17-loyola-marymount.html (221 KB)
11:39:10   GET https://www.sports-reference.com/cbb/boxscores/2016-11-21-connecticut.html (219 KB)
11:39:13   GET https://www.sports-reference.com/cbb/boxscores/2016-11-22-chaminade.html (206 KB)
11:39:17   GET https://www.sports-reference.com/cbb/boxscores/2016-11-23-connecticut.html (213 KB)
11:39:20   GET https://www.sports-reference.com/cbb/boxscores/2016-11-30-connecticut.html (222 KB)
11:39:24   GET https://www.sports-reference.com/cbb/boxscores/2016-12-05-syracuse.html (209 KB)
11:39:27   GET https://www.sports-reference.com/cbb/boxscores/2016-12-10-ohio-state.html (220 KB)
11:39:31   GET https://www.sports-reference.com/cbb/boxscores/2016-12-18-connecticut.html (224 KB)
11:39:36   GET https://www.sports-reference.com/cbb/boxscores/2016-12-23-connecticut.html (218 KB)
11:39:38   GET https://www.sports-reference.com/cbb/boxscores/2016-12-28-connecticut.html (213 KB)
11:39:41   GET https://www.sports-reference.com/cbb/boxscores/2016-12-31-tulsa.html (215 KB)
11:39:45   GET https://www.sports-reference.com/cbb/boxscores/2017-01-05-memphis.html (207 KB)
11:39:48   GET https://www.sports-reference.com/cbb/boxscores/2017-01-08-connecticut.html (221 KB)
11:39:52   GET https://www.sports-reference.com/cbb/boxscores/2017-01-11-connecticut.html (220 KB)
11:39:55   GET https://www.sports-reference.com/cbb/boxscores/2017-01-14-georgetown.html (218 KB)
11:39:59   GET https://www.sports-reference.com/cbb/boxscores/2017-01-19-southern-methodist.html (210 KB)
11:40:02   GET https://www.sports-reference.com/cbb/boxscores/2017-01-22-connecticut.html (217 KB)
11:40:06   GET https://www.sports-reference.com/cbb/boxscores/2017-01-25-south-florida.html (213 KB)
11:40:09   GET https://www.sports-reference.com/cbb/boxscores/2017-01-28-connecticut.html (217 KB)
11:40:09   box progress 475/794
11:40:13   GET https://www.sports-reference.com/cbb/boxscores/2017-02-04-cincinnati.html (213 KB)
11:40:16   GET https://www.sports-reference.com/cbb/boxscores/2017-02-08-connecticut.html (224 KB)
11:40:20   GET https://www.sports-reference.com/cbb/boxscores/2017-02-11-central-florida.html (213 KB)
11:40:23   GET https://www.sports-reference.com/cbb/boxscores/2017-02-16-connecticut.html (209 KB)
11:40:27   GET https://www.sports-reference.com/cbb/boxscores/2017-02-19-temple.html (209 KB)
11:40:30   GET https://www.sports-reference.com/cbb/boxscores/2017-02-22-houston.html (212 KB)
11:40:34   GET https://www.sports-reference.com/cbb/boxscores/2017-02-25-connecticut.html (210 KB)
11:40:37   GET https://www.sports-reference.com/cbb/boxscores/2017-03-01-east-carolina.html (207 KB)
11:40:41   GET https://www.sports-reference.com/cbb/boxscores/2017-03-05-connecticut.html (218 KB)
11:40:44   GET https://www.sports-reference.com/cbb/boxscores/2017-03-09-connecticut.html (211 KB)
11:40:48   GET https://www.sports-reference.com/cbb/boxscores/2017-03-10-houston.html (213 KB)
11:40:51   GET https://www.sports-reference.com/cbb/boxscores/2017-03-11-cincinnati.html (219 KB)
11:40:55   GET https://www.sports-reference.com/cbb/boxscores/2017-11-10-19-connecticut.html (226 KB)
11:40:58   GET https://www.sports-reference.com/cbb/boxscores/2017-11-14-19-connecticut.html (222 KB)
11:41:02   GET https://www.sports-reference.com/cbb/boxscores/2017-11-19-18-connecticut.html (234 KB)
11:41:05   GET https://www.sports-reference.com/cbb/boxscores/2017-11-23-21-oregon.html (220 KB)
11:41:09   GET https://www.sports-reference.com/cbb/boxscores/2017-11-25-00-michigan-state.html (224 KB)
11:41:12   GET https://www.sports-reference.com/cbb/boxscores/2017-11-26-15-connecticut.html (233 KB)
11:41:16   GET https://www.sports-reference.com/cbb/boxscores/2017-11-29-19-connecticut.html (221 KB)
11:41:19   GET https://www.sports-reference.com/cbb/boxscores/2017-12-02-16-connecticut.html (232 KB)
11:41:23   GET https://www.sports-reference.com/cbb/boxscores/2017-12-05-21-connecticut.html (217 KB)
11:41:26   GET https://www.sports-reference.com/cbb/boxscores/2017-12-09-14-connecticut.html (225 KB)
11:41:30   GET https://www.sports-reference.com/cbb/boxscores/2017-12-21-21-arizona.html (223 KB)
11:41:33   GET https://www.sports-reference.com/cbb/boxscores/2017-12-23-14-auburn.html (236 KB)
11:41:37   GET https://www.sports-reference.com/cbb/boxscores/2017-12-30-12-connecticut.html (219 KB)
11:41:37   box progress 500/794
11:41:40   GET https://www.sports-reference.com/cbb/boxscores/2018-01-03-19-tulsa.html (219 KB)
11:41:44   GET https://www.sports-reference.com/cbb/boxscores/2018-01-06-12-connecticut.html (217 KB)
11:41:47   GET https://www.sports-reference.com/cbb/boxscores/2018-01-10-19-connecticut.html (214 KB)
11:41:51   GET https://www.sports-reference.com/cbb/boxscores/2018-01-13-13-tulane.html (222 KB)
11:41:54   GET https://www.sports-reference.com/cbb/boxscores/2018-01-16-21-memphis.html (225 KB)
11:41:58   GET https://www.sports-reference.com/cbb/boxscores/2018-01-20-12-connecticut.html (220 KB)
11:42:01   GET https://www.sports-reference.com/cbb/boxscores/2018-01-25-19-connecticut.html (213 KB)
11:42:05   GET https://www.sports-reference.com/cbb/boxscores/2018-01-28-20-temple.html (220 KB)
11:42:08   GET https://www.sports-reference.com/cbb/boxscores/2018-01-31-21-central-florida.html (218 KB)
11:42:12   GET https://www.sports-reference.com/cbb/boxscores/2018-02-03-12-connecticut.html (217 KB)
11:42:15   GET https://www.sports-reference.com/cbb/boxscores/2018-02-07-19-connecticut.html (213 KB)
11:42:19   GET https://www.sports-reference.com/cbb/boxscores/2018-02-10-18-wichita-state.html (230 KB)
11:42:22   GET https://www.sports-reference.com/cbb/boxscores/2018-02-15-19-connecticut.html (221 KB)
11:42:26   GET https://www.sports-reference.com/cbb/boxscores/2018-02-18-15-east-carolina.html (212 KB)
11:42:29   GET https://www.sports-reference.com/cbb/boxscores/2018-02-22-19-cincinnati.html (225 KB)
11:42:33   GET https://www.sports-reference.com/cbb/boxscores/2018-02-25-16-connecticut.html (220 KB)
11:42:36   GET https://www.sports-reference.com/cbb/boxscores/2018-02-28-19-connecticut.html (216 KB)
11:42:40   GET https://www.sports-reference.com/cbb/boxscores/2018-03-04-16-houston.html (223 KB)
11:42:43   GET https://www.sports-reference.com/cbb/boxscores/2018-03-08-12-connecticut.html (216 KB)
11:42:47   GET https://www.sports-reference.com/cbb/boxscores/2018-11-08-19-connecticut.html (219 KB)
11:42:50   GET https://www.sports-reference.com/cbb/boxscores/2018-11-11-17-connecticut.html (228 KB)
11:42:54   GET https://www.sports-reference.com/cbb/boxscores/2018-11-15-19-connecticut.html (217 KB)
11:42:57   GET https://www.sports-reference.com/cbb/boxscores/2018-11-16-18-iowa.html (226 KB)
11:43:01   GET https://www.sports-reference.com/cbb/boxscores/2018-11-20-19-connecticut.html (234 KB)
11:43:04   GET https://www.sports-reference.com/cbb/boxscores/2018-11-24-12-connecticut.html (234 KB)
11:43:04   box progress 525/794
11:43:08   GET https://www.sports-reference.com/cbb/boxscores/2018-11-27-19-connecticut.html (227 KB)
11:43:11   GET https://www.sports-reference.com/cbb/boxscores/2018-12-02-13-connecticut.html (219 KB)
11:43:15   GET https://www.sports-reference.com/cbb/boxscores/2018-12-05-18-connecticut.html (238 KB)
11:43:18   GET https://www.sports-reference.com/cbb/boxscores/2018-12-08-18-connecticut.html (224 KB)
11:43:22   GET https://www.sports-reference.com/cbb/boxscores/2018-12-15-20-connecticut.html (237 KB)
11:43:25   GET https://www.sports-reference.com/cbb/boxscores/2018-12-18-19-connecticut.html (229 KB)
11:43:29   GET https://www.sports-reference.com/cbb/boxscores/2018-12-22-12-villanova.html (231 KB)
11:43:32   GET https://www.sports-reference.com/cbb/boxscores/2019-01-02-20-south-florida.html (218 KB)
11:43:36   GET https://www.sports-reference.com/cbb/boxscores/2019-01-05-12-connecticut.html (215 KB)
11:43:39   GET https://www.sports-reference.com/cbb/boxscores/2019-01-10-19-connecticut.html (215 KB)
11:43:43   GET https://www.sports-reference.com/cbb/boxscores/2019-01-12-20-cincinnati.html (218 KB)
11:43:47   GET https://www.sports-reference.com/cbb/boxscores/2019-01-16-19-tulsa.html (215 KB)
11:43:50   GET https://www.sports-reference.com/cbb/boxscores/2019-01-19-14-connecticut.html (219 KB)
11:43:54   GET https://www.sports-reference.com/cbb/boxscores/2019-01-26-18-connecticut.html (228 KB)
11:43:57   GET https://www.sports-reference.com/cbb/boxscores/2019-01-31-21-central-florida.html (215 KB)
11:44:01   GET https://www.sports-reference.com/cbb/boxscores/2019-02-03-14-connecticut.html (224 KB)
11:44:04   GET https://www.sports-reference.com/cbb/boxscores/2019-02-06-18-temple.html (221 KB)
11:44:08   GET https://www.sports-reference.com/cbb/boxscores/2019-02-10-14-memphis.html (213 KB)
11:44:11   GET https://www.sports-reference.com/cbb/boxscores/2019-02-14-19-connecticut.html (214 KB)
11:44:15   GET https://www.sports-reference.com/cbb/boxscores/2019-02-21-21-southern-methodist.html (217 KB)
11:44:18   GET https://www.sports-reference.com/cbb/boxscores/2019-02-24-14-connecticut.html (217 KB)
11:44:22   GET https://www.sports-reference.com/cbb/boxscores/2019-02-28-19-wichita-state.html (215 KB)
11:44:25   GET https://www.sports-reference.com/cbb/boxscores/2019-03-03-12-connecticut.html (216 KB)
11:44:29   GET https://www.sports-reference.com/cbb/boxscores/2019-03-07-19-connecticut.html (213 KB)
11:44:32   GET https://www.sports-reference.com/cbb/boxscores/2019-03-10-14-east-carolina.html (213 KB)
11:44:32   box progress 550/794
11:44:36   GET https://www.sports-reference.com/cbb/boxscores/2019-03-14-13-south-florida.html (216 KB)
11:44:39   GET https://www.sports-reference.com/cbb/boxscores/2019-03-15-12-houston.html (222 KB)
11:44:43   GET https://www.sports-reference.com/cbb/boxscores/2019-11-08-19-connecticut.html (219 KB)
11:44:46   GET https://www.sports-reference.com/cbb/boxscores/2019-11-13-19-connecticut.html (218 KB)
11:44:50   GET https://www.sports-reference.com/cbb/boxscores/2019-11-17-15-connecticut.html (217 KB)
11:44:53   GET https://www.sports-reference.com/cbb/boxscores/2019-11-21-21-connecticut.html (222 KB)
11:44:57   GET https://www.sports-reference.com/cbb/boxscores/2019-11-22-21-connecticut.html (219 KB)
11:45:00   GET https://www.sports-reference.com/cbb/boxscores/2019-11-24-13-connecticut.html (226 KB)
11:45:04   GET https://www.sports-reference.com/cbb/boxscores/2019-12-01-13-connecticut.html (224 KB)
11:45:07   GET https://www.sports-reference.com/cbb/boxscores/2019-12-04-19-connecticut.html (220 KB)
11:45:11   GET https://www.sports-reference.com/cbb/boxscores/2019-12-10-21-connecticut.html (222 KB)
11:45:14   GET https://www.sports-reference.com/cbb/boxscores/2019-12-18-19-connecticut.html (226 KB)
11:45:18   GET https://www.sports-reference.com/cbb/boxscores/2019-12-22-13-connecticut.html (222 KB)
11:45:21   GET https://www.sports-reference.com/cbb/boxscores/2019-12-29-13-connecticut.html (226 KB)
11:45:25   GET https://www.sports-reference.com/cbb/boxscores/2020-01-01-19-cincinnati.html (217 KB)
11:45:28   GET https://www.sports-reference.com/cbb/boxscores/2020-01-04-14-south-florida.html (223 KB)
11:45:32   GET https://www.sports-reference.com/cbb/boxscores/2020-01-08-21-connecticut.html (213 KB)
11:45:35   GET https://www.sports-reference.com/cbb/boxscores/2020-01-12-12-connecticut.html (217 KB)
11:45:39   GET https://www.sports-reference.com/cbb/boxscores/2020-01-18-12-villanova.html (214 KB)
11:45:42   GET https://www.sports-reference.com/cbb/boxscores/2020-01-23-21-houston.html (218 KB)
11:45:46   GET https://www.sports-reference.com/cbb/boxscores/2020-01-26-12-connecticut.html (214 KB)
11:45:49   GET https://www.sports-reference.com/cbb/boxscores/2020-01-29-19-connecticut.html (217 KB)
11:45:53   GET https://www.sports-reference.com/cbb/boxscores/2020-02-01-13-memphis.html (214 KB)
11:45:56   GET https://www.sports-reference.com/cbb/boxscores/2020-02-06-19-tulsa.html (213 KB)
11:46:00   GET https://www.sports-reference.com/cbb/boxscores/2020-02-09-12-connecticut.html (215 KB)
11:46:00   box progress 575/794
11:46:03   GET https://www.sports-reference.com/cbb/boxscores/2020-02-12-19-southern-methodist.html (216 KB)
11:46:07   GET https://www.sports-reference.com/cbb/boxscores/2020-02-16-15-connecticut.html (215 KB)
11:46:10   GET https://www.sports-reference.com/cbb/boxscores/2020-02-20-19-temple.html (213 KB)
11:46:14   GET https://www.sports-reference.com/cbb/boxscores/2020-02-23-14-connecticut.html (215 KB)
11:46:17   GET https://www.sports-reference.com/cbb/boxscores/2020-02-26-19-connecticut.html (214 KB)
11:46:21   GET https://www.sports-reference.com/cbb/boxscores/2020-02-29-14-east-carolina.html (222 KB)
11:46:24   GET https://www.sports-reference.com/cbb/boxscores/2020-03-05-19-connecticut.html (214 KB)
11:46:28   GET https://www.sports-reference.com/cbb/boxscores/2020-03-08-16-tulane.html (213 KB)
11:46:31   GET https://www.sports-reference.com/cbb/boxscores/2020-11-25-20-connecticut.html (227 KB)
11:46:35   GET https://www.sports-reference.com/cbb/boxscores/2020-11-27-20-connecticut.html (219 KB)
11:46:38   GET https://www.sports-reference.com/cbb/boxscores/2020-12-03-19-southern-california.html (218 KB)
11:46:42   GET https://www.sports-reference.com/cbb/boxscores/2020-12-20-12-connecticut.html (218 KB)
11:46:45   GET https://www.sports-reference.com/cbb/boxscores/2020-12-30-21-connecticut.html (221 KB)
11:46:49   GET https://www.sports-reference.com/cbb/boxscores/2021-01-05-21-marquette.html (211 KB)
11:46:52   GET https://www.sports-reference.com/cbb/boxscores/2021-01-09-16-butler.html (215 KB)
11:46:56   GET https://www.sports-reference.com/cbb/boxscores/2021-01-11-18-depaul.html (213 KB)
11:46:59   GET https://www.sports-reference.com/cbb/boxscores/2021-01-18-14-connecticut.html (218 KB)
11:47:03   GET https://www.sports-reference.com/cbb/boxscores/2021-01-23-12-creighton.html (211 KB)
11:47:06   GET https://www.sports-reference.com/cbb/boxscores/2021-01-26-20-connecticut.html (209 KB)
11:47:10   GET https://www.sports-reference.com/cbb/boxscores/2021-02-06-12-connecticut.html (213 KB)
11:47:13   GET https://www.sports-reference.com/cbb/boxscores/2021-02-10-16-providence.html (214 KB)
11:47:17   GET https://www.sports-reference.com/cbb/boxscores/2021-02-13-12-xavier.html (213 KB)
11:47:20   GET https://www.sports-reference.com/cbb/boxscores/2021-02-16-18-connecticut.html (214 KB)
11:47:24   GET https://www.sports-reference.com/cbb/boxscores/2021-02-20-13-villanova.html (210 KB)
11:47:27   GET https://www.sports-reference.com/cbb/boxscores/2021-02-23-21-georgetown.html (216 KB)
11:47:27   box progress 600/794
11:47:31   GET https://www.sports-reference.com/cbb/boxscores/2021-02-27-14-connecticut.html (217 KB)
11:47:34   GET https://www.sports-reference.com/cbb/boxscores/2021-03-03-18-seton-hall.html (213 KB)
11:47:38   GET https://www.sports-reference.com/cbb/boxscores/2021-03-06-12-connecticut.html (228 KB)
11:47:41   GET https://www.sports-reference.com/cbb/boxscores/2021-03-11-21-connecticut.html (230 KB)
11:47:45   GET https://www.sports-reference.com/cbb/boxscores/2021-03-12-21-creighton.html (214 KB)
11:47:48   GET https://www.sports-reference.com/cbb/boxscores/2021-03-20-19-connecticut.html (222 KB)
11:47:52   GET https://www.sports-reference.com/cbb/boxscores/2021-11-09-18-connecticut.html (235 KB)
11:47:56   GET https://www.sports-reference.com/cbb/boxscores/2021-11-13-12-connecticut.html (236 KB)
11:47:59   GET https://www.sports-reference.com/cbb/boxscores/2021-11-17-18-connecticut.html (231 KB)
11:48:02   GET https://www.sports-reference.com/cbb/boxscores/2021-11-20-12-connecticut.html (236 KB)
11:48:06   GET https://www.sports-reference.com/cbb/boxscores/2021-11-24-14-auburn.html (220 KB)
11:48:09   GET https://www.sports-reference.com/cbb/boxscores/2021-11-25-12-michigan-state.html (217 KB)
11:48:13   GET https://www.sports-reference.com/cbb/boxscores/2021-11-26-13-connecticut.html (221 KB)
11:48:16   GET https://www.sports-reference.com/cbb/boxscores/2021-11-30-19-connecticut.html (217 KB)
11:48:20   GET https://www.sports-reference.com/cbb/boxscores/2021-12-04-16-connecticut.html (231 KB)
11:48:23   GET https://www.sports-reference.com/cbb/boxscores/2021-12-08-19-west-virginia.html (216 KB)
11:48:27   GET https://www.sports-reference.com/cbb/boxscores/2021-12-11-16-connecticut.html (215 KB)
11:48:30   GET https://www.sports-reference.com/cbb/boxscores/2021-12-18-17-connecticut.html (212 KB)
11:48:34   GET https://www.sports-reference.com/cbb/boxscores/2021-12-21-21-marquette.html (214 KB)
11:48:37   GET https://www.sports-reference.com/cbb/boxscores/2022-01-08-12-seton-hall.html (213 KB)
11:48:41   GET https://www.sports-reference.com/cbb/boxscores/2022-01-12-20-connecticut.html (215 KB)
11:48:44   GET https://www.sports-reference.com/cbb/boxscores/2022-01-18-19-connecticut.html (228 KB)
11:48:48   GET https://www.sports-reference.com/cbb/boxscores/2022-01-20-21-butler.html (214 KB)
11:48:52   GET https://www.sports-reference.com/cbb/boxscores/2022-01-25-20-connecticut.html (229 KB)
11:48:55   GET https://www.sports-reference.com/cbb/boxscores/2022-01-29-18-depaul.html (213 KB)
11:48:55   box progress 625/794
11:48:59   GET https://www.sports-reference.com/cbb/boxscores/2022-02-01-18-connecticut.html (213 KB)
11:49:02   GET https://www.sports-reference.com/cbb/boxscores/2022-02-05-12-villanova.html (213 KB)
11:49:06   GET https://www.sports-reference.com/cbb/boxscores/2022-02-08-18-connecticut.html (215 KB)
11:49:09   GET https://www.sports-reference.com/cbb/boxscores/2022-02-11-19-xavier.html (209 KB)
11:49:13   GET https://www.sports-reference.com/cbb/boxscores/2022-02-13-12-st-johns-ny.html (214 KB)
11:49:16   GET https://www.sports-reference.com/cbb/boxscores/2022-02-16-20-connecticut.html (211 KB)
11:49:20   GET https://www.sports-reference.com/cbb/boxscores/2022-02-19-12-connecticut.html (213 KB)
11:49:23   GET https://www.sports-reference.com/cbb/boxscores/2022-02-22-20-connecticut.html (207 KB)
11:49:27   GET https://www.sports-reference.com/cbb/boxscores/2022-02-27-12-georgetown.html (223 KB)
11:49:30   GET https://www.sports-reference.com/cbb/boxscores/2022-03-02-20-creighton.html (211 KB)
11:49:34   GET https://www.sports-reference.com/cbb/boxscores/2022-03-05-17-connecticut.html (212 KB)
11:49:37   GET https://www.sports-reference.com/cbb/boxscores/2022-03-10-21-connecticut.html (220 KB)
11:49:41   GET https://www.sports-reference.com/cbb/boxscores/2022-03-11-21-villanova.html (206 KB)
11:49:44   GET https://www.sports-reference.com/cbb/boxscores/2022-03-17-18-connecticut.html (221 KB)
11:49:48   GET https://www.sports-reference.com/cbb/boxscores/2022-11-07-19-connecticut.html (244 KB)
11:49:51   GET https://www.sports-reference.com/cbb/boxscores/2022-11-11-18-connecticut.html (233 KB)
11:49:55   GET https://www.sports-reference.com/cbb/boxscores/2022-11-15-19-connecticut.html (222 KB)
11:49:58   GET https://www.sports-reference.com/cbb/boxscores/2022-11-18-20-connecticut.html (237 KB)
11:50:02   GET https://www.sports-reference.com/cbb/boxscores/2022-11-20-17-connecticut.html (232 KB)
11:50:05   GET https://www.sports-reference.com/cbb/boxscores/2022-11-24-20-oregon.html (234 KB)
11:50:09   GET https://www.sports-reference.com/cbb/boxscores/2022-11-25-22-alabama.html (227 KB)
11:50:12   GET https://www.sports-reference.com/cbb/boxscores/2022-11-27-22-connecticut.html (217 KB)
11:50:16   GET https://www.sports-reference.com/cbb/boxscores/2022-12-01-18-connecticut.html (215 KB)
11:50:19   GET https://www.sports-reference.com/cbb/boxscores/2022-12-07-21-florida.html (228 KB)
11:50:23   GET https://www.sports-reference.com/cbb/boxscores/2022-12-10-12-connecticut.html (230 KB)
11:50:23   box progress 650/794
11:50:26   GET https://www.sports-reference.com/cbb/boxscores/2022-12-17-19-butler.html (213 KB)
11:50:30   GET https://www.sports-reference.com/cbb/boxscores/2022-12-20-18-connecticut.html (217 KB)
11:50:33   GET https://www.sports-reference.com/cbb/boxscores/2022-12-28-18-connecticut.html (216 KB)
11:50:37   GET https://www.sports-reference.com/cbb/boxscores/2022-12-31-12-xavier.html (212 KB)
11:50:40   GET https://www.sports-reference.com/cbb/boxscores/2023-01-04-20-providence.html (217 KB)
11:50:44   GET https://www.sports-reference.com/cbb/boxscores/2023-01-07-12-connecticut.html (216 KB)
11:50:47   GET https://www.sports-reference.com/cbb/boxscores/2023-01-11-19-marquette.html (214 KB)
11:50:51   GET https://www.sports-reference.com/cbb/boxscores/2023-01-15-12-connecticut.html (218 KB)
11:50:54   GET https://www.sports-reference.com/cbb/boxscores/2023-01-18-18-seton-hall.html (213 KB)
11:50:58   GET https://www.sports-reference.com/cbb/boxscores/2023-01-22-12-connecticut.html (233 KB)
11:51:01   GET https://www.sports-reference.com/cbb/boxscores/2023-01-25-18-connecticut.html (210 KB)
11:51:05   GET https://www.sports-reference.com/cbb/boxscores/2023-01-31-20-depaul.html (215 KB)
11:51:08   GET https://www.sports-reference.com/cbb/boxscores/2023-02-04-12-georgetown.html (217 KB)
11:51:12   GET https://www.sports-reference.com/cbb/boxscores/2023-02-07-18-connecticut.html (214 KB)
11:51:15   GET https://www.sports-reference.com/cbb/boxscores/2023-02-11-14-creighton.html (213 KB)
11:51:19   GET https://www.sports-reference.com/cbb/boxscores/2023-02-18-12-connecticut.html (213 KB)
11:51:22   GET https://www.sports-reference.com/cbb/boxscores/2023-02-22-18-connecticut.html (219 KB)
11:51:26   GET https://www.sports-reference.com/cbb/boxscores/2023-02-25-12-st-johns-ny.html (210 KB)
11:51:29   GET https://www.sports-reference.com/cbb/boxscores/2023-03-01-19-connecticut.html (223 KB)
11:51:33   GET https://www.sports-reference.com/cbb/boxscores/2023-03-04-19-villanova.html (221 KB)
11:51:36   GET https://www.sports-reference.com/cbb/boxscores/2023-03-09-14-connecticut.html (215 KB)
11:51:40   GET https://www.sports-reference.com/cbb/boxscores/2023-03-10-18-marquette.html (214 KB)
11:51:43   GET https://www.sports-reference.com/cbb/boxscores/2023-03-17-16-connecticut.html (240 KB)
11:51:47   GET https://www.sports-reference.com/cbb/boxscores/2023-03-19-18-connecticut.html (235 KB)
11:51:50   GET https://www.sports-reference.com/cbb/boxscores/2023-03-23-19-connecticut.html (241 KB)
11:51:50   box progress 675/794
11:51:54   GET https://www.sports-reference.com/cbb/boxscores/2023-03-25-20-gonzaga.html (231 KB)
11:51:57   GET https://www.sports-reference.com/cbb/boxscores/2023-04-01-21-connecticut.html (231 KB)
11:52:01   GET https://www.sports-reference.com/cbb/boxscores/2023-04-03-21-connecticut.html (233 KB)
11:52:04   GET https://www.sports-reference.com/cbb/boxscores/2023-11-06-18-connecticut.html (238 KB)
11:52:08   GET https://www.sports-reference.com/cbb/boxscores/2023-11-11-12-connecticut.html (238 KB)
11:52:11   GET https://www.sports-reference.com/cbb/boxscores/2023-11-14-19-connecticut.html (233 KB)
11:52:15   GET https://www.sports-reference.com/cbb/boxscores/2023-11-19-13-indiana.html (229 KB)
11:52:18   GET https://www.sports-reference.com/cbb/boxscores/2023-11-20-19-texas.html (212 KB)
11:52:22   GET https://www.sports-reference.com/cbb/boxscores/2023-11-24-14-connecticut.html (235 KB)
11:52:25   GET https://www.sports-reference.com/cbb/boxscores/2023-11-27-19-connecticut.html (224 KB)
11:52:29   GET https://www.sports-reference.com/cbb/boxscores/2023-12-01-21-kansas.html (212 KB)
11:52:32   GET https://www.sports-reference.com/cbb/boxscores/2023-12-05-21-north-carolina.html (220 KB)
11:52:36   GET https://www.sports-reference.com/cbb/boxscores/2023-12-09-12-connecticut.html (236 KB)
11:52:39   GET https://www.sports-reference.com/cbb/boxscores/2023-12-15-22-gonzaga.html (212 KB)
11:52:43   GET https://www.sports-reference.com/cbb/boxscores/2023-12-20-19-seton-hall.html (227 KB)
11:52:46   GET https://www.sports-reference.com/cbb/boxscores/2023-12-23-20-connecticut.html (215 KB)
11:52:50   GET https://www.sports-reference.com/cbb/boxscores/2024-01-02-18-connecticut.html (225 KB)
11:52:53   GET https://www.sports-reference.com/cbb/boxscores/2024-01-05-18-butler.html (213 KB)
11:52:57   GET https://www.sports-reference.com/cbb/boxscores/2024-01-10-20-xavier.html (212 KB)
11:53:00   GET https://www.sports-reference.com/cbb/boxscores/2024-01-14-00-connecticut.html (211 KB)
11:53:04   GET https://www.sports-reference.com/cbb/boxscores/2024-01-17-19-connecticut.html (225 KB)
11:53:07   GET https://www.sports-reference.com/cbb/boxscores/2024-01-20-20-villanova.html (215 KB)
11:53:11   GET https://www.sports-reference.com/cbb/boxscores/2024-01-28-12-connecticut.html (230 KB)
11:53:15   GET https://www.sports-reference.com/cbb/boxscores/2024-01-31-20-connecticut.html (214 KB)
11:53:18   GET https://www.sports-reference.com/cbb/boxscores/2024-02-03-12-st-johns-ny.html (215 KB)
11:53:18   box progress 700/794
11:53:22   GET https://www.sports-reference.com/cbb/boxscores/2024-02-06-20-connecticut.html (216 KB)
11:53:25   GET https://www.sports-reference.com/cbb/boxscores/2024-02-10-12-georgetown.html (230 KB)
11:53:29   GET https://www.sports-reference.com/cbb/boxscores/2024-02-14-21-depaul.html (225 KB)
11:53:32   GET https://www.sports-reference.com/cbb/boxscores/2024-02-17-15-connecticut.html (223 KB)
11:53:36   GET https://www.sports-reference.com/cbb/boxscores/2024-02-20-20-creighton.html (212 KB)
11:53:39   GET https://www.sports-reference.com/cbb/boxscores/2024-02-24-20-connecticut.html (219 KB)
11:53:43   GET https://www.sports-reference.com/cbb/boxscores/2024-03-03-12-connecticut.html (228 KB)
11:53:46   GET https://www.sports-reference.com/cbb/boxscores/2024-03-06-20-marquette.html (212 KB)
11:53:50   GET https://www.sports-reference.com/cbb/boxscores/2024-03-09-00-providence.html (222 KB)
11:53:53   GET https://www.sports-reference.com/cbb/boxscores/2024-03-14-12-connecticut.html (230 KB)
11:53:57   GET https://www.sports-reference.com/cbb/boxscores/2024-03-15-17-connecticut.html (218 KB)
11:54:00   GET https://www.sports-reference.com/cbb/boxscores/2024-03-16-18-connecticut.html (209 KB)
11:54:04   GET https://www.sports-reference.com/cbb/boxscores/2024-03-22-14-connecticut.html (240 KB)
11:54:07   GET https://www.sports-reference.com/cbb/boxscores/2024-03-24-19-connecticut.html (233 KB)
11:54:11   GET https://www.sports-reference.com/cbb/boxscores/2024-03-28-19-connecticut.html (239 KB)
11:54:14   GET https://www.sports-reference.com/cbb/boxscores/2024-03-30-00-connecticut.html (231 KB)
11:54:18   GET https://www.sports-reference.com/cbb/boxscores/2024-04-06-01-connecticut.html (222 KB)
11:54:21   GET https://www.sports-reference.com/cbb/boxscores/2024-04-08-21-purdue.html (228 KB)
11:54:25   GET https://www.sports-reference.com/cbb/boxscores/2024-11-06-19-connecticut.html (227 KB)
11:54:28   GET https://www.sports-reference.com/cbb/boxscores/2024-11-09-20-connecticut.html (228 KB)
11:54:32   GET https://www.sports-reference.com/cbb/boxscores/2024-11-13-19-connecticut.html (223 KB)
11:54:35   GET https://www.sports-reference.com/cbb/boxscores/2024-11-19-00-connecticut.html (229 KB)
11:54:39   GET https://www.sports-reference.com/cbb/boxscores/2024-11-25-14-connecticut.html (216 KB)
11:54:42   GET https://www.sports-reference.com/cbb/boxscores/2024-11-26-15-colorado.html (226 KB)
11:54:46   GET https://www.sports-reference.com/cbb/boxscores/2024-11-28-00-dayton.html (224 KB)
11:54:46   box progress 725/794
11:54:49   GET https://www.sports-reference.com/cbb/boxscores/2024-11-30-00-connecticut.html (225 KB)
11:54:53   GET https://www.sports-reference.com/cbb/boxscores/2024-12-04-00-connecticut.html (212 KB)
11:54:56   GET https://www.sports-reference.com/cbb/boxscores/2024-12-08-17-texas.html (218 KB)
11:55:00   GET https://www.sports-reference.com/cbb/boxscores/2024-12-14-20-gonzaga.html (225 KB)
11:55:03   GET https://www.sports-reference.com/cbb/boxscores/2024-12-18-00-connecticut.html (213 KB)
11:55:07   GET https://www.sports-reference.com/cbb/boxscores/2024-12-21-12-butler.html (215 KB)
11:55:10   GET https://www.sports-reference.com/cbb/boxscores/2025-01-01-01-depaul.html (212 KB)
11:55:14   GET https://www.sports-reference.com/cbb/boxscores/2025-01-05-00-connecticut.html (212 KB)
11:55:17   GET https://www.sports-reference.com/cbb/boxscores/2025-01-08-18-villanova.html (213 KB)
11:55:21   GET https://www.sports-reference.com/cbb/boxscores/2025-01-11-00-georgetown.html (216 KB)
11:55:24   GET https://www.sports-reference.com/cbb/boxscores/2025-01-18-00-connecticut.html (215 KB)
11:55:28   GET https://www.sports-reference.com/cbb/boxscores/2025-01-21-00-connecticut.html (215 KB)
11:55:31   GET https://www.sports-reference.com/cbb/boxscores/2025-01-25-20-xavier.html (213 KB)
11:55:35   GET https://www.sports-reference.com/cbb/boxscores/2025-01-29-00-connecticut.html (214 KB)
11:55:38   GET https://www.sports-reference.com/cbb/boxscores/2025-02-01-01-marquette.html (215 KB)
11:55:42   GET https://www.sports-reference.com/cbb/boxscores/2025-02-07-00-connecticut.html (216 KB)
11:55:45   GET https://www.sports-reference.com/cbb/boxscores/2025-02-11-21-creighton.html (219 KB)
11:55:49   GET https://www.sports-reference.com/cbb/boxscores/2025-02-15-00-seton-hall.html (216 KB)
11:55:52   GET https://www.sports-reference.com/cbb/boxscores/2025-02-18-00-connecticut.html (217 KB)
11:55:57   GET https://www.sports-reference.com/cbb/boxscores/2025-02-23-00-st-johns-ny.html (219 KB)
11:56:02   GET https://www.sports-reference.com/cbb/boxscores/2025-02-26-00-connecticut.html (213 KB)
11:56:07   GET https://www.sports-reference.com/cbb/boxscores/2025-03-01-00-providence.html (225 KB)
